
 Start         Length     Name                   Class
 0001:00401000 000B4100H .text                   CODE
 0002:004B6000 000008BCH .itext                  ICODE
 0003:004B7000 00006E00H .data                   DATA
 0004:004BE000 000071F8H .bss                    BSS
 0005:00000000 000001A8H .tls                    TLS


Detailed map of segments

 0001:00000000 00006155 C=CODE     S=.text    G=(none)   M=System   ACBP=A9
 0001:00006158 00000105 C=CODE     S=.text    G=(none)   M=SysInit  ACBP=A9
 0001:00006260 00000300 C=CODE     S=.text    G=(none)   M=SysConst ACBP=A9
 0001:00006560 00000058 C=CODE     S=.text    G=(none)   M=Types    ACBP=A9
 0001:000065B8 00000F38 C=CODE     S=.text    G=(none)   M=Windows  ACBP=A9
 0001:000074F0 000075B8 C=CODE     S=.text    G=(none)   M=SysUtils ACBP=A9
 0001:0000EAA8 000007EE C=CODE     S=.text    G=(none)   M=VarUtils ACBP=A9
 0001:0000F298 00002990 C=CODE     S=.text    G=(none)   M=Variants ACBP=A9
 0001:00011C28 00000108 C=CODE     S=.text    G=(none)   M=RTLConsts ACBP=A9
 0001:00011D30 00000BCB C=CODE     S=.text    G=(none)   M=TypInfo  ACBP=A9
 0001:000128FC 0000A6C5 C=CODE     S=.text    G=(none)   M=Classes  ACBP=A9
 0001:0001CFC4 0000293C C=CODE     S=.text    G=(none)   M=EConsts  ACBP=A9
 0001:0001F900 00004658 C=CODE     S=.text    G=(none)   M=ECore    ACBP=A9
 0001:00023F58 000046D1 C=CODE     S=.text    G=(none)   M=EDebug   ACBP=A9
 0001:0002862C 00001E41 C=CODE     S=.text    G=(none)   M=ELeaks   ACBP=A9
 0001:0002A470 00007441 C=CODE     S=.text    G=(none)   M=EDisAsm  ACBP=A9
 0001:000318B4 00000AD1 C=CODE     S=.text    G=(none)   M=EHash    ACBP=A9
 0001:00032388 000012F6 C=CODE     S=.text    G=(none)   M=EListView ACBP=A9
 0001:00033680 00000332 C=CODE     S=.text    G=(none)   M=EEncrypt ACBP=A9
 0001:000339B4 000002AC C=CODE     S=.text    G=(none)   M=EBase64  ACBP=A9
 0001:00033C60 00000571 C=CODE     S=.text    G=(none)   M=EXMLBuilder ACBP=A9
 0001:000341D4 000045CE C=CODE     S=.text    G=(none)   M=ELogManager ACBP=A9
 0001:000387A4 00007BB6 C=CODE     S=.text    G=(none)   M=EWebTools ACBP=A9
 0001:0004035C 00007B8C C=CODE     S=.text    G=(none)   M=EZlib2   ACBP=A9
 0001:00047EE8 00000119 C=CODE     S=.text    G=(none)   M=EZip     ACBP=A9
 0001:00048004 00000066 C=CODE     S=.text    G=(none)   M=WinSock  ACBP=A9
 0001:0004806C 000016E4 C=CODE     S=.text    G=(none)   M=ESockets ACBP=A9
 0001:00049750 000000B0 C=CODE     S=.text    G=(none)   M=ELang    ACBP=A9
 0001:00049800 0000152C C=CODE     S=.text    G=(none)   M=EHook    ACBP=A9
 0001:0004AD2C 00000006 C=CODE     S=.text    G=(none)   M=ShellAPI ACBP=A9
 0001:0004AD34 00029638 C=CODE     S=.text    G=(none)   M=ExceptionLog ACBP=A9
 0001:0007436C 00000275 C=CODE     S=.text    G=(none)   M=Contnrs  ACBP=A9
 0001:000745E4 00001100 C=CODE     S=.text    G=(none)   M=HelpIntfs ACBP=A9
 0001:000756E4 00000772 C=CODE     S=.text    G=(none)   M=MultiMon ACBP=A9
 0001:00075E58 0000014A C=CODE     S=.text    G=(none)   M=CommCtrl ACBP=A9
 0001:00075FA4 00000298 C=CODE     S=.text    G=(none)   M=Consts   ACBP=A9
 0001:0007623C 0000005D C=CODE     S=.text    G=(none)   M=IniFiles ACBP=A9
 0001:0007629C 000005AD C=CODE     S=.text    G=(none)   M=Registry ACBP=A9
 0001:0007684C 00007556 C=CODE     S=.text    G=(none)   M=Graphics ACBP=A9
 0001:0007DDA4 0000016A C=CODE     S=.text    G=(none)   M=SyncObjs ACBP=A9
 0001:0007DF10 0000099D C=CODE     S=.text    G=(none)   M=UxTheme  ACBP=A9
 0001:0007E8B0 00002630 C=CODE     S=.text    G=(none)   M=StdCtrls ACBP=A9
 0001:00080EE0 0000003A C=CODE     S=.text    G=(none)   M=Printers ACBP=A9
 0001:00080F1C 00000D59 C=CODE     S=.text    G=(none)   M=GraphUtil ACBP=A9
 0001:00081C78 00000316 C=CODE     S=.text    G=(none)   M=ExtCtrls ACBP=A9
 0001:00081F90 00000674 C=CODE     S=.text    G=(none)   M=Dialogs  ACBP=A9
 0001:00082604 0000003A C=CODE     S=.text    G=(none)   M=Clipbrd  ACBP=A9
 0001:00082640 0000012D C=CODE     S=.text    G=(none)   M=StdActns ACBP=A9
 0001:00082770 0000030E C=CODE     S=.text    G=(none)   M=FlatSB   ACBP=A9
 0001:00082A80 00000C86 C=CODE     S=.text    G=(none)   M=Themes   ACBP=A9
 0001:00083708 00006A81 C=CODE     S=.text    G=(none)   M=Menus    ACBP=A9
 0001:0008A18C 00013A6C C=CODE     S=.text    G=(none)   M=Controls ACBP=A9
 0001:0009DBF8 00001B6D C=CODE     S=.text    G=(none)   M=ImgList  ACBP=A9
 0001:0009F768 00001332 C=CODE     S=.text    G=(none)   M=ActnList ACBP=A9
 0001:000A0A9C 0000DEF8 C=CODE     S=.text    G=(none)   M=Forms    ACBP=A9
 0001:000AE994 00000078 C=CODE     S=.text    G=(none)   M=DateUtils ACBP=A9
 0001:000AEA0C 00002935 C=CODE     S=.text    G=(none)   M=Buttons  ACBP=A9
 0001:000B1344 0000007C C=CODE     S=.text    G=(none)   M=ExtDlgs  ACBP=A9
 0001:000B13C0 00000062 C=CODE     S=.text    G=(none)   M=Mapi     ACBP=A9
 0001:000B1424 0000004D C=CODE     S=.text    G=(none)   M=ExtActns ACBP=A9
 0001:000B1474 00000040 C=CODE     S=.text    G=(none)   M=ComStrs  ACBP=A9
 0001:000B14B4 000025CC C=CODE     S=.text    G=(none)   M=ComCtrls ACBP=A9
 0001:000B3A80 000003C6 C=CODE     S=.text    G=(none)   M=Unit1    ACBP=A9
 0001:000B3E48 000002B8 C=CODE     S=.text    G=(none)   M=ClalDate ACBP=A9
 0002:00000000 00000095 C=ICODE    S=.itext   G=(none)   M=System   ACBP=A9
 0002:00000098 00000011 C=ICODE    S=.itext   G=(none)   M=Windows  ACBP=A9
 0002:000000AC 00000088 C=ICODE    S=.itext   G=(none)   M=SysUtils ACBP=A9
 0002:00000134 0000000F C=ICODE    S=.itext   G=(none)   M=VarUtils ACBP=A9
 0002:00000144 000000AA C=ICODE    S=.itext   G=(none)   M=Variants ACBP=A9
 0002:000001F0 00000008 C=ICODE    S=.itext   G=(none)   M=TypInfo  ACBP=A9
 0002:000001F8 00000092 C=ICODE    S=.itext   G=(none)   M=Classes  ACBP=A9
 0002:0000028C 00000008 C=ICODE    S=.itext   G=(none)   M=EConsts  ACBP=A9
 0002:00000294 00000030 C=ICODE    S=.itext   G=(none)   M=ECore    ACBP=A9
 0002:000002C4 00000008 C=ICODE    S=.itext   G=(none)   M=EDebug   ACBP=A9
 0002:000002CC 00000013 C=ICODE    S=.itext   G=(none)   M=ELeaks   ACBP=A9
 0002:000002E0 00000008 C=ICODE    S=.itext   G=(none)   M=EDisAsm  ACBP=A9
 0002:000002E8 00000008 C=ICODE    S=.itext   G=(none)   M=ELogManager ACBP=A9
 0002:000002F0 00000008 C=ICODE    S=.itext   G=(none)   M=EWebTools ACBP=A9
 0002:000002F8 00000034 C=ICODE    S=.itext   G=(none)   M=ESockets ACBP=A9
 0002:0000032C 00000030 C=ICODE    S=.itext   G=(none)   M=EHook    ACBP=A9
 0002:0000035C 00000078 C=ICODE    S=.itext   G=(none)   M=ExceptionLog ACBP=A9
 0002:000003D4 00000008 C=ICODE    S=.itext   G=(none)   M=HelpIntfs ACBP=A9
 0002:000003DC 0000000F C=ICODE    S=.itext   G=(none)   M=MultiMon ACBP=A9
 0002:000003EC 00000008 C=ICODE    S=.itext   G=(none)   M=IniFiles ACBP=A9
 0002:000003F4 00000008 C=ICODE    S=.itext   G=(none)   M=Registry ACBP=A9
 0002:000003FC 000000FB C=ICODE    S=.itext   G=(none)   M=Graphics ACBP=A9
 0002:000004F8 0000001B C=ICODE    S=.itext   G=(none)   M=UxTheme  ACBP=A9
 0002:00000514 00000008 C=ICODE    S=.itext   G=(none)   M=Printers ACBP=A9
 0002:0000051C 0000007F C=ICODE    S=.itext   G=(none)   M=GraphUtil ACBP=A9
 0002:0000059C 00000044 C=ICODE    S=.itext   G=(none)   M=ExtCtrls ACBP=A9
 0002:000005E0 0000003D C=ICODE    S=.itext   G=(none)   M=Dialogs  ACBP=A9
 0002:00000620 00000058 C=ICODE    S=.itext   G=(none)   M=Clipbrd  ACBP=A9
 0002:00000678 0000000F C=ICODE    S=.itext   G=(none)   M=FlatSB   ACBP=A9
 0002:00000688 00000008 C=ICODE    S=.itext   G=(none)   M=Themes   ACBP=A9
 0002:00000690 00000085 C=ICODE    S=.itext   G=(none)   M=Menus    ACBP=A9
 0002:00000718 0000008F C=ICODE    S=.itext   G=(none)   M=Controls ACBP=A9
 0002:000007A8 0000002A C=ICODE    S=.itext   G=(none)   M=ActnList ACBP=A9
 0002:000007D4 0000004C C=ICODE    S=.itext   G=(none)   M=Forms    ACBP=A9
 0002:00000820 00000025 C=ICODE    S=.itext   G=(none)   M=Buttons  ACBP=A9
 0002:00000848 00000014 C=ICODE    S=.itext   G=(none)   M=ExtDlgs  ACBP=A9
 0002:0000085C 00000008 C=ICODE    S=.itext   G=(none)   M=Mapi     ACBP=A9
 0002:00000864 00000008 C=ICODE    S=.itext   G=(none)   M=ExtActns ACBP=A9
 0002:0000086C 00000008 C=ICODE    S=.itext   G=(none)   M=ComCtrls ACBP=A9
 0002:00000874 00000045 C=ICODE    S=.itext   G=(none)   M=ClalDate ACBP=A9
 0003:00000000 00000798 C=DATA     S=.data    G=DGROUP   M=System   ACBP=A9
 0003:00000798 00000020 C=DATA     S=.data    G=DGROUP   M=SysInit  ACBP=A9
 0003:000007B8 00000250 C=DATA     S=.data    G=DGROUP   M=SysUtils ACBP=A9
 0003:00000A08 00000008 C=DATA     S=.data    G=DGROUP   M=VarUtils ACBP=A9
 0003:00000A10 0000008E C=DATA     S=.data    G=DGROUP   M=Variants ACBP=A9
 0003:00000AA0 0000000C C=DATA     S=.data    G=DGROUP   M=TypInfo  ACBP=A9
 0003:00000AAC 00000080 C=DATA     S=.data    G=DGROUP   M=Classes  ACBP=A9
 0003:00000B2C 00000908 C=DATA     S=.data    G=DGROUP   M=EConsts  ACBP=A9
 0003:00001434 00000044 C=DATA     S=.data    G=DGROUP   M=ECore    ACBP=A9
 0003:00001478 0000004C C=DATA     S=.data    G=DGROUP   M=EDebug   ACBP=A9
 0003:000014C4 00000014 C=DATA     S=.data    G=DGROUP   M=ELeaks   ACBP=A9
 0003:000014D8 000012D5 C=DATA     S=.data    G=DGROUP   M=EDisAsm  ACBP=A9
 0003:000027B0 00000212 C=DATA     S=.data    G=DGROUP   M=EHash    ACBP=A9
 0003:000029C4 000000C0 C=DATA     S=.data    G=DGROUP   M=EBase64  ACBP=A9
 0003:00002A84 00000020 C=DATA     S=.data    G=DGROUP   M=EXMLBuilder ACBP=A9
 0003:00002AA4 00000024 C=DATA     S=.data    G=DGROUP   M=ELogManager ACBP=A9
 0003:00002AC8 00001C14 C=DATA     S=.data    G=DGROUP   M=EWebTools ACBP=A9
 0003:000046DC 00000E5C C=DATA     S=.data    G=DGROUP   M=EZlib2   ACBP=A9
 0003:00005538 00000001 C=DATA     S=.data    G=DGROUP   M=ESockets ACBP=A9
 0003:0000553C 000001A0 C=DATA     S=.data    G=DGROUP   M=EHook    ACBP=A9
 0003:000056DC 0000059C C=DATA     S=.data    G=DGROUP   M=ExceptionLog ACBP=A9
 0003:00005C78 00000008 C=DATA     S=.data    G=DGROUP   M=IniFiles ACBP=A9
 0003:00005C80 00000008 C=DATA     S=.data    G=DGROUP   M=Registry ACBP=A9
 0003:00005C88 0000030C C=DATA     S=.data    G=DGROUP   M=Graphics ACBP=A9
 0003:00005F94 00000054 C=DATA     S=.data    G=DGROUP   M=StdCtrls ACBP=A9
 0003:00005FE8 00000004 C=DATA     S=.data    G=DGROUP   M=Printers ACBP=A9
 0003:00005FEC 00000450 C=DATA     S=.data    G=DGROUP   M=GraphUtil ACBP=A9
 0003:0000643C 00000074 C=DATA     S=.data    G=DGROUP   M=Dialogs  ACBP=A9
 0003:000064B0 00000068 C=DATA     S=.data    G=DGROUP   M=Themes   ACBP=A9
 0003:00006518 000000F4 C=DATA     S=.data    G=DGROUP   M=Menus    ACBP=A9
 0003:0000660C 0000013C C=DATA     S=.data    G=DGROUP   M=Controls ACBP=A9
 0003:00006748 00000020 C=DATA     S=.data    G=DGROUP   M=ImgList  ACBP=A9
 0003:00006768 00000128 C=DATA     S=.data    G=DGROUP   M=Forms    ACBP=A9
 0003:00006890 00000046 C=DATA     S=.data    G=DGROUP   M=Buttons  ACBP=A9
 0003:000068D8 00000018 C=DATA     S=.data    G=DGROUP   M=ExtDlgs  ACBP=A9
 0003:000068F0 00000008 C=DATA     S=.data    G=DGROUP   M=Mapi     ACBP=A9
 0003:000068F8 00000058 C=DATA     S=.data    G=DGROUP   M=ComCtrls ACBP=A9
 0004:00000000 000027F8 C=BSS      S=.bss     G=DGROUP   M=System   ACBP=A9
 0004:000027F8 0000000C C=BSS      S=.bss     G=DGROUP   M=SysInit  ACBP=A9
 0004:00002804 00000008 C=BSS      S=.bss     G=DGROUP   M=Windows  ACBP=A9
 0004:0000280C 00000A20 C=BSS      S=.bss     G=DGROUP   M=SysUtils ACBP=A9
 0004:0000322C 0000005C C=BSS      S=.bss     G=DGROUP   M=VarUtils ACBP=A9
 0004:00003288 00000040 C=BSS      S=.bss     G=DGROUP   M=Variants ACBP=A9
 0004:000032C8 00000004 C=BSS      S=.bss     G=DGROUP   M=TypInfo  ACBP=A9
 0004:000032CC 00000044 C=BSS      S=.bss     G=DGROUP   M=Classes  ACBP=A9
 0004:00003310 00000004 C=BSS      S=.bss     G=DGROUP   M=EConsts  ACBP=A9
 0004:00003314 00000009 C=BSS      S=.bss     G=DGROUP   M=ECore    ACBP=A9
 0004:00003320 00000004 C=BSS      S=.bss     G=DGROUP   M=EDebug   ACBP=A9
 0004:00003324 00000054 C=BSS      S=.bss     G=DGROUP   M=ELeaks   ACBP=A9
 0004:00003378 00000004 C=BSS      S=.bss     G=DGROUP   M=EDisAsm  ACBP=A9
 0004:0000337C 00000400 C=BSS      S=.bss     G=DGROUP   M=EHash    ACBP=A9
 0004:0000377C 00000018 C=BSS      S=.bss     G=DGROUP   M=EEncrypt ACBP=A9
 0004:00003794 00000004 C=BSS      S=.bss     G=DGROUP   M=ELogManager ACBP=A9
 0004:00003798 00000048 C=BSS      S=.bss     G=DGROUP   M=EWebTools ACBP=A9
 0004:000037E0 00002890 C=BSS      S=.bss     G=DGROUP   M=EZlib2   ACBP=A9
 0004:00006070 00000004 C=BSS      S=.bss     G=DGROUP   M=ESockets ACBP=A9
 0004:00006074 00000010 C=BSS      S=.bss     G=DGROUP   M=EHook    ACBP=A9
 0004:00006084 00000E7C C=BSS      S=.bss     G=DGROUP   M=ExceptionLog ACBP=A9
 0004:00006F00 00000008 C=BSS      S=.bss     G=DGROUP   M=HelpIntfs ACBP=A9
 0004:00006F08 00000031 C=BSS      S=.bss     G=DGROUP   M=MultiMon ACBP=A9
 0004:00006F3C 00000008 C=BSS      S=.bss     G=DGROUP   M=CommCtrl ACBP=A9
 0004:00006F44 00000004 C=BSS      S=.bss     G=DGROUP   M=IniFiles ACBP=A9
 0004:00006F48 00000004 C=BSS      S=.bss     G=DGROUP   M=Registry ACBP=A9
 0004:00006F4C 00000060 C=BSS      S=.bss     G=DGROUP   M=Graphics ACBP=A9
 0004:00006FAC 000000CC C=BSS      S=.bss     G=DGROUP   M=UxTheme  ACBP=A9
 0004:00007078 00000004 C=BSS      S=.bss     G=DGROUP   M=Printers ACBP=A9
 0004:0000707C 00000004 C=BSS      S=.bss     G=DGROUP   M=GraphUtil ACBP=A9
 0004:00007080 00000008 C=BSS      S=.bss     G=DGROUP   M=ExtCtrls ACBP=A9
 0004:00007088 0000000C C=BSS      S=.bss     G=DGROUP   M=Dialogs  ACBP=A9
 0004:00007094 0000000C C=BSS      S=.bss     G=DGROUP   M=Clipbrd  ACBP=A9
 0004:000070A0 00000034 C=BSS      S=.bss     G=DGROUP   M=FlatSB   ACBP=A9
 0004:000070D4 00000008 C=BSS      S=.bss     G=DGROUP   M=Themes   ACBP=A9
 0004:000070DC 00000010 C=BSS      S=.bss     G=DGROUP   M=Menus    ACBP=A9
 0004:000070EC 00000088 C=BSS      S=.bss     G=DGROUP   M=Controls ACBP=A9
 0004:00007174 00000008 C=BSS      S=.bss     G=DGROUP   M=ImgList  ACBP=A9
 0004:0000717C 00000004 C=BSS      S=.bss     G=DGROUP   M=ActnList ACBP=A9
 0004:00007180 00000024 C=BSS      S=.bss     G=DGROUP   M=Forms    ACBP=A9
 0004:000071A4 00000030 C=BSS      S=.bss     G=DGROUP   M=Buttons  ACBP=A9
 0004:000071D4 00000004 C=BSS      S=.bss     G=DGROUP   M=ExtDlgs  ACBP=A9
 0004:000071D8 00000004 C=BSS      S=.bss     G=DGROUP   M=Mapi     ACBP=A9
 0004:000071DC 00000009 C=BSS      S=.bss     G=DGROUP   M=ExtActns ACBP=A9
 0004:000071E8 0000000C C=BSS      S=.bss     G=DGROUP   M=ComCtrls ACBP=A9
 0004:000071F4 00000004 C=BSS      S=.bss     G=DGROUP   M=Unit1    ACBP=A9
 0005:00000000 00000008 C=TLS      S=.tls     G=(none)   M=System   ACBP=A9
 0005:00000008 00000008 C=TLS      S=.tls     G=(none)   M=Classes  ACBP=A9
 0005:00000010 00000173 C=TLS      S=.tls     G=(none)   M=ExceptionLog ACBP=A9
 0005:00000184 00000024 C=TLS      S=.tls     G=(none)   M=GraphUtil ACBP=A9


  Address             Publics by Name

 0004:0000717C       ActnList..9
 0001:0009FB90       ActnList..TActionLink
 0001:0009F768       ActnList..TContainedAction
 0001:0009FA88       ActnList..TCustomAction
 0001:0009F88C       ActnList..TCustomActionList
 0001:0009F96C       ActnList..TShortCutList
 0002:000007A8       ActnList.ActnList
 0001:000A0A6C       ActnList.Finalization
 0001:000A0280       ActnList.TActionLink.IsCaptionLinked
 0001:000A0294       ActnList.TActionLink.IsCheckedLinked
 0001:000A02A8       ActnList.TActionLink.IsEnabledLinked
 0001:000A02BC       ActnList.TActionLink.IsGroupIndexLinked
 0001:000A02D0       ActnList.TActionLink.IsHelpContextLinked
 0001:000A02E4       ActnList.TActionLink.IsHelpLinked
 0001:000A02F8       ActnList.TActionLink.IsHintLinked
 0001:000A030C       ActnList.TActionLink.IsImageIndexLinked
 0001:000A0320       ActnList.TActionLink.IsShortCutLinked
 0001:000A0334       ActnList.TActionLink.IsVisibleLinked
 0001:000A0348       ActnList.TActionLink.SetAutoCheck
 0001:000A034C       ActnList.TActionLink.SetCaption
 0001:000A0350       ActnList.TActionLink.SetChecked
 0001:000A0354       ActnList.TActionLink.SetEnabled
 0001:000A0358       ActnList.TActionLink.SetGroupIndex
 0001:000A035C       ActnList.TActionLink.SetHelpContext
 0001:000A0360       ActnList.TActionLink.SetHelpKeyword
 0001:000A0364       ActnList.TActionLink.SetHelpType
 0001:000A0368       ActnList.TActionLink.SetHint
 0001:000A036C       ActnList.TActionLink.SetImageIndex
 0001:000A0370       ActnList.TActionLink.SetShortCut
 0001:000A0374       ActnList.TActionLink.SetVisible
 0001:0009FC60       ActnList.TContainedAction.Destroy
 0001:0009FDCC       ActnList.TContainedAction.Execute
 0001:0009FC94       ActnList.TContainedAction.GetIndex
 0001:0009FCB0       ActnList.TContainedAction.GetParentComponent
 0001:0009FCC0       ActnList.TContainedAction.HasParent
 0001:0009FCAC       ActnList.TContainedAction.IsCategoryStored
 0001:0009FCD0       ActnList.TContainedAction.ReadState
 0001:0009FD78       ActnList.TContainedAction.SetActionList
 0001:0009FD4C       ActnList.TContainedAction.SetCategory
 0001:0009FD04       ActnList.TContainedAction.SetIndex
 0001:0009FDA0       ActnList.TContainedAction.SetParentComponent
 0001:0009FE24       ActnList.TContainedAction.Update
 0001:000A041C       ActnList.TCustomAction.AssignTo
 0001:000A0378       ActnList.TCustomAction.Create
 0001:000A03CC       ActnList.TCustomAction.Destroy
 0001:000A093C       ActnList.TCustomAction.DoHint
 0001:000A0964       ActnList.TCustomAction.Execute
 0001:000A09C8       ActnList.TCustomAction.GetSecondaryShortCuts
 0001:000A09F0       ActnList.TCustomAction.HandleShortCut
 0001:000A04CC       ActnList.TCustomAction.SetCaption
 0001:000A052C       ActnList.TCustomAction.SetChecked
 0001:000A0634       ActnList.TCustomAction.SetEnabled
 0001:000A0718       ActnList.TCustomAction.SetHelpContext
 0001:000A06B0       ActnList.TCustomAction.SetHelpKeyword
 0001:000A0770       ActnList.TCustomAction.SetHint
 0001:000A07D0       ActnList.TCustomAction.SetImageIndex
 0001:000A08F0       ActnList.TCustomAction.SetName
 0001:000A082C       ActnList.TCustomAction.SetShortCut
 0001:000A0890       ActnList.TCustomAction.SetVisible
 0001:000A0054       ActnList.TCustomActionList.AddAction
 0001:000A0090       ActnList.TCustomActionList.Change
 0001:0009FE7C       ActnList.TCustomActionList.Create
 0001:0009FEE8       ActnList.TCustomActionList.Destroy
 0001:000A019C       ActnList.TCustomActionList.ExecuteAction
 0001:0009FFB0       ActnList.TCustomActionList.GetAction
 0001:0009FFC4       ActnList.TCustomActionList.GetActionCount
 0001:0009FF38       ActnList.TCustomActionList.GetChildren
 0001:000A0000       ActnList.TCustomActionList.ImageListChange
 0001:000A00F8       ActnList.TCustomActionList.IsShortCut
 0001:000A000C       ActnList.TCustomActionList.Notification
 0001:000A0074       ActnList.TCustomActionList.RemoveAction
 0001:0009FF80       ActnList.TCustomActionList.SetChildOrder
 0001:0009FFCC       ActnList.TCustomActionList.SetImages
 0001:000A01DC       ActnList.TCustomActionList.SetState
 0001:000A01BC       ActnList.TCustomActionList.UpdateAction
 0001:000A09FC       ActnList.TShortCutList.Add
 0001:000A0A28       ActnList.TShortCutList.IndexOfShortCut
 0004:000071A4       Buttons..5
 0001:000AF280       Buttons..TButtonGlyph
 0001:000AF228       Buttons..TGlyphCache
 0001:000AF168       Buttons..TGlyphList
 0001:000AEB7C       Buttons..TSpeedButton
 0001:000AEA84       Buttons..TSpeedButtonActionLink
 0003:00006890       Buttons.BitBtnCaptions
 0004:000071A8       Buttons.BitBtnGlyphs
 0003:000068C0       Buttons.ButtonCount
 0002:00000820       Buttons.Buttons
 0001:000B1274       Buttons.DestroyLocals
 0003:000068C4       Buttons.DownStyles
 0003:000068CC       Buttons.FillStyles
 0001:000B130C       Buttons.Finalization
 0003:000068BC       Buttons.GlyphCache
 0003:000068D4       Buttons.NewState
 0001:000AFF2C       Buttons.TButtonGlyph.CalcButtonLayout
 0001:000AF50C       Buttons.TButtonGlyph.Create
 0001:000AF70C       Buttons.TButtonGlyph.CreateButtonGlyph
 0001:000AF59C       Buttons.TButtonGlyph.Destroy
 0001:000B0270       Buttons.TButtonGlyph.Draw
 0001:000AFCE0       Buttons.TButtonGlyph.DrawButtonGlyph
 0001:000AFE3C       Buttons.TButtonGlyph.DrawButtonText
 0001:000AF63C       Buttons.TButtonGlyph.GlyphChanged
 0001:000AF5F8       Buttons.TButtonGlyph.Invalidate
 0001:000AF66C       Buttons.TButtonGlyph.SetGlyph
 0001:000AF6E4       Buttons.TButtonGlyph.SetNumGlyphs
 0001:000AF408       Buttons.TGlyphCache.Create
 0001:000AF44C       Buttons.TGlyphCache.Destroy
 0001:000AF500       Buttons.TGlyphCache.Empty
 0001:000AF47C       Buttons.TGlyphCache.GetList
 0001:000AF4DC       Buttons.TGlyphCache.ReturnList
 0001:000AF3AC       Buttons.TGlyphList.AddMasked
 0001:000AF360       Buttons.TGlyphList.AllocateIndex
 0001:000AF2DC       Buttons.TGlyphList.CreateSize
 0001:000AF3D8       Buttons.TGlyphList.Delete
 0001:000AF330       Buttons.TGlyphList.Destroy
 0001:000B11A0       Buttons.TSpeedButton.ActionChange
 0001:000B0C6C       Buttons.TSpeedButton.Click
 0001:000B0EF0       Buttons.TSpeedButton.CMButtonPressed
 0001:000B0F64       Buttons.TSpeedButton.CMDialogChar
 0001:000B0EBC       Buttons.TSpeedButton.CMEnabledChanged
 0001:000B0FFC       Buttons.TSpeedButton.CMFontChanged
 0001:000B1040       Buttons.TSpeedButton.CMMouseEnter
 0001:000B10B4       Buttons.TSpeedButton.CMMouseLeave
 0001:000B101C       Buttons.TSpeedButton.CMSysColorChange
 0001:000B100C       Buttons.TSpeedButton.CMTextChanged
 0001:000B111C       Buttons.TSpeedButton.CopyImage
 0001:000B049C       Buttons.TSpeedButton.Create
 0001:000B055C       Buttons.TSpeedButton.Destroy
 0001:000B0C88       Buttons.TSpeedButton.GetActionLinkClass
 0001:000B0C90       Buttons.TSpeedButton.GetGlyph
 0001:000B0CB8       Buttons.TSpeedButton.GetNumGlyphs
 0001:000B0C74       Buttons.TSpeedButton.GetPalette
 0001:000B0CF4       Buttons.TSpeedButton.GlyphChanged
 0001:000B0A3C       Buttons.TSpeedButton.Loaded
 0001:000B0A68       Buttons.TSpeedButton.MouseDown
 0001:000B0AC4       Buttons.TSpeedButton.MouseMove
 0001:000B0B6C       Buttons.TSpeedButton.MouseUp
 0001:000B0594       Buttons.TSpeedButton.Paint
 0001:000B0E84       Buttons.TSpeedButton.SetAllowAllUp
 0001:000B0D3C       Buttons.TSpeedButton.SetDown
 0001:000B0DAC       Buttons.TSpeedButton.SetFlat
 0001:000B0C9C       Buttons.TSpeedButton.SetGlyph
 0001:000B0DCC       Buttons.TSpeedButton.SetGroupIndex
 0001:000B0DE0       Buttons.TSpeedButton.SetLayout
 0001:000B0E00       Buttons.TSpeedButton.SetMargin
 0001:000B0CC4       Buttons.TSpeedButton.SetNumGlyphs
 0001:000B0E24       Buttons.TSpeedButton.SetSpacing
 0001:000B0E44       Buttons.TSpeedButton.SetTransparent
 0001:000B0D04       Buttons.TSpeedButton.UpdateExclusive
 0001:000B09D8       Buttons.TSpeedButton.UpdateTracking
 0001:000B0E98       Buttons.TSpeedButton.WMLButtonDblClk
 0001:000B02E4       Buttons.TSpeedButtonActionLink.AssignClient
 0001:000B0308       Buttons.TSpeedButtonActionLink.Create
 0001:000B0344       Buttons.TSpeedButtonActionLink.IsCheckedLinked
 0001:000B0390       Buttons.TSpeedButtonActionLink.IsGroupIndexLinked
 0001:000B03C0       Buttons.TSpeedButtonActionLink.IsImageIndexLinked
 0001:000B03F0       Buttons.TSpeedButtonActionLink.SetChecked
 0001:000B0410       Buttons.TSpeedButtonActionLink.SetGroupIndex
 0001:000B0430       Buttons.TSpeedButtonActionLink.SetImageIndex
 0002:00000874       ClalDate.ClalDate
 0001:000B3E48       ClalDate.Finalization
 0004:000032D8       Classes..95
 0001:00012E44       Classes..EBitsError
 0001:00012D34       Classes..EClassNotFound
 0001:00012EFC       Classes..EComponentError
 0001:00012B78       Classes..EFCreateError
 0001:00012C2C       Classes..EFilerError
 0001:00012B18       Classes..EFileStreamError
 0001:00012BD4       Classes..EFOpenError
 0001:00012FB4       Classes..EInvalidOperation
 0001:00012DEC       Classes..EListError
 0001:00012F58       Classes..EOutOfResources
 0001:00012C84       Classes..EReadError
 0001:00012D90       Classes..EResNotFound
 0001:00012ABC       Classes..EStreamError
 0001:00012E9C       Classes..EStringListError
 0001:00013B20       Classes..EThread
 0001:00012CDC       Classes..EWriteError
 0001:00013EA4       Classes..TBasicAction
 0001:00013E24       Classes..TBasicActionLink
 0001:000130D0       Classes..TBits
 0001:000139CC       Classes..TClassFinder
 0001:00013CC4       Classes..TComponent
 0001:000136C0       Classes..TCustomMemoryStream
 0001:00013A28       Classes..TFiler
 0001:00013638       Classes..TFileStream
 0001:000135C0       Classes..THandleStream
 0001:00014D4C       Classes..TIntConst
 0001:00013214       Classes..TInterfacedPersistent
 0001:00013014       Classes..TList
 0001:0001373C       Classes..TMemoryStream
 0001:00013124       Classes..TPersistent
 0001:00018104       Classes..TPropFixup
 0001:0001817C       Classes..TPropIntfFixup
 0001:00013A8C       Classes..TReader
 0001:00014028       Classes..TRegGroup
 0001:00014080       Classes..TRegGroups
 0001:000137B8       Classes..TResourceStream
 0001:00013550       Classes..TStream
 0001:00013944       Classes..TStreamAdapter
 0001:00013438       Classes..TStringList
 0001:00013300       Classes..TStrings
 0001:00013B74       Classes..TThread
 0001:00013078       Classes..TThreadList
 0001:00014CF0       Classes.ActivateClassGroup
 0003:00000AAC       Classes.AddDataModule
 0001:000183DC       Classes.AddFinished
 0001:00018414       Classes.AddNotFinished
 0001:00018F88       Classes.AddSubComponentsToLoaded
 0001:0001B450       Classes.AddThread
 0001:0001CE38       Classes.AllocateHWnd
 0003:00000ABC       Classes.ApplicationHandleException
 0003:00000AC4       Classes.ApplicationShowException
 0001:00015048       Classes.BeginGlobalLoading
 0003:00000B00       Classes.BlockCode
 0001:00013FEC       Classes.Bounds
 0001:0001CD74       Classes.CalcJmpOffset
 0001:00018FC4       Classes.CheckSubComponents
 0001:0001B468       Classes.CheckSynchronize
 0002:000001F8       Classes.Classes
 0001:00014AB4       Classes.ClassNotFound
 0001:000190A4       Classes.ComponentCreated
 0001:00019124       Classes.CreateComponent
 0001:0001CEEC       Classes.DeallocateHWnd
 0001:0001B404       Classes.DoneThreadSynchronization
 0001:00015F64       Classes.DoWrite
 0001:000150D0       Classes.EndGlobalLoading
 0001:00017F3C       Classes.Error
 0001:00014654       Classes.Error
 0003:00000AD4       Classes.FilerSignature
 0001:0001CF14       Classes.Finalization
 0001:00014B74       Classes.FindClass
 0001:000192D4       Classes.FindExistingComponent
 0001:00014F60       Classes.FindGlobalComponent
 0004:000032E4       Classes.FindGlobalComponentProcs
 0001:00014E08       Classes.FindIdentToInt
 0001:00018310       Classes.FindNestedComponent
 0001:0001A224       Classes.FindUniqueName
 0001:0001CCE0       Classes.FreeIntConstList
 0001:0001CE14       Classes.FreeObjectInstance
 0001:00014B20       Classes.GetClass
 0001:00014AA8       Classes.GetFieldClassTable
 0004:000032E8       Classes.GlobalFixupList
 0001:0001845C       Classes.GlobalFixupReferences
 0005:0000000C       Classes.GlobalLists
 0005:00000008       Classes.GlobalLoaded
 0004:000032CC       Classes.GlobalNameSpace
 0001:00014C9C       Classes.GroupDescendentsWith
 0001:00019A48       Classes.HandleException
 0001:00014E84       Classes.IdentToInt
 0001:0001512C       Classes.InitComponent
 0001:000151D4       Classes.InitInheritedComponent
 0001:0001B3D0       Classes.InitThreadSynchronization
 0004:00003308       Classes.InstBlockList
 0004:0000330C       Classes.InstFreeList
 0004:000032DC       Classes.IntConstList
 0001:00014FC4       Classes.InternalReadComponentRes
 0001:00014EC4       Classes.IntToIdent
 0001:00014014       Classes.InvalidPoint
 0001:00014FA0       Classes.IsUniqueGlobalComponentName
 0004:000032D0       Classes.IsUniqueGlobalComponentNameProc
 0001:0001CD7C       Classes.MakeObjectInstance
 0001:000158E8       Classes.Min
 0001:0001CD4C       Classes.ModuleUnload
 0003:00000AD8       Classes.NilMethod
 0001:000150A0       Classes.NotifyGlobalLoading
 0001:00013F9C       Classes.Point
 0001:000143E0       Classes.PointerInModule
 0003:00000AE4       Classes.Priorities
 0001:0001877C       Classes.PropertyNotFound
 0001:00019B48       Classes.PropPathError
 0001:00018770       Classes.PropValueError
 0001:00015630       Classes.QuickSort
 0001:00017668       Classes.RaiseException
 0001:0001ADD8       Classes.ReadCustomVariant
 0001:00018758       Classes.ReadError
 0001:000190C4       Classes.Recover
 0001:00013FC4       Classes.Rect
 0004:000032E0       Classes.RegGroups
 0001:00014B94       Classes.RegisterClass
 0001:00014F08       Classes.RegisterFindGlobalComponentProc
 0001:00014DDC       Classes.RegisterIntegerConsts
 0003:00000AB4       Classes.RemoveDataModule
 0001:00018628       Classes.RemoveFixupReferences
 0001:000186D4       Classes.RemoveFixups
 0001:00018A6C       Classes.RemoveGlobalFixup
 0001:0001B45C       Classes.RemoveThread
 0001:0001B41C       Classes.ResetSyncEvent
 0001:0001536C       Classes.ReturnAddr
 0001:000160C4       Classes.ReturnAddr
 0001:00019234       Classes.SetCompName
 0001:000187A8       Classes.SetElementValue
 0001:00019E4C       Classes.SetInterfaceReference
 0001:00019D68       Classes.SetIntIdent
 0001:00019DB0       Classes.SetObjectIdent
 0001:0001903C       Classes.SetSubComponentState
 0001:00019DF0       Classes.SetVariantReference
 0001:0001B444       Classes.SignalSyncEvent
 0001:0001A8F8       Classes.SkipBinary
 0001:0001A928       Classes.SkipCollection
 0001:0001A8D0       Classes.SkipList
 0001:00013FB4       Classes.SmallPoint
 0001:00014C50       Classes.StartClassGroup
 0001:0001CD54       Classes.StdWndProc
 0001:00017490       Classes.StringListCompareStrings
 0004:000032D4       Classes.SyncEvent
 0003:00000AE0       Classes.SyncList
 0001:0001C74C       Classes.TBasicAction.Change
 0001:0001C5E0       Classes.TBasicAction.Create
 0001:0001C624       Classes.TBasicAction.Destroy
 0001:0001C6B8       Classes.TBasicAction.Execute
 0001:0001C688       Classes.TBasicAction.ExecuteTarget
 0001:0001C684       Classes.TBasicAction.HandlesTarget
 0001:0001C68C       Classes.TBasicAction.Notification
 0001:0001C760       Classes.TBasicAction.RegisterChanges
 0001:0001C7AC       Classes.TBasicAction.SetActionComponent
 0001:0001C6F0       Classes.TBasicAction.SetOnExecute
 0001:0001C76C       Classes.TBasicAction.UnRegisterChanges
 0001:0001C6D4       Classes.TBasicAction.Update
 0001:0001C6B4       Classes.TBasicAction.UpdateTarget
 0001:0001C530       Classes.TBasicActionLink.AssignClient
 0001:0001C568       Classes.TBasicActionLink.Change
 0001:0001C4EC       Classes.TBasicActionLink.Create
 0001:0001C534       Classes.TBasicActionLink.Destroy
 0001:0001C580       Classes.TBasicActionLink.Execute
 0001:0001C5C8       Classes.TBasicActionLink.IsOnExecuteLinked
 0001:0001C59C       Classes.TBasicActionLink.SetAction
 0001:0001C5CC       Classes.TBasicActionLink.SetOnExecute
 0001:0001C5D4       Classes.TBasicActionLink.Update
 0001:000158A0       Classes.TBits.Destroy
 0001:000158D0       Classes.TBits.Error
 0001:000159C4       Classes.TBits.GetBit
 0001:000159DC       Classes.TBits.OpenBit
 0001:00015998       Classes.TBits.SetBit
 0001:000158F4       Classes.TBits.SetSize
 0001:000148C4       Classes.TClassFinder.Create
 0001:000149F0       Classes.TClassFinder.Destroy
 0001:00014A20       Classes.TClassFinder.GetClass
 0001:00015CDC       Classes.TCollection.Add
 0001:00015CFC       Classes.TCollection.Clear
 0001:0001BD84       Classes.TComponent.BeforeDestruction
 0001:0001C2BC       Classes.TComponent.ChangeName
 0001:0001BCBC       Classes.TComponent.Create
 0001:0001C04C       Classes.TComponent.DefineProperties
 0001:0001BD08       Classes.TComponent.Destroy
 0001:0001BF14       Classes.TComponent.DestroyComponents
 0001:0001BF70       Classes.TComponent.Destroying
 0001:0001C3F8       Classes.TComponent.ExecuteAction
 0001:0001C1DC       Classes.TComponent.FindComponent
 0001:0001BD90       Classes.TComponent.FreeNotification
 0001:0001C0E0       Classes.TComponent.GetChildOwner
 0001:0001C0E4       Classes.TComponent.GetChildParent
 0001:0001C0D8       Classes.TComponent.GetChildren
 0001:0001C2D0       Classes.TComponent.GetComponent
 0001:0001C2FC       Classes.TComponent.GetComponentCount
 0001:0001C0E8       Classes.TComponent.GetNamePath
 0001:0001C0FC       Classes.TComponent.GetOwner
 0001:0001C104       Classes.TComponent.GetParentComponent
 0001:0001C0D4       Classes.TComponent.HasParent
 0001:0001BE24       Classes.TComponent.Insert
 0001:0001BE78       Classes.TComponent.InsertComponent
 0001:0001C4E8       Classes.TComponent.IntfGetComponent
 0001:0001C124       Classes.TComponent.Loaded
 0001:0001BFEC       Classes.TComponent.Notification
 0001:0001C130       Classes.TComponent.PaletteCreated
 0001:0001C468       Classes.TComponent.QueryInterface
 0001:0001BDE4       Classes.TComponent.ReadLeft
 0001:0001C134       Classes.TComponent.ReadState
 0001:0001BDF8       Classes.TComponent.ReadTop
 0001:0001BE50       Classes.TComponent.Remove
 0001:0001BEDC       Classes.TComponent.RemoveComponent
 0001:0001BFD0       Classes.TComponent.RemoveFreeNotification
 0001:0001BFAC       Classes.TComponent.RemoveNotification
 0001:0001C448       Classes.TComponent.SafeCallException
 0001:0001C100       Classes.TComponent.SetChildOrder
 0001:0001C30C       Classes.TComponent.SetComponentIndex
 0001:0001C360       Classes.TComponent.SetDesigning
 0001:0001C22C       Classes.TComponent.SetName
 0001:0001C108       Classes.TComponent.SetParentComponent
 0001:0001C3B0       Classes.TComponent.SetReference
 0001:0001C420       Classes.TComponent.UpdateAction
 0001:0001C118       Classes.TComponent.Updated
 0001:0001C460       Classes.TComponent.UpdateRegistry
 0001:0001C10C       Classes.TComponent.Updating
 0001:0001C1C4       Classes.TComponent.ValidateContainer
 0001:0001C1D8       Classes.TComponent.ValidateInsert
 0001:0001C144       Classes.TComponent.ValidateRename
 0001:0001BE0C       Classes.TComponent.WriteLeft
 0001:0001C13C       Classes.TComponent.WriteState
 0001:0001BE18       Classes.TComponent.WriteTop
 0001:0001C4A8       Classes.TComponent._AddRef
 0001:0001C4C8       Classes.TComponent._Release
 0001:00017C24       Classes.TCustomMemoryStream.Read
 0001:00017C98       Classes.TCustomMemoryStream.SaveToFile
 0001:00017C80       Classes.TCustomMemoryStream.SaveToStream
 0001:00017C5C       Classes.TCustomMemoryStream.Seek
 0001:00017C1C       Classes.TCustomMemoryStream.SetPointer
 0001:00018090       Classes.TFiler.Create
 0001:000180D8       Classes.TFiler.Destroy
 0001:00018100       Classes.TFiler.SetRoot
 0001:00017A30       Classes.TFileStream.Create
 0001:00017A74       Classes.TFileStream.Create
 0001:00017BE8       Classes.TFileStream.Destroy
 0001:0001796C       Classes.THandleStream.Create
 0001:000179A8       Classes.THandleStream.Read
 0001:000179C8       Classes.THandleStream.Seek
 0001:00017A08       Classes.THandleStream.SetSize
 0001:000179F4       Classes.THandleStream.SetSize
 0001:000179B8       Classes.THandleStream.Write
 0004:00003304       Classes.ThreadCount
 0004:000032EC       Classes.ThreadLock
 0001:0001B640       Classes.ThreadProc
 0001:00014DA4       Classes.TIntConst.Create
 0001:00015C24       Classes.TInterfacedPersistent.AfterConstruction
 0001:00015CB4       Classes.TInterfacedPersistent.QueryInterface
 0001:00015C74       Classes.TInterfacedPersistent._AddRef
 0001:00015C94       Classes.TInterfacedPersistent._Release
 0001:000152BC       Classes.TList.Add
 0001:000152F0       Classes.TList.Clear
 0001:00015308       Classes.TList.Delete
 0001:0001529C       Classes.TList.Destroy
 0001:000153A8       Classes.TList.Error
 0001:00015370       Classes.TList.Error
 0001:000153FC       Classes.TList.Expand
 0001:00015414       Classes.TList.First
 0001:0001541C       Classes.TList.Get
 0001:00015444       Classes.TList.Grow
 0001:00015478       Classes.TList.IndexOf
 0001:00015498       Classes.TList.Insert
 0001:00015504       Classes.TList.Last
 0001:000156D4       Classes.TList.Notify
 0001:00015510       Classes.TList.Put
 0001:00015560       Classes.TList.Remove
 0001:00015580       Classes.TList.SetCapacity
 0001:000155BC       Classes.TList.SetCount
 0001:000156B4       Classes.TList.Sort
 0001:00017D1C       Classes.TMemoryStream.Clear
 0001:00017CF0       Classes.TMemoryStream.Destroy
 0001:00017D6C       Classes.TMemoryStream.LoadFromFile
 0001:00017D34       Classes.TMemoryStream.LoadFromStream
 0001:00017E14       Classes.TMemoryStream.Realloc
 0001:00017DC0       Classes.TMemoryStream.SetCapacity
 0001:00017DE8       Classes.TMemoryStream.SetSize
 0001:00017E94       Classes.TMemoryStream.Write
 0001:00015A80       Classes.TPersistent.Assign
 0001:00015A94       Classes.TPersistent.AssignError
 0001:00015B64       Classes.TPersistent.AssignTo
 0001:00015B6C       Classes.TPersistent.DefineProperties
 0001:00015A54       Classes.TPersistent.Destroy
 0001:00015B70       Classes.TPersistent.GetNamePath
 0001:00015C20       Classes.TPersistent.GetOwner
 0001:000181DC       Classes.TPropFixup.Create
 0001:00018234       Classes.TPropFixup.MakeGlobalReference
 0001:0001827C       Classes.TPropFixup.ResolveReference
 0001:0001828C       Classes.TPropIntfFixup.ResolveReference
 0001:000187FC       Classes.TReader.CheckValue
 0001:0001885C       Classes.TReader.DefineBinaryProperty
 0001:00018820       Classes.TReader.DefineProperty
 0001:000187C0       Classes.TReader.Destroy
 0001:00018AE8       Classes.TReader.DoFixupReferences
 0001:00018944       Classes.TReader.EndOfList
 0001:00018958       Classes.TReader.Error
 0001:0001AC24       Classes.TReader.FindAncestorComponent
 0001:0001AD1C       Classes.TReader.FindComponentClass
 0001:00018A04       Classes.TReader.FindMethod
 0001:0001897C       Classes.TReader.FindMethodInstance
 0001:00018C2C       Classes.TReader.FlushBuffer
 0001:00018C50       Classes.TReader.FreeFixups
 0001:00018C8C       Classes.TReader.GetFieldClass
 0001:00018D24       Classes.TReader.GetPosition
 0001:00018D3C       Classes.TReader.NextValue
 0001:00018D4C       Classes.TReader.PropertyError
 0001:00018D60       Classes.TReader.Read
 0001:00018DE8       Classes.TReader.ReadBoolean
 0001:00018DAC       Classes.TReader.ReadBuffer
 0001:00018DFC       Classes.TReader.ReadChar
 0001:00018EB8       Classes.TReader.ReadCollection
 0001:00019378       Classes.TReader.ReadComponent
 0001:000197B8       Classes.TReader.ReadCurrency
 0001:000195B8       Classes.TReader.ReadData
 0001:00019628       Classes.TReader.ReadDataInner
 0001:00019808       Classes.TReader.ReadDate
 0001:00019730       Classes.TReader.ReadDouble
 0001:000196F8       Classes.TReader.ReadFloat
 0001:0001984C       Classes.TReader.ReadIdent
 0001:000199B4       Classes.TReader.ReadInt64
 0001:00019948       Classes.TReader.ReadInteger
 0001:000199F8       Classes.TReader.ReadListBegin
 0001:00019A00       Classes.TReader.ReadListEnd
 0001:00019A08       Classes.TReader.ReadPrefix
 0001:00019B64       Classes.TReader.ReadProperty
 0001:00019F0C       Classes.TReader.ReadPropValue
 0001:0001A284       Classes.TReader.ReadRootComponent
 0001:0001A5B8       Classes.TReader.ReadSet
 0001:0001A674       Classes.TReader.ReadSignature
 0001:00019774       Classes.TReader.ReadSingle
 0001:0001A698       Classes.TReader.ReadStr
 0001:0001A6D4       Classes.TReader.ReadString
 0001:0001A874       Classes.TReader.ReadValue
 0001:0001AFA0       Classes.TReader.ReadVariant
 0001:00018E5C       Classes.TReader.ReadWideChar
 0001:0001A790       Classes.TReader.ReadWideString
 0001:0001ACDC       Classes.TReader.ReferenceName
 0001:0001ACF4       Classes.TReader.SetName
 0001:0001AD90       Classes.TReader.SkipBytes
 0001:0001AB7C       Classes.TReader.SkipComponent
 0001:0001AB34       Classes.TReader.SkipProperty
 0001:0001A888       Classes.TReader.SkipSetBody
 0001:0001A984       Classes.TReader.SkipValue
 0001:000140D8       Classes.TRegGroup.AddClass
 0001:000140E4       Classes.TRegGroup.BestClass
 0001:00014144       Classes.TRegGroup.BestGroup
 0001:000141B4       Classes.TRegGroup.Create
 0001:00014210       Classes.TRegGroup.Destroy
 0001:00014250       Classes.TRegGroup.GetClass
 0001:000142B8       Classes.TRegGroup.InGroup
 0001:000142FC       Classes.TRegGroup.RegisterClass
 0001:000143BC       Classes.TRegGroup.Registered
 0001:00014400       Classes.TRegGroup.UnregisterModuleClasses
 0001:000144AC       Classes.TRegGroups.Activate
 0001:000144F8       Classes.TRegGroups.Create
 0001:0001456C       Classes.TRegGroups.Destroy
 0001:000145CC       Classes.TRegGroups.FindGroup
 0001:00014610       Classes.TRegGroups.GetClass
 0001:000146E4       Classes.TRegGroups.GroupWith
 0001:000147B0       Classes.TRegGroups.Lock
 0001:000147BC       Classes.TRegGroups.RegisterClass
 0001:000147D4       Classes.TRegGroups.Registered
 0001:00014818       Classes.TRegGroups.StartGroup
 0001:00014868       Classes.TRegGroups.Unlock
 0001:00014874       Classes.TRegGroups.UnregisterModuleClasses
 0001:00017EE4       Classes.TResourceStream.Create
 0001:00018048       Classes.TResourceStream.Destroy
 0001:00017FDC       Classes.TResourceStream.Initialize
 0001:00018078       Classes.TResourceStream.Write
 0001:00017818       Classes.TStream.CopyFrom
 0001:0001757C       Classes.TStream.GetPosition
 0001:000175B0       Classes.TStream.GetSize
 0001:000177A8       Classes.TStream.ReadBuffer
 0001:0001790C       Classes.TStream.ReadComponent
 0001:000176B4       Classes.TStream.Seek
 0001:00017738       Classes.TStream.Seek
 0001:0001759C       Classes.TStream.SetPosition
 0001:000175FC       Classes.TStream.SetSize
 0001:00017614       Classes.TStream.SetSize
 0001:00017600       Classes.TStream.SetSize64
 0001:000177E0       Classes.TStream.WriteBuffer
 0001:0001CCC8       Classes.TStreamAdapter.Clone
 0001:0001CC1C       Classes.TStreamAdapter.Commit
 0001:0001CA14       Classes.TStreamAdapter.CopyTo
 0001:0001C7D8       Classes.TStreamAdapter.Create
 0001:0001C824       Classes.TStreamAdapter.Destroy
 0001:0001CC34       Classes.TStreamAdapter.LockRegion
 0001:0001C85C       Classes.TStreamAdapter.Read
 0001:0001CC28       Classes.TStreamAdapter.Revert
 0001:0001C92C       Classes.TStreamAdapter.Seek
 0001:0001C9B0       Classes.TStreamAdapter.SetSize
 0001:0001CC4C       Classes.TStreamAdapter.Stat
 0001:0001CC40       Classes.TStreamAdapter.UnlockRegion
 0001:0001C8C4       Classes.TStreamAdapter.Write
 0001:00016EFC       Classes.TStringList.Add
 0001:00016F0C       Classes.TStringList.AddObject
 0001:00016F70       Classes.TStringList.Changed
 0001:00016F8C       Classes.TStringList.Changing
 0001:00016FA8       Classes.TStringList.Clear
 0001:000174F8       Classes.TStringList.CompareStrings
 0001:000174C0       Classes.TStringList.CustomSort
 0001:00016FE8       Classes.TStringList.Delete
 0001:00016EA0       Classes.TStringList.Destroy
 0001:00017054       Classes.TStringList.Exchange
 0001:000170B0       Classes.TStringList.ExchangeItems
 0001:000170D4       Classes.TStringList.Find
 0001:00017158       Classes.TStringList.Get
 0001:0001718C       Classes.TStringList.GetCapacity
 0001:00017190       Classes.TStringList.GetCount
 0001:00017194       Classes.TStringList.GetObject
 0001:000171BC       Classes.TStringList.Grow
 0001:000171F0       Classes.TStringList.IndexOf
 0001:0001722C       Classes.TStringList.Insert
 0001:00017290       Classes.TStringList.InsertItem
 0001:0001723C       Classes.TStringList.InsertObject
 0001:0001730C       Classes.TStringList.Put
 0001:00017368       Classes.TStringList.PutObject
 0001:000173A8       Classes.TStringList.QuickSort
 0001:0001743C       Classes.TStringList.SetCapacity
 0001:00017458       Classes.TStringList.SetSorted
 0001:00017478       Classes.TStringList.SetUpdateState
 0001:000174B0       Classes.TStringList.Sort
 0001:00015D94       Classes.TStrings.Add
 0001:00015DB8       Classes.TStrings.AddObject
 0001:00015DDC       Classes.TStrings.AddStrings
 0001:00015E94       Classes.TStrings.Assign
 0001:00015F4C       Classes.TStrings.BeginUpdate
 0001:00016E28       Classes.TStrings.CompareStrings
 0001:00015FBC       Classes.TStrings.DefineProperties
 0001:00015D64       Classes.TStrings.Destroy
 0001:00016008       Classes.TStrings.EndUpdate
 0001:0001601C       Classes.TStrings.Equals
 0001:000160C8       Classes.TStrings.Error
 0001:00016100       Classes.TStrings.Error
 0001:00016158       Classes.TStrings.Exchange
 0001:00016244       Classes.TStrings.ExtractName
 0001:000162C0       Classes.TStrings.GetCapacity
 0001:00016DC8       Classes.TStrings.GetLineBreak
 0001:000162C8       Classes.TStrings.GetName
 0001:00016E6C       Classes.TStrings.GetNameValueSeparator
 0001:00016328       Classes.TStrings.GetObject
 0001:0001632C       Classes.TStrings.GetText
 0001:00016380       Classes.TStrings.GetTextStr
 0001:000164B8       Classes.TStrings.GetValue
 0001:00016550       Classes.TStrings.IndexOf
 0001:000165DC       Classes.TStrings.IndexOfName
 0001:000166B0       Classes.TStrings.IndexOfObject
 0001:000166E4       Classes.TStrings.InsertObject
 0001:00016714       Classes.TStrings.LoadFromFile
 0001:00016768       Classes.TStrings.LoadFromStream
 0001:00016814       Classes.TStrings.Move
 0001:000168C4       Classes.TStrings.Put
 0001:000168F4       Classes.TStrings.PutObject
 0001:000168F8       Classes.TStrings.ReadData
 0001:000169A8       Classes.TStrings.SaveToFile
 0001:00016A00       Classes.TStrings.SaveToStream
 0001:00016A60       Classes.TStrings.SetCapacity
 0001:00016DFC       Classes.TStrings.SetLineBreak
 0001:00016E84       Classes.TStrings.SetNameValueSeparator
 0001:00016A64       Classes.TStrings.SetStringsAdapter
 0001:00016A98       Classes.TStrings.SetText
 0001:00016AE8       Classes.TStrings.SetTextStr
 0001:00016C8C       Classes.TStrings.SetUpdateState
 0001:00016C90       Classes.TStrings.SetValue
 0001:00016D44       Classes.TStrings.WriteData
 0001:0001B82C       Classes.TThread.AfterConstruction
 0001:0001B8CC       Classes.TThread.CallOnTerminate
 0001:0001B838       Classes.TThread.CheckThreadError
 0001:0001B8B4       Classes.TThread.CheckThreadError
 0001:0001B6E8       Classes.TThread.Create
 0001:0001B7B8       Classes.TThread.Destroy
 0001:0001B8E0       Classes.TThread.DoTerminate
 0001:0001B920       Classes.TThread.RemoveQueuedEvents
 0001:0001BBE8       Classes.TThread.Resume
 0001:0001B8F4       Classes.TThread.SetPriority
 0001:0001BB7C       Classes.TThread.Synchronize
 0001:0001BBA4       Classes.TThread.Synchronize
 0001:0001B9E0       Classes.TThread.Synchronize
 0001:0001BC10       Classes.TThread.Terminate
 0001:0001BC18       Classes.TThread.WaitFor
 0001:000157A8       Classes.TThreadList.Add
 0001:000156D8       Classes.TThreadList.Create
 0001:0001572C       Classes.TThreadList.Destroy
 0001:00015830       Classes.TThreadList.LockList
 0001:00015844       Classes.TThreadList.Remove
 0001:00015894       Classes.TThreadList.UnlockList
 0001:0001B1C0       Classes.TWriter.Write
 0001:0001B224       Classes.TWriter.WriteBoolean
 0001:0001B20C       Classes.TWriter.WriteBuffer
 0001:0001B238       Classes.TWriter.WriteInteger
 0001:0001B2AC       Classes.TWriter.WriteListBegin
 0001:0001B2B4       Classes.TWriter.WriteListEnd
 0001:0001B2BC       Classes.TWriter.WriteMinStr
 0001:0001B368       Classes.TWriter.WriteString
 0001:0001B3BC       Classes.TWriter.WriteValue
 0001:00014F48       Classes.UnregisterFindGlobalComponentProc
 0001:00014C04       Classes.UnRegisterModuleClasses
 0003:00000B04       Classes.UtilWindowClass
 0001:0001B428       Classes.WaitForSyncEvent
 0003:00000ACC       Classes.WakeMainThread
 0004:00007098       Clipbrd..2
 0004:00007096       Clipbrd.CF_COMPONENT
 0004:00007094       Clipbrd.CF_PICTURE
 0002:00000620       Clipbrd.Clipbrd
 0004:0000709C       Clipbrd.FClipboard
 0001:00082604       Clipbrd.Finalization
 0004:000071E8       ComCtrls..76
 0001:000B153C       ComCtrls..ECommonCalendarError
 0001:000B18A0       ComCtrls..EDateTimeError
 0001:000B1724       ComCtrls..TCommonCalendar
 0001:000B14B4       ComCtrls..TConversion
 0001:000B1A64       ComCtrls..TDateTimePicker
 0001:000B15A0       ComCtrls..TMonthCalColors
 0001:000B248C       ComCtrls.CheckCommonControl
 0003:00006910       ComCtrls.ColorIndex
 0002:0000086C       ComCtrls.ComCtrls
 0001:000B3A08       ComCtrls.Finalization
 0003:00006948       ComCtrls.Formats
 0004:000071F0       ComCtrls.FRichEditModule
 0001:000B2460       ComCtrls.InitCommonControl
 0001:000B3170       ComCtrls.IsBlankSysTime
 0003:00006940       ComCtrls.MultiSelFlags
 0003:000068F8       ComCtrls.RTFConversionFormat
 0001:000B24B4       ComCtrls.SetComCtlStyle
 0004:000071EC       ComCtrls.ShellModule
 0003:00006930       ComCtrls.ShowTodayCircleFlags
 0003:00006928       ComCtrls.ShowTodayFlags
 0001:000B2820       ComCtrls.TCommonCalendar.CheckEmptyDate
 0001:000B2824       ComCtrls.TCommonCalendar.CheckValidDate
 0001:000B2754       ComCtrls.TCommonCalendar.Create
 0001:000B295C       ComCtrls.TCommonCalendar.CreateWnd
 0001:000B27F0       ComCtrls.TCommonCalendar.Destroy
 0001:000B2A38       ComCtrls.TCommonCalendar.DoStoreMaxDate
 0001:000B2A54       ComCtrls.TCommonCalendar.DoStoreMinDate
 0001:000B29F8       ComCtrls.TCommonCalendar.GetCalStyles
 0001:000B2A70       ComCtrls.TCommonCalendar.GetDate
 0001:000B2A8C       ComCtrls.TCommonCalendar.SetCalColors
 0001:000B2AA0       ComCtrls.TCommonCalendar.SetDate
 0001:000B2B5C       ComCtrls.TCommonCalendar.SetDateTime
 0001:000B2BE4       ComCtrls.TCommonCalendar.SetEndDate
 0001:000B2C6C       ComCtrls.TCommonCalendar.SetFirstDayOfWeek
 0001:000B2CDC       ComCtrls.TCommonCalendar.SetMaxDate
 0001:000B2DD8       ComCtrls.TCommonCalendar.SetMaxSelectRange
 0001:000B2E34       ComCtrls.TCommonCalendar.SetMinDate
 0001:000B2F30       ComCtrls.TCommonCalendar.SetMonthDelta
 0001:000B2F70       ComCtrls.TCommonCalendar.SetRange
 0001:000B30C0       ComCtrls.TCommonCalendar.SetSelectedRange
 0001:000B24FC       ComCtrls.TConversion.ConvertReadStream
 0001:000B2510       ComCtrls.TConversion.ConvertWriteStream
 0001:000B3250       ComCtrls.TDateTimePicker.AdjustHeight
 0001:000B33C8       ComCtrls.TDateTimePicker.Change
 0001:000B32EC       ComCtrls.TDateTimePicker.CheckEmptyDate
 0001:000B343C       ComCtrls.TDateTimePicker.CMColorChanged
 0001:000B345C       ComCtrls.TDateTimePicker.CMFontChanged
 0001:000B3480       ComCtrls.TDateTimePicker.CNNotify
 0001:000B3180       ComCtrls.TDateTimePicker.Create
 0001:000B331C       ComCtrls.TDateTimePicker.CreateParams
 0001:000B33E8       ComCtrls.TDateTimePicker.CreateWnd
 0001:000B36A4       ComCtrls.TDateTimePicker.GetCalendarHandle
 0001:000B36BC       ComCtrls.TDateTimePicker.GetTime
 0001:000B36D8       ComCtrls.TDateTimePicker.MsgSetCalColors
 0001:000B3714       ComCtrls.TDateTimePicker.MsgSetDateTime
 0001:000B37E0       ComCtrls.TDateTimePicker.MsgSetRange
 0001:000B3820       ComCtrls.TDateTimePicker.SetCalAlignment
 0001:000B3848       ComCtrls.TDateTimePicker.SetChecked
 0001:000B38A0       ComCtrls.TDateTimePicker.SetDateFormat
 0001:000B38B4       ComCtrls.TDateTimePicker.SetDateMode
 0001:000B39C0       ComCtrls.TDateTimePicker.SetFormat
 0001:000B38C8       ComCtrls.TDateTimePicker.SetKind
 0001:000B38DC       ComCtrls.TDateTimePicker.SetParseInput
 0001:000B3900       ComCtrls.TDateTimePicker.SetShowCheckbox
 0001:000B3914       ComCtrls.TDateTimePicker.SetTime
 0003:00006904       ComCtrls.TextConversionFormat
 0001:000B2574       ComCtrls.TMonthCalColors.Assign
 0001:000B2524       ComCtrls.TMonthCalColors.Create
 0001:000B26F8       ComCtrls.TMonthCalColors.SetAllColors
 0001:000B2680       ComCtrls.TMonthCalColors.SetColor
 0003:00006938       ComCtrls.WeekNumFlags
 0004:00006F3C       CommCtrl.ComCtl32DLL
 0001:00075F0C       CommCtrl.ImageList_Add
 0001:00075F44       CommCtrl.ImageList_BeginDrag
 0001:00075EF4       CommCtrl.ImageList_Create
 0001:00075EFC       CommCtrl.ImageList_Destroy
 0001:00075F54       CommCtrl.ImageList_DragEnter
 0001:00075F5C       CommCtrl.ImageList_DragLeave
 0001:00075F64       CommCtrl.ImageList_DragMove
 0001:00075F6C       CommCtrl.ImageList_DragShowNolock
 0001:00075F24       CommCtrl.ImageList_Draw
 0001:00075F34       CommCtrl.ImageList_DrawEx
 0001:00075F4C       CommCtrl.ImageList_EndDrag
 0001:00075F1C       CommCtrl.ImageList_GetBkColor
 0001:00075F74       CommCtrl.ImageList_GetDragImage
 0001:00075F8C       CommCtrl.ImageList_GetIconSize
 0001:00075F04       CommCtrl.ImageList_GetImageCount
 0001:00075F7C       CommCtrl.ImageList_Read
 0001:00075F3C       CommCtrl.ImageList_Remove
 0001:00075F2C       CommCtrl.ImageList_Replace
 0001:00075F14       CommCtrl.ImageList_SetBkColor
 0001:00075F94       CommCtrl.ImageList_SetIconSize
 0001:00075F84       CommCtrl.ImageList_Write
 0001:00075E60       CommCtrl.InitComCtl
 0001:00075E58       CommCtrl.InitCommonControls
 0001:00075EC0       CommCtrl.InitCommonControlsEx
 0004:00006F40       CommCtrl._InitCommonControlsEx
 0001:00075F9C       CommCtrl._TrackMouseEvent
 0001:0007436C       Contnrs..TObjectList
 0001:000743D4       Contnrs..TOrderedList
 0001:0007443C       Contnrs..TStack
 0001:0007449C       Contnrs.TObjectList.Create
 0001:000744D8       Contnrs.TObjectList.GetItem
 0001:000744EC       Contnrs.TObjectList.Notify
 0001:00074530       Contnrs.TOrderedList.Create
 0001:00074574       Contnrs.TOrderedList.Destroy
 0001:000745A4       Contnrs.TOrderedList.PeekItem
 0001:00074518       Contnrs.TOrderedList.Pop
 0001:000745B8       Contnrs.TOrderedList.PopItem
 0001:00074520       Contnrs.TOrderedList.Push
 0001:000745D8       Contnrs.TStack.PushItem
 0004:000070FC       Controls..33
 0001:0008A2A4       Controls..TBaseDragControlObject
 0001:0008B648       Controls..TControl
 0001:0008A774       Controls..TControlActionLink
 0001:0008A5EC       Controls..TControlCanvas
 0001:0008C410       Controls..TCustomControl
 0001:0008A68C       Controls..TCustomControlAction
 0001:0008CB44       Controls..TDockTree
 0001:0008C9F8       Controls..TDockZone
 0001:0008A368       Controls..TDragControlObject
 0001:0008A3F4       Controls..TDragControlObjectEx
 0001:0008A484       Controls..TDragDockObject
 0001:0008A54C       Controls..TDragDockObjectEx
 0001:0008C70C       Controls..TDragImageList
 0001:0008A200       Controls..TDragObject
 0001:0008C2EC       Controls..TGraphicControl
 0001:0008C57C       Controls..THintWindow
 0001:0008C7D8       Controls..TImageList
 0001:0008ABDC       Controls..TMargins
 0001:0008CBE8       Controls..TMouse
 0001:0008ACF4       Controls..TPadding
 0001:0008D14C       Controls..TSiteList
 0001:0008AA90       Controls..TSizeConstraints
 0001:0008BEDC       Controls..TWinControl
 0001:0008BAB8       Controls..TWinControlActionLink
 0001:0008D7BC       Controls.AbsMin
 0004:00007130       Controls.ActiveDrag
 0001:00093AF8       Controls.AlignWork
 0003:00006618       Controls.AnchorAlign
 0003:0000660C       Controls.AnimateWindowProc
 0003:00006714       Controls.AnimationStyle
 0001:0009070C       Controls.BackgroundClipped
 0001:0009CD64       Controls.CalcSplitterPos
 0001:0008E860       Controls.CancelDrag
 0004:00007144       Controls.CanvasList
 0003:000066D0       Controls.CaptureControl
 0001:0008CC3C       Controls.ChangeBiDiModeAlignment
 0001:0008E4C8       Controls.CheckUndock
 0001:00099BA8       Controls.ClientToWindow
 0004:00007102       Controls.ControlAtom
 0004:00007108       Controls.ControlAtomString
 0002:00000718       Controls.Controls
 0003:00006610       Controls.CreationControl
 0003:0000670C       Controls.Ctl3DStyles
 0003:00006620       Controls.Cursors
 0001:0008CFE4       Controls.CursorToIdent
 0003:00006614       Controls.DefaultDockTreeClass
 0001:00094A84       Controls.DestroyChildWindow
 0001:0009396C       Controls.DoAlign
 0001:000984C4       Controls.DoCalcConstraints
 0004:00007138       Controls.DockSiteList
 0001:000957B4       Controls.DoControlMsg
 0001:0008DDD0       Controls.DoDragOver
 0001:0009A86C       Controls.DoFindControlZone
 0001:0009AF94       Controls.DoFindZone
 0001:0009A8F0       Controls.DoForEach
 0001:0009C538       Controls.DoGetNextLimit
 0001:0009D570       Controls.DoneControls
 0001:00093924       Controls.DoPosition
 0001:0009BA48       Controls.DoPrune
 0001:0009BF5C       Controls.DoSaveZone
 0001:0009C220       Controls.DoSetNewBounds
 0001:00094730       Controls.DoWriteDesignSize
 0001:00091A78       Controls.DoWriteExplicit
 0001:00091A44       Controls.DoWriteIsControl
 0004:0000711C       Controls.DragCapture
 0004:00007110       Controls.DragControl
 0001:0008E53C       Controls.DragDone
 0001:0008DD80       Controls.DragFindTarget
 0001:0008DD54       Controls.DragFindWindow
 0004:00007134       Controls.DragImageList
 0001:0008E194       Controls.DragInit
 0001:0008E304       Controls.DragInitControl
 0004:00007118       Controls.DragInternalObject
 0001:0008DC9C       Controls.DragMessage
 0004:00007114       Controls.DragObject
 0004:00007140       Controls.DragSave
 0004:00007128       Controls.DragSaveCursor
 0004:00007120       Controls.DragStartPos
 0004:0000712C       Controls.DragThreshold
 0001:0008DEAC       Controls.DragTo
 0001:0009B4CC       Controls.DrawCloseButton
 0001:0009B560       Controls.DrawGrabberLine
 0001:0009B5E8       Controls.DrawThemedGrabber
 0003:000066FC       Controls.EdgeStyles
 0001:0009DB90       Controls.Finalization
 0001:0008CD94       Controls.FindControl
 0001:0008E8AC       Controls.FindDragTarget
 0001:0008E878       Controls.FindVCLWindow
 0001:0008E970       Controls.FreeDeviceContext
 0001:0008EA2C       Controls.FreeDeviceContexts
 0001:0008D0E0       Controls.GetCaptureControl
 0001:00093794       Controls.GetClientSize
 0001:00094EA4       Controls.GetControlAtPos
 0001:0009C618       Controls.GetDockAlign
 0001:0008DAEC       Controls.GetDockSiteAtPos
 0001:0008DE0C       Controls.GetDropCtl
 0001:0009A59C       Controls.GetLastChildZone
 0001:0008D048       Controls.GetLongHint
 0001:0008D004       Controls.GetShortHint
 0001:0008D1EC       Controls.GetTopParent
 0001:0009C694       Controls.HideZone
 0001:0008CFF4       Controls.IdentToCursor
 0003:0000673C       Controls.IMM32DLL
 0001:0009D55C       Controls.Imm32IsIME
 0001:0009D5F8       Controls.InitControls
 0001:0009D200       Controls.InitIMM32
 0001:0008CC50       Controls.InitWndProc
 0003:000066DC       Controls.InnerStyles
 0001:000937F4       Controls.InsertBefore
 0001:0008D8A0       Controls.IsBeforeTargetWindow
 0001:0008DCF4       Controls.IsDelphiHandle
 0001:00099FD0       Controls.IsOrientationSet
 0001:0008DAA8       Controls.IsSiteChildOfClient
 0001:0008CDF0       Controls.IsVCLControl
 0004:000070F0       Controls.IsVCLControlHook
 0001:0008E8F8       Controls.ListAdd
 0001:0008E920       Controls.ListRemove
 0003:00006728       Controls.MakeLast
 0001:00092B3C       Controls.MinVar
 0003:00006740       Controls.ModeMap
 0004:000070EC       Controls.Mouse
 0001:0008E940       Controls.MoveWindowOrg
 0004:000070F8       Controls.NewStyleControls
 0001:00099FB4       Controls.NextVisibleZone
 0001:0008CD60       Controls.ObjectFromHWnd
 0003:00006720       Controls.OrientArray
 0003:000066EC       Controls.OuterStyles
 0001:0009A3C4       Controls.ParentNotLast
 0001:0008D08C       Controls.PerformEraseBackground
 0001:0009471C       Controls.PointsEqual
 0004:0000713C       Controls.QualifyingSites
 0001:0009B130       Controls.ReadControlName
 0001:0008DC40       Controls.RegisterDockSite
 0004:0000710C       Controls.RM_GetObjectInstance
 0001:0008CE20       Controls.SendAppMessage
 0001:0008D108       Controls.SetCaptureControl
 0001:0009D484       Controls.SetImeMode
 0003:000066D4       Controls.ShowFlags
 0001:0009C714       Controls.ShowZone
 0003:00006734       Controls.SizeCursors
 0001:0008D5BC       Controls.TBaseDragControlObject.Assign
 0001:0008D598       Controls.TBaseDragControlObject.Create
 0001:0008D5E8       Controls.TBaseDragControlObject.EndDrag
 0001:0008D60C       Controls.TBaseDragControlObject.Finished
 0001:0009286C       Controls.TControl.ActionChange
 0001:00092C5C       Controls.TControl.AdjustSize
 0001:00092A90       Controls.TControl.AssignTo
 0001:00090A58       Controls.TControl.BeginAutoDrag
 0001:00090A74       Controls.TControl.BeginDrag
 0001:000905A4       Controls.TControl.BringToFront
 0001:000914BC       Controls.TControl.CalcCursorPos
 0001:00091624       Controls.TControl.CalcDockSizes
 0001:000913BC       Controls.TControl.CanAutoSize
 0001:000913C0       Controls.TControl.CanResize
 0001:0008FF3C       Controls.TControl.Changed
 0001:0008FF4C       Controls.TControl.ChangeScale
 0001:00092034       Controls.TControl.CheckNewSize
 0001:00091E28       Controls.TControl.Click
 0001:0008FDC4       Controls.TControl.ClientToScreen
 0001:000925C4       Controls.TControl.CMBiDiModeChanged
 0001:000924F0       Controls.TControl.CMColorChanged
 0001:000926F4       Controls.TControl.CMDesignHitTest
 0001:000924D0       Controls.TControl.CMEnabledChanged
 0001:0009280C       Controls.TControl.CMFloat
 0001:000924E0       Controls.TControl.CMFontChanged
 0001:00092CE8       Controls.TControl.CMHintShow
 0001:00092674       Controls.TControl.CMHitTest
 0001:00092E9C       Controls.TControl.CMMouseActivate
 0001:0009267C       Controls.TControl.CMMouseEnter
 0001:000926B8       Controls.TControl.CMMouseLeave
 0001:00092554       Controls.TControl.CMMouseWheel
 0001:00092530       Controls.TControl.CMParentBiDiModeChanged
 0001:00092500       Controls.TControl.CMParentColorChanged
 0001:00092620       Controls.TControl.CMParentFontChanged
 0001:000925E4       Controls.TControl.CMParentShowHintChanged
 0001:00092650       Controls.TControl.CMSysFontChanged
 0001:000924A8       Controls.TControl.CMVisibleChanged
 0001:0009148C       Controls.TControl.ConstrainedResize
 0001:0008F19C       Controls.TControl.Create
 0001:000926FC       Controls.TControl.CreateFloatingDockSite
 0001:00091E94       Controls.TControl.DblClick
 0001:00090EFC       Controls.TControl.DefaultDockImage
 0001:0009199C       Controls.TControl.DefaultHandler
 0001:00091C98       Controls.TControl.DefineProperties
 0001:000914E8       Controls.TControl.DesignWndProc
 0001:0008F294       Controls.TControl.Destroy
 0001:0009296C       Controls.TControl.DoActionChange
 0001:000913F0       Controls.TControl.DoCanAutoSize
 0001:0009145C       Controls.TControl.DoCanResize
 0001:0008FA94       Controls.TControl.Dock
 0001:00090CF8       Controls.TControl.DockTrackNoTarget
 0001:0009151C       Controls.TControl.DoConstrainedResize
 0001:000913AC       Controls.TControl.DoConstraintsChange
 0001:00092E5C       Controls.TControl.DoContextPopup
 0001:0008FBC4       Controls.TControl.DoDock
 0001:00091048       Controls.TControl.DoDragMsg
 0001:00090D10       Controls.TControl.DoEndDock
 0001:00090BF8       Controls.TControl.DoEndDrag
 0001:00092EC0       Controls.TControl.DoMarginChange
 0001:00090D5C       Controls.TControl.DoMouseActivate
 0001:00091EEC       Controls.TControl.DoMouseDown
 0001:00092264       Controls.TControl.DoMouseUp
 0001:00090D90       Controls.TControl.DoMouseWheel
 0001:00090E64       Controls.TControl.DoMouseWheelDown
 0001:00090EB0       Controls.TControl.DoMouseWheelUp
 0001:00090D3C       Controls.TControl.DoStartDock
 0001:00090BD8       Controls.TControl.DoStartDrag
 0001:00090B60       Controls.TControl.DragCanceled
 0001:00090BAC       Controls.TControl.DragDrop
 0001:00090B64       Controls.TControl.Dragging
 0001:00090B70       Controls.TControl.DragOver
 0001:00091028       Controls.TControl.DrawDragDockImage
 0001:00092C7C       Controls.TControl.DrawTextBiDiModeFlags
 0001:00092CBC       Controls.TControl.DrawTextBiDiModeFlagsReadingOnly
 0001:00091038       Controls.TControl.EraseDragDockImage
 0001:000903F4       Controls.TControl.FontChanged
 0001:0008F41C       Controls.TControl.GetAction
 0001:00092990       Controls.TControl.GetActionLinkClass
 0001:00092ED4       Controls.TControl.GetAlignWithMargins
 0001:0008FC54       Controls.TControl.GetBoundsRect
 0001:0008FCF4       Controls.TControl.GetClientHeight
 0001:0008FD34       Controls.TControl.GetClientOrigin
 0001:0008FC98       Controls.TControl.GetClientRect
 0001:0008FCB0       Controls.TControl.GetClientWidth
 0001:00090A08       Controls.TControl.GetControlsAlignment
 0001:00090664       Controls.TControl.GetDeviceContext
 0001:00092B78       Controls.TControl.GetDockEdge
 0001:0008F35C       Controls.TControl.GetDragImages
 0001:0008F360       Controls.TControl.GetEnabled
 0001:00092C28       Controls.TControl.GetFloating
 0001:00092C54       Controls.TControl.GetFloatingDockSiteClass
 0001:0009056C       Controls.TControl.GetMouseCapture
 0001:0008F368       Controls.TControl.GetPalette
 0001:0008F374       Controls.TControl.GetParentComponent
 0001:0009202C       Controls.TControl.GetPopupMenu
 0001:00090344       Controls.TControl.GetText
 0001:000902C4       Controls.TControl.GetTextBuf
 0001:000902B4       Controls.TControl.GetTextLen
 0001:000902D0       Controls.TControl.GetUndockHeight
 0001:000902E4       Controls.TControl.GetUndockWidth
 0001:0008F36C       Controls.TControl.HasParent
 0001:00092CD8       Controls.TControl.InitiateAction
 0001:00090824       Controls.TControl.Invalidate
 0001:00090798       Controls.TControl.InvalidateControl
 0001:0008F548       Controls.TControl.IsAnchorsStored
 0001:00090468       Controls.TControl.IsBiDiModeStored
 0001:00092998       Controls.TControl.IsCaptionStored
 0001:00090500       Controls.TControl.IsColorStored
 0001:000929B8       Controls.TControl.IsEnabledStored
 0001:00090448       Controls.TControl.IsFontStored
 0001:000929F8       Controls.TControl.IsHelpContextStored
 0001:000929D8       Controls.TControl.IsHintStored
 0001:00092A38       Controls.TControl.IsOnClickStored
 0001:0009045C       Controls.TControl.IsShowHintStored
 0001:00092A18       Controls.TControl.IsVisibleStored
 0001:00092A58       Controls.TControl.Loaded
 0001:00091138       Controls.TControl.ManualDock
 0001:00091318       Controls.TControl.ManualFloat
 0001:00090838       Controls.TControl.MouseActivate
 0001:00091EB4       Controls.TControl.MouseDown
 0001:00092180       Controls.TControl.MouseMove
 0001:0009222C       Controls.TControl.MouseUp
 0001:00090880       Controls.TControl.MouseWheelHandler
 0001:0008F660       Controls.TControl.Notification
 0001:0008F3A0       Controls.TControl.PaletteChanged
 0001:000915F0       Controls.TControl.Perform
 0001:00090C24       Controls.TControl.PositionDockRect
 0001:00092FB0       Controls.TControl.ReadExplicitHeight
 0001:00092FC8       Controls.TControl.ReadExplicitLeft
 0001:00092F98       Controls.TControl.ReadExplicitTop
 0001:00092F70       Controls.TControl.ReadExplicitWidth
 0001:00091A24       Controls.TControl.ReadIsControl
 0001:0008F5CC       Controls.TControl.ReadState
 0001:0009090C       Controls.TControl.Repaint
 0001:0008F59C       Controls.TControl.RequestAlign
 0001:0008F5AC       Controls.TControl.Resize
 0001:0008FDF0       Controls.TControl.ScaleConstraints
 0001:0008FE74       Controls.TControl.ScreenToClient
 0001:0008FEA0       Controls.TControl.SendCancelMode
 0001:0008FED0       Controls.TControl.SendDockNotification
 0001:0008F4CC       Controls.TControl.SetAction
 0001:0008F6B8       Controls.TControl.SetAlign
 0001:00092EDC       Controls.TControl.SetAlignWithMargins
 0001:0008F42C       Controls.TControl.SetAnchors
 0001:00090110       Controls.TControl.SetAutoSize
 0001:000903D8       Controls.TControl.SetBiDiMode
 0001:0008F7A0       Controls.TControl.SetBounds
 0001:0008FC74       Controls.TControl.SetBoundsRect
 0001:0008FD0C       Controls.TControl.SetClientHeight
 0001:000901D0       Controls.TControl.SetClientSize
 0001:0008FCC8       Controls.TControl.SetClientWidth
 0001:000904E4       Controls.TControl.SetColor
 0001:00092E90       Controls.TControl.SetConstraints
 0001:00090550       Controls.TControl.SetCursor
 0001:0008F560       Controls.TControl.SetDesignVisible
 0001:0008F598       Controls.TControl.SetDragMode
 0001:0009029C       Controls.TControl.SetEnabled
 0001:00090438       Controls.TControl.SetFont
 0001:0008FA60       Controls.TControl.SetHeight
 0001:0008FC1C       Controls.TControl.SetHelpContext
 0001:0008FC30       Controls.TControl.SetHelpKeyword
 0001:0008F9C4       Controls.TControl.SetLeft
 0001:00092EC8       Controls.TControl.SetMargins
 0001:0009057C       Controls.TControl.SetMouseCapture
 0001:0009012C       Controls.TControl.SetName
 0001:00090218       Controls.TControl.SetParent
 0001:0009052C       Controls.TControl.SetParentBiDiMode
 0001:00090508       Controls.TControl.SetParentColor
 0001:0008F378       Controls.TControl.SetParentComponent
 0001:00090470       Controls.TControl.SetParentFont
 0001:000904B8       Controls.TControl.SetParentShowHint
 0001:000902F8       Controls.TControl.SetPopupMenu
 0001:00090494       Controls.TControl.SetShowHint
 0001:00090374       Controls.TControl.SetText
 0001:00090320       Controls.TControl.SetTextBuf
 0001:0008F9F8       Controls.TControl.SetTop
 0001:00090264       Controls.TControl.SetVisible
 0001:0008FA2C       Controls.TControl.SetWidth
 0001:00090640       Controls.TControl.SetZOrder
 0001:000905B8       Controls.TControl.SetZOrderPosition
 0001:000908F8       Controls.TControl.Update
 0001:0008F840       Controls.TControl.UpdateAnchorRules
 0001:00091698       Controls.TControl.UpdateBoundsRect
 0001:00092F0C       Controls.TControl.UpdateExplicitBounds
 0001:00090A24       Controls.TControl.UseRightToLeftAlignment
 0001:00090A0C       Controls.TControl.UseRightToLeftReading
 0001:00090A3C       Controls.TControl.UseRightToLeftScrollBar
 0001:000916C8       Controls.TControl.VisibleChanging
 0001:000923B8       Controls.TControl.WMCancelMode
 0001:00092D18       Controls.TControl.WMContextMenu
 0001:00091FD8       Controls.TControl.WMLButtonDblClk
 0001:00091F70       Controls.TControl.WMLButtonDown
 0001:0009229C       Controls.TControl.WMLButtonUp
 0001:00092154       Controls.TControl.WMMButtonDblClk
 0001:00092128       Controls.TControl.WMMButtonDown
 0001:00092340       Controls.TControl.WMMButtonUp
 0001:000921B4       Controls.TControl.WMMouseMove
 0001:00092360       Controls.TControl.WMMouseWheel
 0001:00091FBC       Controls.TControl.WMNCLButtonDown
 0001:000920FC       Controls.TControl.WMRButtonDblClk
 0001:000920D0       Controls.TControl.WMRButtonDown
 0001:00092320       Controls.TControl.WMRButtonUp
 0001:000923F8       Controls.TControl.WMWindowPosChanged
 0001:000916CC       Controls.TControl.WndProc
 0001:00092F50       Controls.TControl.WriteExplicitHeight
 0001:00092F60       Controls.TControl.WriteExplicitLeft
 0001:00092F40       Controls.TControl.WriteExplicitTop
 0001:00092F88       Controls.TControl.WriteExplicitWidth
 0001:00091A38       Controls.TControl.WriteIsControl
 0001:0008ED48       Controls.TControlActionLink.AssignClient
 0001:0008ED64       Controls.TControlActionLink.DoShowHint
 0001:0008EE54       Controls.TControlActionLink.IsCaptionLinked
 0001:0008EEC8       Controls.TControlActionLink.IsDropdownMenuLinked
 0001:0008EEDC       Controls.TControlActionLink.IsEnabledLinked
 0001:0008EF10       Controls.TControlActionLink.IsEnableDropdownLinked
 0001:0008F0B0       Controls.TControlActionLink.IsHelpLinked
 0001:0008EF24       Controls.TControlActionLink.IsHintLinked
 0001:0008EFD0       Controls.TControlActionLink.IsOnExecuteLinked
 0001:0008EF5C       Controls.TControlActionLink.IsPopupMenuLinked
 0001:0008EF9C       Controls.TControlActionLink.IsVisibleLinked
 0001:0008EFF8       Controls.TControlActionLink.SetCaption
 0001:0008F018       Controls.TControlActionLink.SetDropdownMenu
 0001:0008F01C       Controls.TControlActionLink.SetEnabled
 0001:0008F03C       Controls.TControlActionLink.SetEnableDropdown
 0001:0008F138       Controls.TControlActionLink.SetHelpContext
 0001:0008F118       Controls.TControlActionLink.SetHelpKeyword
 0001:0008F158       Controls.TControlActionLink.SetHelpType
 0001:0008F040       Controls.TControlActionLink.SetHint
 0001:0008F084       Controls.TControlActionLink.SetOnExecute
 0001:0008F178       Controls.TControlActionLink.SetPopupMenu
 0001:0008F064       Controls.TControlActionLink.SetVisible
 0001:0008EB04       Controls.TControlCanvas.CreateHandle
 0001:0008EAD8       Controls.TControlCanvas.Destroy
 0001:0008EBAC       Controls.TControlCanvas.FreeHandle
 0001:0008EBE0       Controls.TControlCanvas.SetControl
 0001:0008EBF8       Controls.TControlCanvas.UpdateTextFlags
 0001:00099E58       Controls.TCustomControl.Create
 0001:00099EB4       Controls.TCustomControl.Destroy
 0001:00099FB0       Controls.TCustomControl.Paint
 0001:00099F04       Controls.TCustomControl.PaintWindow
 0001:00099EE4       Controls.TCustomControl.WMPaint
 0001:0009CB6C       Controls.TDockTree.ActualSize
 0001:0009A83C       Controls.TDockTree.AdjustDockRect
 0001:0009CC00       Controls.TDockTree.AdjustFrameRect
 0001:0009A854       Controls.TDockTree.BeginUpdate
 0001:0009C84C       Controls.TDockTree.ControlVisibilityChanged
 0001:0009A680       Controls.TDockTree.Create
 0001:0009A7E8       Controls.TDockTree.Destroy
 0001:0009C44C       Controls.TDockTree.DrawSizeSplitter
 0001:0009A858       Controls.TDockTree.EndUpdate
 0001:0009AF08       Controls.TDockTree.FindControlAtPos
 0001:0009A8C4       Controls.TDockTree.FindControlZone
 0001:0009A92C       Controls.TDockTree.ForEachAt
 0001:0009A944       Controls.TDockTree.GetControlBounds
 0001:0009C5C8       Controls.TDockTree.GetNextLimit
 0001:0009A9B8       Controls.TDockTree.HitTest
 0001:0009A9C8       Controls.TDockTree.InsertControl
 0001:0009ABE4       Controls.TDockTree.InsertNewParent
 0001:0009AD8C       Controls.TDockTree.InsertSibling
 0001:0009B0A8       Controls.TDockTree.InternalHitTest
 0001:0009B178       Controls.TDockTree.LoadFromStream
 0001:0009CC40       Controls.TDockTree.MouseDown
 0001:0009CDF4       Controls.TDockTree.MouseMove
 0001:0009CE44       Controls.TDockTree.MouseUp
 0001:0009B644       Controls.TDockTree.PaintDockFrame
 0001:0009B798       Controls.TDockTree.PaintSite
 0001:0009B8CC       Controls.TDockTree.PositionDockRect
 0001:0009BA7C       Controls.TDockTree.PruneZone
 0001:0009CBD4       Controls.TDockTree.ReferenceFromOrient
 0001:0009CB9C       Controls.TDockTree.RelativeSize
 0001:0009BAD8       Controls.TDockTree.RemoveControl
 0001:0009BB18       Controls.TDockTree.RemoveZone
 0001:0009BDB8       Controls.TDockTree.ResetBounds
 0001:0009C06C       Controls.TDockTree.SaveToStream
 0001:0009BEA0       Controls.TDockTree.ScaleZone
 0001:0009C2A8       Controls.TDockTree.SetNewBounds
 0001:0009C2D8       Controls.TDockTree.SetReplacingControl
 0001:0009C2F0       Controls.TDockTree.ShiftZone
 0001:0009CEB8       Controls.TDockTree.ShowHint
 0001:0009C324       Controls.TDockTree.SplitterMouseDown
 0001:0009C384       Controls.TDockTree.SplitterMouseUp
 0001:0009C400       Controls.TDockTree.UpdateAll
 0001:0009C428       Controls.TDockTree.UpdateZone
 0001:0009C438       Controls.TDockTree.WindowProc
 0001:0009C8D4       Controls.TDockTree.WndProc
 0001:0009AE04       Controls.TDockTree.ZoneCaptionHitTest
 0001:00099FF4       Controls.TDockZone.Create
 0001:0009A5AC       Controls.TDockZone.ExpandZoneLimit
 0001:0009A674       Controls.TDockZone.FirstVisibleChild
 0001:0009A018       Controls.TDockZone.GetChildCount
 0001:0009A2FC       Controls.TDockZone.GetControlName
 0001:0009A19C       Controls.TDockZone.GetHeightWidth
 0001:0009A088       Controls.TDockZone.GetLimitBegin
 0001:0009A0D0       Controls.TDockZone.GetLimitSize
 0001:0009A118       Controls.TDockZone.GetTopLeft
 0001:0009A050       Controls.TDockZone.GetVisible
 0001:0009A02C       Controls.TDockZone.GetVisibleChildCount
 0001:0009A570       Controls.TDockZone.GetZoneLimit
 0001:0009A64C       Controls.TDockZone.NextVisible
 0001:0009A658       Controls.TDockZone.PrevVisible
 0001:0009A254       Controls.TDockZone.ResetChildren
 0001:0009A5EC       Controls.TDockZone.ResetZoneLimits
 0001:0009A340       Controls.TDockZone.SetControlName
 0001:0009A598       Controls.TDockZone.SetZoneLimit
 0001:0009A3F4       Controls.TDockZone.Update
 0001:0008D640       Controls.TDragControlObject.GetDragCursor
 0001:0008D658       Controls.TDragControlObject.GetDragImages
 0001:0008D664       Controls.TDragControlObject.HideDragImage
 0001:0008D684       Controls.TDragControlObject.ShowDragImage
 0001:0008D6A4       Controls.TDragControlObjectEx.BeforeDestruction
 0001:0008D7E0       Controls.TDragDockObject.AdjustDockRect
 0001:0008D740       Controls.TDragDockObject.Assign
 0001:0008D6A8       Controls.TDragDockObject.Create
 0001:0008D710       Controls.TDragDockObject.Destroy
 0001:0008D85C       Controls.TDragDockObject.DrawDragDockImage
 0001:0008D7A0       Controls.TDragDockObject.EndDrag
 0001:0008D870       Controls.TDragDockObject.EraseDragDockImage
 0001:0008D884       Controls.TDragDockObject.GetDragCursor
 0001:0008D890       Controls.TDragDockObject.GetEraseWhenMoving
 0001:0008D894       Controls.TDragDockObject.GetFrameWidth
 0001:0008D89C       Controls.TDragDockObjectEx.BeforeDestruction
 0001:00099C98       Controls.TDragImageList.BeginDrag
 0001:00099D0C       Controls.TDragImageList.DragLock
 0001:00099D94       Controls.TDragImageList.DragMove
 0001:00099D70       Controls.TDragImageList.DragUnlock
 0001:00099E08       Controls.TDragImageList.EndDrag
 0001:00099C6C       Controls.TDragImageList.GetHotSpot
 0001:00099DF0       Controls.TDragImageList.HideDragImage
 0001:00099BE8       Controls.TDragImageList.Initialize
 0001:00099C48       Controls.TDragImageList.SetDragCursor
 0001:00099C00       Controls.TDragImageList.SetDragImage
 0001:00099DD8       Controls.TDragImageList.ShowDragImage
 0001:0008D588       Controls.TDragObject.AfterConstruction
 0001:0008D334       Controls.TDragObject.Assign
 0001:0008D578       Controls.TDragObject.BeforeDestruction
 0001:0008D374       Controls.TDragObject.Capture
 0001:0008D38C       Controls.TDragObject.Finished
 0001:0008D504       Controls.TDragObject.GetDragCursor
 0001:0008D500       Controls.TDragObject.GetDragImages
 0001:0008D394       Controls.TDragObject.GetName
 0001:0008D51C       Controls.TDragObject.HideDragImage
 0001:0008D520       Controls.TDragObject.Instance
 0001:0008D52C       Controls.TDragObject.MainWndProc
 0001:0008D3BC       Controls.TDragObject.ReleaseCapture
 0001:0008D528       Controls.TDragObject.ShowDragImage
 0001:0008D3D0       Controls.TDragObject.WndProc
 0001:00099468       Controls.TGraphicControl.Create
 0001:000994C4       Controls.TGraphicControl.Destroy
 0001:000995AC       Controls.TGraphicControl.Paint
 0001:00099504       Controls.TGraphicControl.WMPaint
 0001:0009989C       Controls.THintWindow.ActivateHint
 0001:00099A90       Controls.THintWindow.ActivateHintData
 0001:00099AB8       Controls.THintWindow.CalcHintRect
 0001:00099804       Controls.THintWindow.CMTextChanged
 0001:000995B0       Controls.THintWindow.Create
 0001:0009961C       Controls.THintWindow.CreateParams
 0001:00099794       Controls.THintWindow.IsHintMsg
 0001:00099B14       Controls.THintWindow.NCPaint
 0001:000996EC       Controls.THintWindow.Paint
 0001:000997F8       Controls.THintWindow.ReleaseHandle
 0001:00099BA4       Controls.THintWindow.ShouldHideHint
 0001:00099680       Controls.THintWindow.WMNCHitTest
 0001:00099688       Controls.THintWindow.WMNCPaint
 0001:00099B80       Controls.THintWindow.WMPrint
 0001:0009D808       Controls.TMargins.AssignTo
[...]
 15940 0001:0007097A 15945 0001:00070980 15946 0001:00070987 15947 0001:0007098F
 15948 0001:0007099D 15949 0001:000709AC 15951 0001:000709C8 15953 0001:000709D8
 15958 0001:000709DC 15961 0001:000709E3 15962 0001:000709E9 15963 0001:000709FC
 15964 0001:00070A04 15965 0001:00070A07 15970 0001:00070A0C 15973 0001:00070A13
 15974 0001:00070A19 15975 0001:00070A2C 15976 0001:00070A34 15977 0001:00070A37
 15982 0001:00070A3C 15985 0001:00070A43 15986 0001:00070A49 15987 0001:00070A5B
 15988 0001:00070A63 15989 0001:00070A66 15992 0001:00070A6C 15993 0001:00070A72
 15994 0001:00070A7B 15998 0001:00070A80 15999 0001:00070A88 16003 0001:00070A8C
 16004 0001:00070A94 16008 0001:00070A98 16009 0001:00070AA0 16013 0001:00070AA4
 16014 0001:00070AAC 16017 0001:00070AB0 16018 0001:00070AB7 16019 0001:00070AC3
 16020 0001:00070AD1 16021 0001:00070AD8 16022 0001:00070AE5 16027 0001:00070AEC
 16028 0001:00070AF4 16029 0001:00070AFC 16032 0001:00070B0A 16033 0001:00070B11
 16035 0001:00070B15 16037 0001:00070B2B 16038 0001:00070B35 16040 0001:00070B36
 16033 0001:00070B37 16043 0001:00070B48 16045 0001:00070B58 16048 0001:00070B5C
 16049 0001:00070B72 16053 0001:00070BE0 16060 0001:00070C0C 16061 0001:00070C10
 16062 0001:00070C19 16061 0001:00070C22 16063 0001:00070C25 16064 0001:00070C2C
 16070 0001:00070C30 16071 0001:00070C36 16073 0001:00070C3F 16074 0001:00070C4A
 16075 0001:00070C53 16078 0001:00070C58 16079 0001:00070C63 16080 0001:00070C6A
 16081 0001:00070C76 16084 0001:00070C84 16085 0001:00070C8A 16086 0001:00070C93
 16095 0001:00070C98 16096 0001:00070C9B 16097 0001:00070CB9 16099 0001:00070CBC
 16101 0001:00070CD4 16103 0001:00070CD9 16104 0001:00070CDA 16105 0001:00070CDD
 16107 0001:00070CE0 16108 0001:00070CE7 16114 0001:00070D04 16115 0001:00070D0B
 16126 0001:00070D0C 16127 0001:00070D28 16128 0001:00070D73 16129 0001:00070D78
 16130 0001:00070D7F 16131 0001:00070DC5 16132 0001:00070DC8 16162 0001:00070EEC
 16163 0001:00070EEF 16165 0001:00070EFD 16166 0001:00070F08 16167 0001:00070F15
 16169 0001:00070F2C 16173 0001:00070F30 16174 0001:00070F37 16176 0001:00070F39
 16177 0001:00070F3A 16178 0001:00070F3B 16179 0001:00070F3D 16180 0001:00070F40
 16181 0001:00070F45 16182 0001:00070F46 16183 0001:00070F47 16184 0001:00070F4C
 16185 0001:00070F4E 16186 0001:00070F4F 16187 0001:00070F50 16188 0001:00070F52
 16189 0001:00070F54 16190 0001:00070F56 16191 0001:00070F58 16192 0001:00070F5A
 16193 0001:00070F60 16194 0001:00070F62 16195 0001:00070F64 16196 0001:00070F66
 16197 0001:00070F6B 16198 0001:00070F70 16201 0001:00070F71 16204 0001:00070F76
 16370 0001:00070F78 16371 0001:00070F7D 16372 0001:00070F84 16374 0001:00070F88
 16375 0001:00070F8F 16376 0001:00070F98 16378 0001:00070FA8 16380 0001:00070FB6
 16538 0001:00070FBC 16539 0001:00070FC3 16540 0001:00070FCD 16541 0001:00070FDB
 16543 0001:00070FF9 16545 0001:0007100B 16566 0001:00071014 16567 0001:00071019
 16571 0001:0007101C 16572 0001:00071023 16600 0001:00071024 16601 0001:00071026
 16602 0001:00071029 16604 0001:0007102C 16605 0001:0007103A 16607 0001:0007103E
 16608 0001:00071048 16609 0001:00071056 16611 0001:0007105F 16612 0001:00071073
 16614 0001:00071077 16615 0001:0007108A 16619 0001:00071094 16626 0001:000710D0
 16628 0001:000710DB 16629 0001:000710E1 16631 0001:000710E7 16633 0001:00071109
 16635 0001:0007111D 16637 0001:00071128 16641 0001:0007115F 16643 0001:00071171
 16669 0001:000711B4 16670 0001:000711BA 16671 0001:000711D7 16672 0001:000711E1
 16677 0001:000711E4 16678 0001:000711EA 16679 0001:00071207 16680 0001:00071211
 16686 0001:00071214 16687 0001:0007121D 16690 0001:00071243 16691 0001:0007124D
 16692 0001:0007125B 16694 0001:00071272 16697 0001:00071281 16700 0001:00071288
 16701 0001:0007128E 16703 0001:000712BA 16704 0001:000712C4 16709 0001:000712C8
 16710 0001:000712CE 16711 0001:000712EB 16712 0001:000712F5 16715 0001:000712F8
 16716 0001:000712FE 16718 0001:00071315 16719 0001:0007132F 16721 0001:0007133C
 16722 0001:00071346 16731 0001:0007134C 16732 0001:00071361 16733 0001:00071369
 16735 0001:0007136F 16736 0001:00071387 16738 0001:0007138B 16739 0001:0007139C
 16742 0001:000713B4 16743 0001:000713CC 16744 0001:000713D0 16746 0001:000713EE
 16747 0001:000713FD 16748 0001:00071412 16749 0001:00071417 16760 0001:00071480
 16761 0001:00071494 16763 0001:000714C9 16777 0001:00071500 16778 0001:00071520
 16779 0001:0007152F 16781 0001:00071535 16782 0001:00071543 16784 0001:0007155C
 16785 0001:00071576 16786 0001:00071581 16787 0001:0007158F 16788 0001:000715A4
 16789 0001:000715AC 16791 0001:000715B8 16792 0001:000715CA 16793 0001:000715D8
 16795 0001:000715F3 16798 0001:00071613 16800 0001:00071626 16802 0001:0007164C
 16803 0001:0007166C 16805 0001:0007167B 16806 0001:0007168A 16807 0001:00071698
 16808 0001:000716A6 16809 0001:000716B4 16810 0001:000716C3 16811 0001:000716DB
 16812 0001:000716F2 16815 0001:00071710 16816 0001:0007173A 16818 0001:00071747
 16819 0001:00071756 16820 0001:00071764 16821 0001:00071784 16822 0001:00071790
 16823 0001:0007179F 16824 0001:000717AD 16825 0001:000717B8 16826 0001:000717C4
 16827 0001:000717D5 16829 0001:000717FD 16832 0001:0007181A 16835 0001:0007182A
 16838 0001:00071844 16841 0001:0007186A 16844 0001:0007187A 16845 0001:00071883
 16853 0001:000718BC 16854 0001:000718DF 16857 0001:00071900 16858 0001:00071904
 16861 0001:0007191B 16862 0001:00071934 16864 0001:00071949 16869 0001:00071970
 16870 0001:00071976 16871 0001:00071990 16872 0001:0007199A 16878 0001:000719A0
 16879 0001:000719A7 16881 0001:000719A9 16882 0001:000719AE 16883 0001:000719B0
 16885 0001:000719B2 16886 0001:000719B6 16887 0001:000719BB 16888 0001:000719BD
 16890 0001:000719BF 16891 0001:000719C4 16892 0001:000719CA 16893 0001:000719CB
 16894 0001:000719D1 16895 0001:000719D3 16896 0001:000719D5 16897 0001:000719D7
 16898 0001:000719DD 16899 0001:000719DF 16900 0001:000719E1 16901 0001:000719E3
 16902 0001:000719E8 16903 0001:000719EA 16904 0001:000719EF 16905 0001:000719F1
 16906 0001:000719F2 16907 0001:000719F7 16908 0001:000719F8 16911 0001:000719FD
 16912 0001:00071A03 16917 0001:00071A04 16918 0001:00071A16 16919 0001:00071A21
 16934 0001:00071A3C 16935 0001:00071A46 16938 0001:00071A4A 16939 0001:00071A50
 16936 0001:00071A51 16941 0001:00071A61 16944 0001:00071A68 16946 0001:00071A6F
 16947 0001:00071A7B 16948 0001:00071A85 16949 0001:00071A95 16951 0001:00071A9C
 16953 0001:00071AC0 16956 0001:00071AC2 16959 0001:00071AD0 16961 0001:00071AE9
 16964 0001:00071AF2 16965 0001:00071B03 16967 0001:00071B05 16968 0001:00071B1E
 16969 0001:00071B3D 16971 0001:00071B45 16972 0001:00071B50 16973 0001:00071B5C
 16974 0001:00071B6A 16975 0001:00071B7C 16976 0001:00071B86 16979 0001:00071BB4
 16981 0001:00071BDB 16984 0001:00071BE9 16986 0001:00071C24 16990 0001:00071C41
 16991 0001:00071C4C 16994 0001:00071C60 16995 0001:00071C6D 17000 0001:00071C94
 17001 0001:00071C97 17004 0001:00071CB2 17005 0001:00071CB9 17006 0001:00071CC7
 17007 0001:00071CE4 17009 0001:00071CEB 17010 0001:00071CFC 17011 0001:00071D05
 17012 0001:00071D11 17014 0001:00071D28 17016 0001:00071D37 17020 0001:00071D3C
 17022 0001:00071D4E 17023 0001:00071D58 17024 0001:00071D66 17026 0001:00071D78
 17027 0001:00071D88 17028 0001:00071D92 17029 0001:00071D99 17036 0001:00071D9C
 17037 0001:00071DA2 17039 0001:00071DAB 17041 0001:00071DB3 17042 0001:00071DBC
 17043 0001:00071DC6 17045 0001:00071DCD 17049 0001:00071DD5 17050 0001:00071DDE
 17053 0001:00071DE4 17054 0001:00071DEA 17056 0001:00071DF3 17058 0001:00071DF8
 17059 0001:00071E01 17060 0001:00071E0E 17062 0001:00071E15 17066 0001:00071E1D
 17067 0001:00071E26 17071 0001:00071E2C 17072 0001:00071E31 17076 0001:00071E34
 17077 0001:00071E39 17086 0001:00071E3C 17087 0001:00071E60 17090 0001:00071E9B
 17091 0001:00071EB2 17092 0001:00071EB9 17096 0001:00071EC8 17097 0001:00071EDF
 17101 0001:00071EEE 17102 0001:00071F05 17106 0001:00071F14 17107 0001:00071F2B
 17111 0001:00071F3A 17112 0001:00071F51 17116 0001:00071F60 17117 0001:00071F77
 17121 0001:00071F86 17122 0001:00071F9D 17123 0001:00071FBA 17127 0001:00071FC1
 17128 0001:00071FD8 17132 0001:00071FE4 17133 0001:00071FFB 17137 0001:00072007
 17138 0001:0007201E 17141 0001:00072028 17244 0001:00072068 17245 0001:00072083
 17246 0001:00072091 17247 0001:0007209A 17249 0001:000720A4 17250 0001:000720B8
 17247 0001:000720BB 17251 0001:000720BE 17264 0001:000720E4 17265 0001:000720FC
 17286 0001:00072109 17287 0001:00072117 17288 0001:0007211E 17289 0001:00072125
 17291 0001:00072131 17292 0001:00072138 17294 0001:00072149 17295 0001:00072162
 17296 0001:0007216B 17298 0001:00072173 17301 0001:00072184 17302 0001:00072190
 17304 0001:000721AE 17306 0001:000721C1 17307 0001:000721D2 17308 0001:000721E5
 17309 0001:000721F8 17310 0001:00072209 17311 0001:00072213 17312 0001:0007221D
 17313 0001:00072227 17314 0001:00072231 17315 0001:00072240 17316 0001:00072247
 17318 0001:00072269 17320 0001:00072277 17321 0001:00072280 17322 0001:00072288
 17324 0001:00072290 17325 0001:000722A1 17326 0001:000722B2 17327 0001:000722C3
 17328 0001:000722C8 17329 0001:000722D9 17330 0001:000722EA 17331 0001:000722FB
 17333 0001:0007230F 17335 0001:0007231E 17343 0001:00072364 17344 0001:0007238B
 17346 0001:00072398 17347 0001:0007239C 17348 0001:000723AA 17350 0001:000723B2
 17351 0001:000723BE 17352 0001:000723D1 17355 0001:000723EC 17357 0001:000723F2
 17358 0001:000723F6 17360 0001:000723FA 17361 0001:00072406 17364 0001:00072413
 17365 0001:00072417 17366 0001:0007243A 17367 0001:00072440 17368 0001:00072446
 17370 0001:00072452 17348 0001:00072456 17372 0001:0007245F 17373 0001:00072468
 17374 0001:00072471 17376 0001:0007248D 17378 0001:000724B1 17380 0001:000724C0
 17388 0001:000724E8 17389 0001:0007250A 17391 0001:00072517 17393 0001:00072533
 17397 0001:00072541 17399 0001:00072548 17402 0001:00072568 17406 0001:000725E5
 17408 0001:000725F3 17410 0001:0007262A 17413 0001:00072649 17418 0001:0007265A
 17419 0001:00072664 17422 0001:0007266B 17423 0001:00072679 17424 0001:00072680
 17425 0001:0007268A 17426 0001:00072691 17427 0001:0007269B 17428 0001:000726A2
 17429 0001:000726AC 17430 0001:000726B3 17431 0001:000726BD 17432 0001:000726C7
 17433 0001:000726D1 17434 0001:000726DB 17435 0001:000726E5 17436 0001:000726EC
 17437 0001:000726F6 17438 0001:000726FD 17439 0001:00072707 17440 0001:0007270E
 17441 0001:00072718 17442 0001:0007271F 17443 0001:00072729 17444 0001:00072730
 17445 0001:0007273A 17446 0001:00072741 17447 0001:0007274B 17448 0001:00072752
 17449 0001:0007275C 17450 0001:00072763 17451 0001:0007276D 17452 0001:00072774
 17453 0001:0007277F 17454 0001:0007278E 17457 0001:00072793 17458 0001:0007279C
 17461 0001:000727A5 17462 0001:000727AF 17463 0001:000727B9 17464 0001:000727C3
 17465 0001:000727CD 17466 0001:000727D7 17467 0001:000727E1 17468 0001:000727EB
 17469 0001:000727F5 17470 0001:000727FF 17471 0001:00072809 17472 0001:00072813
 17473 0001:0007281D 17474 0001:00072827 17475 0001:00072831 17476 0001:0007283B
 17477 0001:00072845 17478 0001:0007284F 17479 0001:00072859 17480 0001:00072863
 17481 0001:0007286D 17482 0001:00072877 17483 0001:00072881 17484 0001:0007288B
 17485 0001:00072895 17486 0001:0007289F 17487 0001:000728A9 17488 0001:000728B3
 17489 0001:000728BD 17490 0001:000728C7 17491 0001:000728D1 17493 0001:000728D6
 17496 0001:000728EF 17519 0001:0007290A 17523 0001:000729A4 17524 0001:000729BB
 17528 0001:000729BC 17529 0001:000729D3 17536 0001:000729D4 17537 0001:000729DE
 17540 0001:000729E0 17542 0001:000729F3 17543 0001:000729FE 17544 0001:00072A09
 17547 0001:00072A14 17548 0001:00072A1F 17551 0001:00072A2A 17552 0001:00072A46
 17553 0001:00072A51 17569 0001:00072A74 17570 0001:00072A91 17571 0001:00072A98
 17572 0001:00072A9A 17573 0001:00072AAE 17574 0001:00072AB5 17576 0001:00072AB9
 17578 0001:00072ACF 17580 0001:00072AD6 17582 0001:00072AE4 17584 0001:00072AE8
 17585 0001:00072B17 17588 0001:00072B1C 17589 0001:00072B40 17590 0001:00072B4C
 17591 0001:00072B5C 17592 0001:00072B5E 17607 0001:00072B8C 17611 0001:00072B90
 17612 0001:00072B97 17613 0001:00072B9C 17618 0001:00072BA0 17619 0001:00072BA7
 17621 0001:00072BC4 17623 0001:00072BC9 17625 0001:00072BCE 17626 0001:00072BCF
 17627 0001:00072BD2 17629 0001:00072BD5 17630 0001:00072BE5 17635 0001:00072BEC
 17636 0001:00072BF3 17641 0001:00072C21 17643 0001:00072C26 17644 0001:00072C27
 17645 0001:00072C2A 17647 0001:00072C2D 17648 0001:00072C3D 17653 0001:00072C44
 17654 0001:00072C4A 17655 0001:00072C59 17656 0001:00072C67 17658 0001:00072C8C
 17660 0001:00072C9C 17665 0001:00072CA4 17666 0001:00072CAB 17668 0001:00072CC8
 17670 0001:00072CCD 17672 0001:00072CD2 17673 0001:00072CD3 17674 0001:00072CD6
 17676 0001:00072CD9 17677 0001:00072CE9 17689 0001:00072CF0 17690 0001:00072CF9
 17693 0001:00072D00 17694 0001:00072D0F 17695 0001:00072D1D 17696 0001:00072D27
 17697 0001:00072D36 17699 0001:00072D41 17700 0001:00072D4B 17701 0001:00072D5A
 17703 0001:00072D65 17704 0001:00072D6F 17705 0001:00072D7E 17707 0001:00072D89
 17710 0001:00072D93 17714 0001:00072D9A 17715 0001:00072DA9 17716 0001:00072DB3
 17707 0001:00072DB4 17718 0001:00072DB7 17721 0001:00072DC1 17722 0001:00072DDB
 17723 0001:00072DEC 17718 0001:00072DED 17725 0001:00072DFD 17727 0001:00072E0D
 17737 0001:00072E14 17739 0001:00072E17 17740 0001:00072E1D 17743 0001:00072E24
 17745 0001:00072E37 17746 0001:00072E4D 17747 0001:00072E5A 17748 0001:00072E75
 17752 0001:00072E8A 17753 0001:00072E97 17757 0001:00072E9C 17758 0001:00072EA3
 17759 0001:00072EA9 17761 0001:00072EAC 17762 0001:00072EB2 17764 0001:00072EB9
 17765 0001:00072EBE 17766 0001:00072ECC 17768 0001:00072ED6 17769 0001:00072EDB
 17771 0001:00072EF4 17772 0001:00072F04 17774 0001:00072F11 17775 0001:00072F16
 17776 0001:00072F25 17778 0001:00072F30 17779 0001:00072F35 17781 0001:00072F4F
 17783 0001:00072F5B 17793 0001:00072F60 17794 0001:00072F7B 17795 0001:00072F88
 17796 0001:00072FA4 17797 0001:00072FCF 17799 0001:00073044 17801 0001:00073062
 17812 0001:0007307D 17822 0001:00073098 17832 0001:000730A5 17835 0001:000730B6
 17842 0001:000730C7 17846 0001:000730E2 17852 0001:000730FD 17855 0001:00073102
 17859 0001:00073122 17868 0001:00073142 17869 0001:00073143 17871 0001:0007314D
 17876 0001:0007316D 17885 0001:00073188 17890 0001:000731A3 17891 0001:000731AC
 17896 0001:000731C7 17898 0001:000731D5 17901 0001:000731F0 17905 0001:000734DC
 17906 0001:000734F6 17909 0001:000734F8 17910 0001:000734FB 17911 0001:0007350C
 17914 0001:00073510 17918 0001:00073513 17920 0001:0007351A 17949 0001:0007351C
 17950 0001:0007351F 17952 0001:00073526 17957 0001:00073528 17958 0001:00073530
 17960 0001:0007353F 17961 0001:00073544 17963 0001:00073551 17966 0001:00073579
 17967 0001:0007358C 17969 0001:0007358E 17961 0001:0007358F 17970 0001:00073592
 17981 0001:00073598 17982 0001:0007359F 17983 0001:000735B2 17984 0001:000735C0
 17986 0001:000735D7 17988 0001:000735E7 17990 0001:000735EC 17991 0001:00073609
 17992 0001:0007360D 17994 0001:0007362A 17995 0001:00073639 17996 0001:00073647
 17997 0001:0007365F 17999 0001:00073673 18000 0001:00073685 18001 0001:00073688
 18002 0001:0007368D 18003 0001:000736A1 18005 0001:000736B4 18007 0001:000736C4
 18009 0001:000736F0 18010 0001:0007370F 18011 0001:0007372D 18013 0001:00073737
 18015 0001:00073742 18018 0001:0007376C 18029 0001:00073789 18031 0001:00073790
 18033 0001:00073797 18034 0001:0007379E 18035 0001:000737A5 18036 0001:000737AC
 18038 0001:000737C1 18042 0001:000737C8 18043 0001:000737CF 18044 0001:000737D6
 18045 0001:000737DD 18046 0001:000737E4 18047 0001:000737EB 18048 0001:000737F2
 18049 0001:000737F9 18050 0001:00073800 18051 0001:00073817 18052 0001:0007382E
 18053 0001:00073835 18054 0001:0007383F 18055 0001:00073846 18056 0001:00073855
 18057 0001:0007385C 18058 0001:0007386D 18059 0001:00073877 18061 0001:0007387E
 18062 0001:00073888 18063 0001:00073892 18065 0001:0007389C 18067 0001:000738A1
 18070 0001:000738AA 18073 0001:000738AF 18075 0001:000738BD 18076 0001:000738C4
 18080 0001:000738C9 18081 0001:000738DA 18083 0001:000738EB 18084 0001:00073904
 18085 0001:0007390D 18087 0001:00073915 18125 0001:00073928 18127 0001:0007392D
 18128 0001:0007393E 18129 0001:0007394F 18130 0001:00073960 18131 0001:00073971
 18137 0001:00073982 18138 0001:00073989 18139 0001:00073995 18140 0001:0007399C
 18141 0001:000739A3 18142 0001:000739AD 18143 0001:000739B4 18144 0001:000739BB
 18147 0001:000739DD 18148 0001:000739F0 18150 0001:000739FE 18151 0001:00073A07
 18152 0001:00073A0F 18155 0001:00073A17 18156 0001:00073A1C 18157 0001:00073A26
 18158 0001:00073A30 18160 0001:00073A41 18161 0001:00073A52 18162 0001:00073A57
 18163 0001:00073A5E 18164 0001:00073A68 18165 0001:00073A6F 18166 0001:00073A76
 18167 0001:00073A7D 18168 0001:00073A84 18169 0001:00073A8B 18171 0001:00073A92
 18172 0001:00073A99 18173 0001:00073AA0 18175 0001:00073AA7 18177 0001:00073AAE
 18180 0001:00073AB6 18182 0001:00073AC0 18184 0001:00073ADA 18185 0001:00073AE6
 18186 0001:00073AF1 18187 0001:00073AFD 18189 0001:00073B08 18192 0001:00073B0D
 18198 0001:00073B5A 18204 0001:00073BA7 18210 0001:00073BF4 18211 0001:00073C09
 18213 0001:00073C12 18227 0001:00073C2B 18233 0001:00073C78 18239 0001:00073CC5
 18245 0001:00073D12 18247 0001:00073D20 18249 0001:00073D2E 18251 0001:00073D3C
 18252 0001:00073D41 18256 0001:00073D6B 18258 0001:00073D78 18261 0001:00073D8C
 18262 0001:00073DBD 18266 0001:00073DF9 18270 0001:00073E00 18272 0001:00073E09
 18273 0001:00073E0E 18277 0001:00073E13 18284 0001:00073F10 18285 0001:00073F24
 18286 0001:00073F32 18288 0001:00073F45 18289 0001:00073F4F 18291 0001:00073F59
 18292 0001:00073F6C 18294 0001:00073F73 18295 0001:00073F7D 18296 0001:00073F84
 18297 0001:00073F8E 18298 0001:00073F95 18299 0001:00073F9F 18300 0001:00073FA6
 18301 0001:00073FB0 18302 0001:00073FB7 18303 0001:00073FC1 18305 0001:00073FC8
 18306 0001:00073FCD 18308 0001:00073FD8 18310 0001:00073FEA 18311 0001:00073FF7
 18313 0001:00074004 18315 0001:0007400D 18316 0001:00074020 18321 0001:00074027
 18322 0001:00074030 18324 0001:0007403F 18325 0001:00074049 18326 0001:00074050
 18327 0001:0007405A 18328 0001:00074061 18329 0001:0007406B 18331 0001:00074072
 18332 0001:0007407C 18333 0001:00074086 18334 0001:00074090 18335 0001:0007409A
 18338 0001:000740A1 18340 0001:000740AA 18341 0001:000740B6 18342 0001:000740C0
 18345 0001:000740D3 18346 0001:000740DD 18347 0001:000740E4 18348 0001:000740EE
 18349 0001:000740F5 18350 0001:000740FF 18352 0001:00074106 18353 0001:00074115
 18360 0001:0007411C 18362 0001:00074125 18363 0001:00074130 18364 0001:0007413A
 18365 0001:00074144 18373 0001:0007414B 18374 0001:00074150 18376 0001:00074164
 18377 0001:0007416E 18378 0001:00074175 18380 0001:00074187 18412 0001:000741A8
 18422 0001:000741BC 18423 0001:000741E8 18425 0001:000741ED

Line numbers for ExceptionLog(ExceptionLog.pas) segment .itext

 18416 0002:0000035C 18417 0002:00000380 18418 0002:0000038F 18419 0002:00000394
 18421 0002:0000039E

Line numbers for Unit1(Unit1.pas) segment .text

    42 0001:000B3CC8    43 0001:000B3CE6    46 0001:000B3CE8    47 0001:000B3CFE
    48 0001:000B3D10    49 0001:000B3D22    50 0001:000B3D40    55 0001:000B3D64
    56 0001:000B3D7A    57 0001:000B3DAD    61 0001:000B3DD0    62 0001:000B3DEE
    65 0001:000B3DF0    66 0001:000B3DF3    67 0001:000B3E0A    68 0001:000B3E21
    69 0001:000B3E31    73 0001:000B3E40    74 0001:000B3E45    76 0001:000B3E74

Line numbers for ClalDate(D:\mine\百度网盘\我的文档\work\program\delphi\practice\test\ClalDate.dpr) segment .itext

    10 0002:00000874    11 0002:00000884    12 0002:00000890    13 0002:000008A8
    14 0002:000008B4

Bound resource files

C:\Program Files\EurekaLog 6\Delphi10\DIALOG.RES
c:\program files\borland\bds\4.0\lib\Controls.res
c:\program files\borland\bds\4.0\lib\Buttons.res
c:\program files\borland\bds\4.0\lib\ExtDlgs.res
Unit1.dfm
ClalDate.res
ClalDate.drf


Program entry point at 0002:00000874
