
 Start         Length     Name                   Class
 0001:00401000 000B7824H .text                   CODE
 0002:004B9000 000009A4H .itext                  ICODE
 0003:004BA000 00006E44H .data                   DATA
 0004:004C1000 000071C8H .bss                    BSS
 0005:00000000 000001A8H .tls                    TLS


Detailed map of segments

 0001:00000000 000061FD C=CODE     S=.text    G=(none)   M=System   ACBP=A9
 0001:00006200 00000105 C=CODE     S=.text    G=(none)   M=SysInit  ACBP=A9
 0001:00006308 00000058 C=CODE     S=.text    G=(none)   M=Types    ACBP=A9
 0001:00006360 00000FAC C=CODE     S=.text    G=(none)   M=Windows  ACBP=A9
 0001:0000730C 00001E41 C=CODE     S=.text    G=(none)   M=ELeaks   ACBP=A9
 0001:00009150 00000300 C=CODE     S=.text    G=(none)   M=SysConst ACBP=A9
 0001:00009450 000079D0 C=CODE     S=.text    G=(none)   M=SysUtils ACBP=A9
 0001:00010E20 00000112 C=CODE     S=.text    G=(none)   M=ActiveX  ACBP=A9
 0001:00010F34 000007EE C=CODE     S=.text    G=(none)   M=VarUtils ACBP=A9
 0001:00011724 00005A6C C=CODE     S=.text    G=(none)   M=Variants ACBP=A9
 0001:00017190 00000108 C=CODE     S=.text    G=(none)   M=RTLConsts ACBP=A9
 0001:00017298 00000BCB C=CODE     S=.text    G=(none)   M=TypInfo  ACBP=A9
 0001:00017E64 0000A6AD C=CODE     S=.text    G=(none)   M=Classes  ACBP=A9
 0001:00022514 0000293C C=CODE     S=.text    G=(none)   M=EConsts  ACBP=A9
 0001:00024E50 00004658 C=CODE     S=.text    G=(none)   M=ECore    ACBP=A9
 0001:000294A8 000046D1 C=CODE     S=.text    G=(none)   M=EDebug   ACBP=A9
 0001:0002DB7C 00000006 C=CODE     S=.text    G=(none)   M=ShellAPI ACBP=A9
 0001:0002DB84 00000066 C=CODE     S=.text    G=(none)   M=WinSock  ACBP=A9
 0001:0002DBEC 0000152C C=CODE     S=.text    G=(none)   M=EHook    ACBP=A9
 0001:0002F118 000000B0 C=CODE     S=.text    G=(none)   M=ELang    ACBP=A9
 0001:0002F1C8 000016E4 C=CODE     S=.text    G=(none)   M=ESockets ACBP=A9
 0001:000308AC 00007B8C C=CODE     S=.text    G=(none)   M=EZlib2   ACBP=A9
 0001:00038438 00000AD1 C=CODE     S=.text    G=(none)   M=EHash    ACBP=A9
 0001:00038F0C 00000332 C=CODE     S=.text    G=(none)   M=EEncrypt ACBP=A9
 0001:00039240 000002AC C=CODE     S=.text    G=(none)   M=EBase64  ACBP=A9
 0001:000394EC 00000119 C=CODE     S=.text    G=(none)   M=EZip     ACBP=A9
 0001:00039608 00007BB6 C=CODE     S=.text    G=(none)   M=EWebTools ACBP=A9
 0001:000411C0 00000571 C=CODE     S=.text    G=(none)   M=EXMLBuilder ACBP=A9
 0001:00041734 000045CE C=CODE     S=.text    G=(none)   M=ELogManager ACBP=A9
 0001:00045D04 000012F6 C=CODE     S=.text    G=(none)   M=EListView ACBP=A9
 0001:00046FFC 00007441 C=CODE     S=.text    G=(none)   M=EDisAsm  ACBP=A9
 0001:0004E440 00029638 C=CODE     S=.text    G=(none)   M=ExceptionLog ACBP=A9
 0001:00077A78 00000275 C=CODE     S=.text    G=(none)   M=Contnrs  ACBP=A9
 0001:00077CF0 00001100 C=CODE     S=.text    G=(none)   M=HelpIntfs ACBP=A9
 0001:00078DF0 00000772 C=CODE     S=.text    G=(none)   M=MultiMon ACBP=A9
 0001:00079564 0000009E C=CODE     S=.text    G=(none)   M=CommCtrl ACBP=A9
 0001:00079604 00000240 C=CODE     S=.text    G=(none)   M=Consts   ACBP=A9
 0001:00079844 0000005D C=CODE     S=.text    G=(none)   M=IniFiles ACBP=A9
 0001:000798A4 000005AD C=CODE     S=.text    G=(none)   M=Registry ACBP=A9
 0001:00079E54 00007506 C=CODE     S=.text    G=(none)   M=Graphics ACBP=A9
 0001:0008135C 0000016A C=CODE     S=.text    G=(none)   M=SyncObjs ACBP=A9
 0001:000814C8 0000099D C=CODE     S=.text    G=(none)   M=UxTheme  ACBP=A9
 0001:00081E68 00002F27 C=CODE     S=.text    G=(none)   M=StdCtrls ACBP=A9
 0001:00084D90 0000001E C=CODE     S=.text    G=(none)   M=WinSpool ACBP=A9
 0001:00084DB0 00000D1E C=CODE     S=.text    G=(none)   M=Printers ACBP=A9
 0001:00085AD0 0000000E C=CODE     S=.text    G=(none)   M=CommDlg  ACBP=A9
 0001:00085AE0 00000D59 C=CODE     S=.text    G=(none)   M=GraphUtil ACBP=A9
 0001:0008683C 00000316 C=CODE     S=.text    G=(none)   M=ExtCtrls ACBP=A9
 0001:00086B54 000016B8 C=CODE     S=.text    G=(none)   M=Dialogs  ACBP=A9
 0001:0008820C 0000003A C=CODE     S=.text    G=(none)   M=Clipbrd  ACBP=A9
 0001:00088248 0000012D C=CODE     S=.text    G=(none)   M=StdActns ACBP=A9
 0001:00088378 0000030E C=CODE     S=.text    G=(none)   M=FlatSB   ACBP=A9
 0001:00088688 00000AD2 C=CODE     S=.text    G=(none)   M=Themes   ACBP=A9
 0001:0008915C 00006A81 C=CODE     S=.text    G=(none)   M=Menus    ACBP=A9
 0001:0008FBE0 00013450 C=CODE     S=.text    G=(none)   M=Controls ACBP=A9
 0001:000A3030 000016B5 C=CODE     S=.text    G=(none)   M=ImgList  ACBP=A9
 0001:000A46E8 00001332 C=CODE     S=.text    G=(none)   M=ActnList ACBP=A9
 0001:000A5A1C 0000DEF8 C=CODE     S=.text    G=(none)   M=Forms    ACBP=A9
 0001:000B3914 00000260 C=CODE     S=.text    G=(none)   M=Unit1    ACBP=A9
 0001:000B3B74 00000060 C=CODE     S=.text    G=(none)   M=ComConst ACBP=A9
 0001:000B3BD4 00002C7B C=CODE     S=.text    G=(none)   M=ComObj   ACBP=A9
 0001:000B6850 00000B58 C=CODE     S=.text    G=(none)   M=ComServ  ACBP=A9
 0001:000B73A8 000001E2 C=CODE     S=.text    G=(none)   M=Unit2    ACBP=A9
 0001:000B758C 00000298 C=CODE     S=.text    G=(none)   M=Project1 ACBP=A9
 0002:00000000 00000095 C=ICODE    S=.itext   G=(none)   M=System   ACBP=A9
 0002:00000098 00000011 C=ICODE    S=.itext   G=(none)   M=Windows  ACBP=A9
 0002:000000AC 00000013 C=ICODE    S=.itext   G=(none)   M=ELeaks   ACBP=A9
 0002:000000C0 00000088 C=ICODE    S=.itext   G=(none)   M=SysUtils ACBP=A9
 0002:00000148 0000000F C=ICODE    S=.itext   G=(none)   M=VarUtils ACBP=A9
 0002:00000158 000000AA C=ICODE    S=.itext   G=(none)   M=Variants ACBP=A9
 0002:00000204 00000008 C=ICODE    S=.itext   G=(none)   M=TypInfo  ACBP=A9
 0002:0000020C 00000092 C=ICODE    S=.itext   G=(none)   M=Classes  ACBP=A9
 0002:000002A0 00000008 C=ICODE    S=.itext   G=(none)   M=EConsts  ACBP=A9
 0002:000002A8 00000030 C=ICODE    S=.itext   G=(none)   M=ECore    ACBP=A9
 0002:000002D8 00000008 C=ICODE    S=.itext   G=(none)   M=EDebug   ACBP=A9
 0002:000002E0 00000030 C=ICODE    S=.itext   G=(none)   M=EHook    ACBP=A9
 0002:00000310 00000034 C=ICODE    S=.itext   G=(none)   M=ESockets ACBP=A9
 0002:00000344 00000008 C=ICODE    S=.itext   G=(none)   M=EWebTools ACBP=A9
 0002:0000034C 00000008 C=ICODE    S=.itext   G=(none)   M=ELogManager ACBP=A9
 0002:00000354 00000008 C=ICODE    S=.itext   G=(none)   M=EDisAsm  ACBP=A9
 0002:0000035C 00000078 C=ICODE    S=.itext   G=(none)   M=ExceptionLog ACBP=A9
 0002:000003D4 00000008 C=ICODE    S=.itext   G=(none)   M=HelpIntfs ACBP=A9
 0002:000003DC 0000000F C=ICODE    S=.itext   G=(none)   M=MultiMon ACBP=A9
 0002:000003EC 00000008 C=ICODE    S=.itext   G=(none)   M=IniFiles ACBP=A9
 0002:000003F4 00000008 C=ICODE    S=.itext   G=(none)   M=Registry ACBP=A9
 0002:000003FC 000000FB C=ICODE    S=.itext   G=(none)   M=Graphics ACBP=A9
 0002:000004F8 0000001B C=ICODE    S=.itext   G=(none)   M=UxTheme  ACBP=A9
 0002:00000514 00000008 C=ICODE    S=.itext   G=(none)   M=Printers ACBP=A9
 0002:0000051C 0000007F C=ICODE    S=.itext   G=(none)   M=GraphUtil ACBP=A9
 0002:0000059C 00000044 C=ICODE    S=.itext   G=(none)   M=ExtCtrls ACBP=A9
 0002:000005E0 0000003D C=ICODE    S=.itext   G=(none)   M=Dialogs  ACBP=A9
 0002:00000620 00000058 C=ICODE    S=.itext   G=(none)   M=Clipbrd  ACBP=A9
 0002:00000678 0000000F C=ICODE    S=.itext   G=(none)   M=FlatSB   ACBP=A9
 0002:00000688 00000008 C=ICODE    S=.itext   G=(none)   M=Themes   ACBP=A9
 0002:00000690 00000085 C=ICODE    S=.itext   G=(none)   M=Menus    ACBP=A9
 0002:00000718 0000008F C=ICODE    S=.itext   G=(none)   M=Controls ACBP=A9
 0002:000007A8 0000002A C=ICODE    S=.itext   G=(none)   M=ActnList ACBP=A9
 0002:000007D4 0000004C C=ICODE    S=.itext   G=(none)   M=Forms    ACBP=A9
 0002:00000820 00000055 C=ICODE    S=.itext   G=(none)   M=ComObj   ACBP=A9
 0002:00000878 000000B4 C=ICODE    S=.itext   G=(none)   M=ComServ  ACBP=A9
 0002:0000092C 0000002E C=ICODE    S=.itext   G=(none)   M=Unit2    ACBP=A9
 0002:0000095C 00000045 C=ICODE    S=.itext   G=(none)   M=Project1 ACBP=A9
 0003:00000000 00000798 C=DATA     S=.data    G=DGROUP   M=System   ACBP=A9
 0003:00000798 00000020 C=DATA     S=.data    G=DGROUP   M=SysInit  ACBP=A9
 0003:000007B8 00000014 C=DATA     S=.data    G=DGROUP   M=ELeaks   ACBP=A9
 0003:000007CC 00000250 C=DATA     S=.data    G=DGROUP   M=SysUtils ACBP=A9
 0003:00000A1C 00000010 C=DATA     S=.data    G=DGROUP   M=ActiveX  ACBP=A9
 0003:00000A2C 00000008 C=DATA     S=.data    G=DGROUP   M=VarUtils ACBP=A9
 0003:00000A34 0000008E C=DATA     S=.data    G=DGROUP   M=Variants ACBP=A9
 0003:00000AC4 0000000C C=DATA     S=.data    G=DGROUP   M=TypInfo  ACBP=A9
 0003:00000AD0 00000080 C=DATA     S=.data    G=DGROUP   M=Classes  ACBP=A9
 0003:00000B50 00000908 C=DATA     S=.data    G=DGROUP   M=EConsts  ACBP=A9
 0003:00001458 00000044 C=DATA     S=.data    G=DGROUP   M=ECore    ACBP=A9
 0003:0000149C 0000004C C=DATA     S=.data    G=DGROUP   M=EDebug   ACBP=A9
 0003:000014E8 000001A0 C=DATA     S=.data    G=DGROUP   M=EHook    ACBP=A9
 0003:00001688 00000001 C=DATA     S=.data    G=DGROUP   M=ESockets ACBP=A9
 0003:0000168C 00000E5C C=DATA     S=.data    G=DGROUP   M=EZlib2   ACBP=A9
 0003:000024E8 00000212 C=DATA     S=.data    G=DGROUP   M=EHash    ACBP=A9
 0003:000026FC 000000C0 C=DATA     S=.data    G=DGROUP   M=EBase64  ACBP=A9
 0003:000027BC 00001C14 C=DATA     S=.data    G=DGROUP   M=EWebTools ACBP=A9
 0003:000043D0 00000020 C=DATA     S=.data    G=DGROUP   M=EXMLBuilder ACBP=A9
 0003:000043F0 00000024 C=DATA     S=.data    G=DGROUP   M=ELogManager ACBP=A9
 0003:00004414 000012D5 C=DATA     S=.data    G=DGROUP   M=EDisAsm  ACBP=A9
 0003:000056EC 0000059C C=DATA     S=.data    G=DGROUP   M=ExceptionLog ACBP=A9
 0003:00005C88 00000008 C=DATA     S=.data    G=DGROUP   M=IniFiles ACBP=A9
 0003:00005C90 00000008 C=DATA     S=.data    G=DGROUP   M=Registry ACBP=A9
 0003:00005C98 0000030C C=DATA     S=.data    G=DGROUP   M=Graphics ACBP=A9
 0003:00005FA4 00000070 C=DATA     S=.data    G=DGROUP   M=StdCtrls ACBP=A9
 0003:00006014 00000004 C=DATA     S=.data    G=DGROUP   M=Printers ACBP=A9
 0003:00006018 00000450 C=DATA     S=.data    G=DGROUP   M=GraphUtil ACBP=A9
 0003:00006468 000000D4 C=DATA     S=.data    G=DGROUP   M=Dialogs  ACBP=A9
 0003:0000653C 00000068 C=DATA     S=.data    G=DGROUP   M=Themes   ACBP=A9
 0003:000065A4 000000F4 C=DATA     S=.data    G=DGROUP   M=Menus    ACBP=A9
 0003:00006698 0000013C C=DATA     S=.data    G=DGROUP   M=Controls ACBP=A9
 0003:000067D4 00000020 C=DATA     S=.data    G=DGROUP   M=ImgList  ACBP=A9
 0003:000067F4 00000128 C=DATA     S=.data    G=DGROUP   M=Forms    ACBP=A9
 0003:0000691C 00000040 C=DATA     S=.data    G=DGROUP   M=ComObj   ACBP=A9
 0003:0000695C 00000010 C=DATA     S=.data    G=DGROUP   M=Project1_TLB ACBP=A9
 0003:0000696C 00000008 C=DATA     S=.data    G=DGROUP   M=ComServ  ACBP=A9
 0004:00000000 000027F8 C=BSS      S=.bss     G=DGROUP   M=System   ACBP=A9
 0004:000027F8 0000000C C=BSS      S=.bss     G=DGROUP   M=SysInit  ACBP=A9
 0004:00002804 00000008 C=BSS      S=.bss     G=DGROUP   M=Windows  ACBP=A9
 0004:0000280C 00000054 C=BSS      S=.bss     G=DGROUP   M=ELeaks   ACBP=A9
 0004:00002860 00000A20 C=BSS      S=.bss     G=DGROUP   M=SysUtils ACBP=A9
 0004:00003280 0000005C C=BSS      S=.bss     G=DGROUP   M=VarUtils ACBP=A9
 0004:000032DC 00000040 C=BSS      S=.bss     G=DGROUP   M=Variants ACBP=A9
 0004:0000331C 00000004 C=BSS      S=.bss     G=DGROUP   M=TypInfo  ACBP=A9
 0004:00003320 00000044 C=BSS      S=.bss     G=DGROUP   M=Classes  ACBP=A9
 0004:00003364 00000004 C=BSS      S=.bss     G=DGROUP   M=EConsts  ACBP=A9
 0004:00003368 00000009 C=BSS      S=.bss     G=DGROUP   M=ECore    ACBP=A9
 0004:00003374 00000004 C=BSS      S=.bss     G=DGROUP   M=EDebug   ACBP=A9
 0004:00003378 00000010 C=BSS      S=.bss     G=DGROUP   M=EHook    ACBP=A9
 0004:00003388 00000004 C=BSS      S=.bss     G=DGROUP   M=ESockets ACBP=A9
 0004:0000338C 00002890 C=BSS      S=.bss     G=DGROUP   M=EZlib2   ACBP=A9
 0004:00005C1C 00000400 C=BSS      S=.bss     G=DGROUP   M=EHash    ACBP=A9
 0004:0000601C 00000018 C=BSS      S=.bss     G=DGROUP   M=EEncrypt ACBP=A9
 0004:00006034 00000048 C=BSS      S=.bss     G=DGROUP   M=EWebTools ACBP=A9
 0004:0000607C 00000004 C=BSS      S=.bss     G=DGROUP   M=ELogManager ACBP=A9
 0004:00006080 00000004 C=BSS      S=.bss     G=DGROUP   M=EDisAsm  ACBP=A9
 0004:00006084 00000E7C C=BSS      S=.bss     G=DGROUP   M=ExceptionLog ACBP=A9
 0004:00006F00 00000008 C=BSS      S=.bss     G=DGROUP   M=HelpIntfs ACBP=A9
 0004:00006F08 00000031 C=BSS      S=.bss     G=DGROUP   M=MultiMon ACBP=A9
 0004:00006F3C 00000004 C=BSS      S=.bss     G=DGROUP   M=IniFiles ACBP=A9
 0004:00006F40 00000004 C=BSS      S=.bss     G=DGROUP   M=Registry ACBP=A9
 0004:00006F44 00000060 C=BSS      S=.bss     G=DGROUP   M=Graphics ACBP=A9
 0004:00006FA4 000000CC C=BSS      S=.bss     G=DGROUP   M=UxTheme  ACBP=A9
 0004:00007070 00000004 C=BSS      S=.bss     G=DGROUP   M=Printers ACBP=A9
 0004:00007074 00000004 C=BSS      S=.bss     G=DGROUP   M=GraphUtil ACBP=A9
 0004:00007078 00000008 C=BSS      S=.bss     G=DGROUP   M=ExtCtrls ACBP=A9
 0004:00007080 00000010 C=BSS      S=.bss     G=DGROUP   M=Dialogs  ACBP=A9
 0004:00007090 0000000C C=BSS      S=.bss     G=DGROUP   M=Clipbrd  ACBP=A9
 0004:0000709C 00000034 C=BSS      S=.bss     G=DGROUP   M=FlatSB   ACBP=A9
 0004:000070D0 00000008 C=BSS      S=.bss     G=DGROUP   M=Themes   ACBP=A9
 0004:000070D8 00000010 C=BSS      S=.bss     G=DGROUP   M=Menus    ACBP=A9
 0004:000070E8 00000088 C=BSS      S=.bss     G=DGROUP   M=Controls ACBP=A9
 0004:00007170 00000008 C=BSS      S=.bss     G=DGROUP   M=ImgList  ACBP=A9
 0004:00007178 00000004 C=BSS      S=.bss     G=DGROUP   M=ActnList ACBP=A9
 0004:0000717C 00000024 C=BSS      S=.bss     G=DGROUP   M=Forms    ACBP=A9
 0004:000071A0 00000004 C=BSS      S=.bss     G=DGROUP   M=Unit1    ACBP=A9
 0004:000071A4 00000011 C=BSS      S=.bss     G=DGROUP   M=ComObj   ACBP=A9
 0004:000071B8 0000000C C=BSS      S=.bss     G=DGROUP   M=ComServ  ACBP=A9
 0004:000071C4 00000004 C=BSS      S=.bss     G=DGROUP   M=Unit2    ACBP=A9
 0005:00000000 00000008 C=TLS      S=.tls     G=(none)   M=System   ACBP=A9
 0005:00000008 00000008 C=TLS      S=.tls     G=(none)   M=Classes  ACBP=A9
 0005:00000010 00000173 C=TLS      S=.tls     G=(none)   M=ExceptionLog ACBP=A9
 0005:00000184 00000024 C=TLS      S=.tls     G=(none)   M=GraphUtil ACBP=A9


  Address             Publics by Name

 0001:00010EDC       ActiveX.CoDisconnectObject
 0001:00010EBC       ActiveX.CoInitialize
 0001:00010EE4       ActiveX.CoLockObjectExternal
 0001:00010ECC       ActiveX.CoRegisterClassObject
 0001:00010ED4       ActiveX.CoRevokeClassObject
 0001:00010EF4       ActiveX.CoTaskMemFree
 0001:00010EC4       ActiveX.CoUninitialize
 0001:00010F2C       ActiveX.CreateErrorInfo
 0001:00010F14       ActiveX.DispGetIDsOfNames
 0001:00010F24       ActiveX.GetErrorInfo
 0003:00000A1C       ActiveX.GUID_NULL
 0001:00010EB4       ActiveX.IsEqualIID
 0001:00010F04       ActiveX.LoadTypeLibEx
 0001:00010F0C       ActiveX.RegisterTypeLib
 0001:00010F1C       ActiveX.SetErrorInfo
 0001:00010EEC       ActiveX.StringFromCLSID
 0001:00010EFC       ActiveX.SysFreeString
 0004:00007178       ActnList..9
 0001:000A4B10       ActnList..TActionLink
 0001:000A46E8       ActnList..TContainedAction
 0001:000A4A08       ActnList..TCustomAction
 0001:000A480C       ActnList..TCustomActionList
 0001:000A48EC       ActnList..TShortCutList
 0002:000007A8       ActnList.ActnList
 0001:000A59EC       ActnList.Finalization
 0001:000A5200       ActnList.TActionLink.IsCaptionLinked
 0001:000A5214       ActnList.TActionLink.IsCheckedLinked
 0001:000A5228       ActnList.TActionLink.IsEnabledLinked
 0001:000A523C       ActnList.TActionLink.IsGroupIndexLinked
 0001:000A5250       ActnList.TActionLink.IsHelpContextLinked
 0001:000A5264       ActnList.TActionLink.IsHelpLinked
 0001:000A5278       ActnList.TActionLink.IsHintLinked
 0001:000A528C       ActnList.TActionLink.IsImageIndexLinked
 0001:000A52A0       ActnList.TActionLink.IsShortCutLinked
 0001:000A52B4       ActnList.TActionLink.IsVisibleLinked
 0001:000A52C8       ActnList.TActionLink.SetAutoCheck
 0001:000A52CC       ActnList.TActionLink.SetCaption
 0001:000A52D0       ActnList.TActionLink.SetChecked
 0001:000A52D4       ActnList.TActionLink.SetEnabled
 0001:000A52D8       ActnList.TActionLink.SetGroupIndex
 0001:000A52DC       ActnList.TActionLink.SetHelpContext
 0001:000A52E0       ActnList.TActionLink.SetHelpKeyword
 0001:000A52E4       ActnList.TActionLink.SetHelpType
 0001:000A52E8       ActnList.TActionLink.SetHint
 0001:000A52EC       ActnList.TActionLink.SetImageIndex
 0001:000A52F0       ActnList.TActionLink.SetShortCut
 0001:000A52F4       ActnList.TActionLink.SetVisible
 0001:000A4BE0       ActnList.TContainedAction.Destroy
 0001:000A4D4C       ActnList.TContainedAction.Execute
 0001:000A4C14       ActnList.TContainedAction.GetIndex
 0001:000A4C30       ActnList.TContainedAction.GetParentComponent
 0001:000A4C40       ActnList.TContainedAction.HasParent
 0001:000A4C2C       ActnList.TContainedAction.IsCategoryStored
 0001:000A4C50       ActnList.TContainedAction.ReadState
 0001:000A4CF8       ActnList.TContainedAction.SetActionList
 0001:000A4CCC       ActnList.TContainedAction.SetCategory
 0001:000A4C84       ActnList.TContainedAction.SetIndex
 0001:000A4D20       ActnList.TContainedAction.SetParentComponent
 0001:000A4DA4       ActnList.TContainedAction.Update
 0001:000A539C       ActnList.TCustomAction.AssignTo
 0001:000A52F8       ActnList.TCustomAction.Create
 0001:000A534C       ActnList.TCustomAction.Destroy
 0001:000A58BC       ActnList.TCustomAction.DoHint
 0001:000A58E4       ActnList.TCustomAction.Execute
 0001:000A5948       ActnList.TCustomAction.GetSecondaryShortCuts
 0001:000A5970       ActnList.TCustomAction.HandleShortCut
 0001:000A544C       ActnList.TCustomAction.SetCaption
 0001:000A54AC       ActnList.TCustomAction.SetChecked
 0001:000A55B4       ActnList.TCustomAction.SetEnabled
 0001:000A5698       ActnList.TCustomAction.SetHelpContext
 0001:000A5630       ActnList.TCustomAction.SetHelpKeyword
 0001:000A56F0       ActnList.TCustomAction.SetHint
 0001:000A5750       ActnList.TCustomAction.SetImageIndex
 0001:000A5870       ActnList.TCustomAction.SetName
 0001:000A57AC       ActnList.TCustomAction.SetShortCut
 0001:000A5810       ActnList.TCustomAction.SetVisible
 0001:000A4FD4       ActnList.TCustomActionList.AddAction
 0001:000A5010       ActnList.TCustomActionList.Change
 0001:000A4DFC       ActnList.TCustomActionList.Create
 0001:000A4E68       ActnList.TCustomActionList.Destroy
 0001:000A511C       ActnList.TCustomActionList.ExecuteAction
 0001:000A4F30       ActnList.TCustomActionList.GetAction
 0001:000A4F44       ActnList.TCustomActionList.GetActionCount
 0001:000A4EB8       ActnList.TCustomActionList.GetChildren
 0001:000A4F80       ActnList.TCustomActionList.ImageListChange
 0001:000A5078       ActnList.TCustomActionList.IsShortCut
 0001:000A4F8C       ActnList.TCustomActionList.Notification
 0001:000A4FF4       ActnList.TCustomActionList.RemoveAction
 0001:000A4F00       ActnList.TCustomActionList.SetChildOrder
 0001:000A4F4C       ActnList.TCustomActionList.SetImages
 0001:000A515C       ActnList.TCustomActionList.SetState
 0001:000A513C       ActnList.TCustomActionList.UpdateAction
 0001:000A597C       ActnList.TShortCutList.Add
 0001:000A59A8       ActnList.TShortCutList.IndexOfShortCut
 0004:0000332C       Classes..95
 0001:000183AC       Classes..EBitsError
 0001:0001829C       Classes..EClassNotFound
 0001:00018464       Classes..EComponentError
 0001:000180E0       Classes..EFCreateError
 0001:00018194       Classes..EFilerError
 0001:00018080       Classes..EFileStreamError
 0001:0001813C       Classes..EFOpenError
 0001:0001851C       Classes..EInvalidOperation
 0001:00018354       Classes..EListError
 0001:000184C0       Classes..EOutOfResources
 0001:000181EC       Classes..EReadError
 0001:000182F8       Classes..EResNotFound
 0001:00018024       Classes..EStreamError
 0001:00018404       Classes..EStringListError
 0001:00019088       Classes..EThread
 0001:00018244       Classes..EWriteError
 0001:0001940C       Classes..TBasicAction
 0001:0001938C       Classes..TBasicActionLink
 0001:00018638       Classes..TBits
 0001:00018F34       Classes..TClassFinder
 0001:0001922C       Classes..TComponent
 0001:00018C28       Classes..TCustomMemoryStream
 0001:00018F90       Classes..TFiler
 0001:00018BA0       Classes..TFileStream
 0001:00018B28       Classes..THandleStream
 0001:0001A2B4       Classes..TIntConst
 0001:0001877C       Classes..TInterfacedPersistent
 0001:0001857C       Classes..TList
 0001:00018CA4       Classes..TMemoryStream
 0001:0001868C       Classes..TPersistent
 0001:0001D654       Classes..TPropFixup
 0001:0001D6CC       Classes..TPropIntfFixup
 0001:00018FF4       Classes..TReader
 0001:00019590       Classes..TRegGroup
 0001:000195E8       Classes..TRegGroups
 0001:00018D20       Classes..TResourceStream
 0001:00018AB8       Classes..TStream
 0001:00018EAC       Classes..TStreamAdapter
 0001:000189A0       Classes..TStringList
 0001:00018868       Classes..TStrings
 0001:000190DC       Classes..TThread
 0001:000185E0       Classes..TThreadList
 0001:0001A258       Classes.ActivateClassGroup
 0003:00000AD0       Classes.AddDataModule
 0001:0001D92C       Classes.AddFinished
 0001:0001D964       Classes.AddNotFinished
 0001:0001E4D8       Classes.AddSubComponentsToLoaded
 0001:000209A0       Classes.AddThread
 0001:00022388       Classes.AllocateHWnd
 0003:00000AE0       Classes.ApplicationHandleException
 0003:00000AE8       Classes.ApplicationShowException
 0001:0001A5B0       Classes.BeginGlobalLoading
 0003:00000B24       Classes.BlockCode
 0001:00019554       Classes.Bounds
 0001:000222C4       Classes.CalcJmpOffset
 0001:0001E514       Classes.CheckSubComponents
 0001:000209B8       Classes.CheckSynchronize
 0002:0000020C       Classes.Classes
 0001:0001A01C       Classes.ClassNotFound
 0001:0001E5F4       Classes.ComponentCreated
 0001:0001E674       Classes.CreateComponent
 0001:0002243C       Classes.DeallocateHWnd
 0001:00020954       Classes.DoneThreadSynchronization
 0001:0001B4B4       Classes.DoWrite
 0001:0001A638       Classes.EndGlobalLoading
 0001:0001D48C       Classes.Error
 0001:00019BBC       Classes.Error
 0003:00000AF8       Classes.FilerSignature
 0001:00022464       Classes.Finalization
 0001:0001A0DC       Classes.FindClass
 0001:0001E824       Classes.FindExistingComponent
 0001:0001A4C8       Classes.FindGlobalComponent
 0004:00003338       Classes.FindGlobalComponentProcs
 0001:0001A370       Classes.FindIdentToInt
 0001:0001D860       Classes.FindNestedComponent
 0001:0001F774       Classes.FindUniqueName
 0001:00022230       Classes.FreeIntConstList
 0001:00022364       Classes.FreeObjectInstance
 0001:0001A088       Classes.GetClass
 0001:0001A010       Classes.GetFieldClassTable
 0004:0000333C       Classes.GlobalFixupList
 0001:0001D9AC       Classes.GlobalFixupReferences
 0005:0000000C       Classes.GlobalLists
 0005:00000008       Classes.GlobalLoaded
 0004:00003320       Classes.GlobalNameSpace
 0001:0001A204       Classes.GroupDescendentsWith
 0001:0001EF98       Classes.HandleException
 0001:0001A3EC       Classes.IdentToInt
 0001:0001A694       Classes.InitComponent
 0001:0001A73C       Classes.InitInheritedComponent
 0001:00020920       Classes.InitThreadSynchronization
 0004:0000335C       Classes.InstBlockList
 0004:00003360       Classes.InstFreeList
 0004:00003330       Classes.IntConstList
 0001:0001A52C       Classes.InternalReadComponentRes
 0001:0001A42C       Classes.IntToIdent
 0001:0001957C       Classes.InvalidPoint
 0001:0001A508       Classes.IsUniqueGlobalComponentName
 0004:00003324       Classes.IsUniqueGlobalComponentNameProc
 0001:000222CC       Classes.MakeObjectInstance
 0001:0001AE50       Classes.Min
 0001:0002229C       Classes.ModuleUnload
 0003:00000AFC       Classes.NilMethod
 0001:0001A608       Classes.NotifyGlobalLoading
 0001:00019504       Classes.Point
 0001:00019948       Classes.PointerInModule
 0003:00000B08       Classes.Priorities
 0001:0001DCCC       Classes.PropertyNotFound
 0001:0001F098       Classes.PropPathError
 0001:0001DCC0       Classes.PropValueError
 0001:0001AB98       Classes.QuickSort
 0001:0001CBB8       Classes.RaiseException
 0001:00020328       Classes.ReadCustomVariant
 0001:0001DCA8       Classes.ReadError
 0001:0001E614       Classes.Recover
 0001:0001952C       Classes.Rect
 0004:00003334       Classes.RegGroups
 0001:0001A0FC       Classes.RegisterClass
 0001:0001A470       Classes.RegisterFindGlobalComponentProc
 0001:0001A344       Classes.RegisterIntegerConsts
 0003:00000AD8       Classes.RemoveDataModule
 0001:0001DB78       Classes.RemoveFixupReferences
 0001:0001DC24       Classes.RemoveFixups
 0001:0001DFBC       Classes.RemoveGlobalFixup
 0001:000209AC       Classes.RemoveThread
 0001:0002096C       Classes.ResetSyncEvent
 0001:0001A8D4       Classes.ReturnAddr
 0001:0001B614       Classes.ReturnAddr
 0001:0001E784       Classes.SetCompName
 0001:0001DCF8       Classes.SetElementValue
 0001:0001F39C       Classes.SetInterfaceReference
 0001:0001F2B8       Classes.SetIntIdent
 0001:0001F300       Classes.SetObjectIdent
 0001:0001E58C       Classes.SetSubComponentState
 0001:0001F340       Classes.SetVariantReference
 0001:00020994       Classes.SignalSyncEvent
 0001:0001FE48       Classes.SkipBinary
 0001:0001FE78       Classes.SkipCollection
 0001:0001FE20       Classes.SkipList
 0001:0001951C       Classes.SmallPoint
 0001:0001A1B8       Classes.StartClassGroup
 0001:000222A4       Classes.StdWndProc
 0001:0001C9E0       Classes.StringListCompareStrings
 0004:00003328       Classes.SyncEvent
 0003:00000B04       Classes.SyncList
 0001:00021C9C       Classes.TBasicAction.Change
 0001:00021B30       Classes.TBasicAction.Create
 0001:00021B74       Classes.TBasicAction.Destroy
 0001:00021C08       Classes.TBasicAction.Execute
 0001:00021BD8       Classes.TBasicAction.ExecuteTarget
 0001:00021BD4       Classes.TBasicAction.HandlesTarget
 0001:00021BDC       Classes.TBasicAction.Notification
 0001:00021CB0       Classes.TBasicAction.RegisterChanges
 0001:00021CFC       Classes.TBasicAction.SetActionComponent
 0001:00021C40       Classes.TBasicAction.SetOnExecute
 0001:00021CBC       Classes.TBasicAction.UnRegisterChanges
 0001:00021C24       Classes.TBasicAction.Update
 0001:00021C04       Classes.TBasicAction.UpdateTarget
 0001:00021A80       Classes.TBasicActionLink.AssignClient
 0001:00021AB8       Classes.TBasicActionLink.Change
 0001:00021A3C       Classes.TBasicActionLink.Create
 0001:00021A84       Classes.TBasicActionLink.Destroy
 0001:00021AD0       Classes.TBasicActionLink.Execute
 0001:00021B18       Classes.TBasicActionLink.IsOnExecuteLinked
 0001:00021AEC       Classes.TBasicActionLink.SetAction
 0001:00021B1C       Classes.TBasicActionLink.SetOnExecute
 0001:00021B24       Classes.TBasicActionLink.Update
 0001:0001AE08       Classes.TBits.Destroy
 0001:0001AE38       Classes.TBits.Error
 0001:0001AF2C       Classes.TBits.OpenBit
 0001:0001AF00       Classes.TBits.SetBit
 0001:0001AE5C       Classes.TBits.SetSize
 0001:00019E2C       Classes.TClassFinder.Create
 0001:00019F58       Classes.TClassFinder.Destroy
 0001:00019F88       Classes.TClassFinder.GetClass
 0001:0001B22C       Classes.TCollection.Add
 0001:0001B24C       Classes.TCollection.Clear
 0001:000212D4       Classes.TComponent.BeforeDestruction
 0001:0002180C       Classes.TComponent.ChangeName
 0001:0002120C       Classes.TComponent.Create
 0001:0002159C       Classes.TComponent.DefineProperties
 0001:00021258       Classes.TComponent.Destroy
 0001:00021464       Classes.TComponent.DestroyComponents
 0001:000214C0       Classes.TComponent.Destroying
 0001:00021948       Classes.TComponent.ExecuteAction
 0001:0002172C       Classes.TComponent.FindComponent
 0001:000212E0       Classes.TComponent.FreeNotification
 0001:00021630       Classes.TComponent.GetChildOwner
 0001:00021634       Classes.TComponent.GetChildParent
 0001:00021628       Classes.TComponent.GetChildren
 0001:00021820       Classes.TComponent.GetComponent
 0001:0002184C       Classes.TComponent.GetComponentCount
 0001:00021638       Classes.TComponent.GetNamePath
 0001:0002164C       Classes.TComponent.GetOwner
 0001:00021654       Classes.TComponent.GetParentComponent
 0001:00021624       Classes.TComponent.HasParent
 0001:00021374       Classes.TComponent.Insert
 0001:000213C8       Classes.TComponent.InsertComponent
 0001:00021A38       Classes.TComponent.IntfGetComponent
 0001:00021674       Classes.TComponent.Loaded
 0001:0002153C       Classes.TComponent.Notification
 0001:00021680       Classes.TComponent.PaletteCreated
 0001:000219B8       Classes.TComponent.QueryInterface
 0001:00021334       Classes.TComponent.ReadLeft
 0001:00021684       Classes.TComponent.ReadState
 0001:00021348       Classes.TComponent.ReadTop
 0001:000213A0       Classes.TComponent.Remove
 0001:0002142C       Classes.TComponent.RemoveComponent
 0001:00021520       Classes.TComponent.RemoveFreeNotification
 0001:000214FC       Classes.TComponent.RemoveNotification
 0001:00021998       Classes.TComponent.SafeCallException
 0001:00021650       Classes.TComponent.SetChildOrder
 0001:0002185C       Classes.TComponent.SetComponentIndex
 0001:000218B0       Classes.TComponent.SetDesigning
 0001:0002177C       Classes.TComponent.SetName
 0001:00021658       Classes.TComponent.SetParentComponent
 0001:00021900       Classes.TComponent.SetReference
 0001:00021970       Classes.TComponent.UpdateAction
 0001:00021668       Classes.TComponent.Updated
 0001:000219B0       Classes.TComponent.UpdateRegistry
 0001:0002165C       Classes.TComponent.Updating
 0001:00021714       Classes.TComponent.ValidateContainer
 0001:00021728       Classes.TComponent.ValidateInsert
 0001:00021694       Classes.TComponent.ValidateRename
 0001:0002135C       Classes.TComponent.WriteLeft
 0001:0002168C       Classes.TComponent.WriteState
 0001:00021368       Classes.TComponent.WriteTop
 0001:000219F8       Classes.TComponent._AddRef
 0001:00021A18       Classes.TComponent._Release
 0001:0001D174       Classes.TCustomMemoryStream.Read
 0001:0001D1E8       Classes.TCustomMemoryStream.SaveToFile
 0001:0001D1D0       Classes.TCustomMemoryStream.SaveToStream
 0001:0001D1AC       Classes.TCustomMemoryStream.Seek
 0001:0001D16C       Classes.TCustomMemoryStream.SetPointer
 0001:0001D5E0       Classes.TFiler.Create
 0001:0001D628       Classes.TFiler.Destroy
 0001:0001D650       Classes.TFiler.SetRoot
 0001:0001CFC4       Classes.TFileStream.Create
 0001:0001CF80       Classes.TFileStream.Create
 0001:0001D138       Classes.TFileStream.Destroy
 0001:0001CEBC       Classes.THandleStream.Create
 0001:0001CEF8       Classes.THandleStream.Read
 0001:0001CF18       Classes.THandleStream.Seek
 0001:0001CF44       Classes.THandleStream.SetSize
 0001:0001CF58       Classes.THandleStream.SetSize
 0001:0001CF08       Classes.THandleStream.Write
 0004:00003358       Classes.ThreadCount
 0004:00003340       Classes.ThreadLock
 0001:00020B90       Classes.ThreadProc
 0001:0001A30C       Classes.TIntConst.Create
 0001:0001B174       Classes.TInterfacedPersistent.AfterConstruction
 0001:0001B204       Classes.TInterfacedPersistent.QueryInterface
 0001:0001B1C4       Classes.TInterfacedPersistent._AddRef
 0001:0001B1E4       Classes.TInterfacedPersistent._Release
 0001:0001A824       Classes.TList.Add
 0001:0001A858       Classes.TList.Clear
 0001:0001A870       Classes.TList.Delete
 0001:0001A804       Classes.TList.Destroy
 0001:0001A910       Classes.TList.Error
 0001:0001A8D8       Classes.TList.Error
 0001:0001A964       Classes.TList.Expand
 0001:0001A97C       Classes.TList.First
 0001:0001A984       Classes.TList.Get
 0001:0001A9AC       Classes.TList.Grow
 0001:0001A9E0       Classes.TList.IndexOf
 0001:0001AA00       Classes.TList.Insert
 0001:0001AA6C       Classes.TList.Last
 0001:0001AC3C       Classes.TList.Notify
 0001:0001AA78       Classes.TList.Put
 0001:0001AAC8       Classes.TList.Remove
 0001:0001AAE8       Classes.TList.SetCapacity
 0001:0001AB24       Classes.TList.SetCount
 0001:0001AC1C       Classes.TList.Sort
 0001:0001D26C       Classes.TMemoryStream.Clear
 0001:0001D240       Classes.TMemoryStream.Destroy
 0001:0001D2BC       Classes.TMemoryStream.LoadFromFile
 0001:0001D284       Classes.TMemoryStream.LoadFromStream
 0001:0001D364       Classes.TMemoryStream.Realloc
 0001:0001D310       Classes.TMemoryStream.SetCapacity
 0001:0001D338       Classes.TMemoryStream.SetSize
 0001:0001D3E4       Classes.TMemoryStream.Write
 0001:0001AFD0       Classes.TPersistent.Assign
 0001:0001AFE4       Classes.TPersistent.AssignError
 0001:0001B0B4       Classes.TPersistent.AssignTo
 0001:0001B0BC       Classes.TPersistent.DefineProperties
 0001:0001AFA4       Classes.TPersistent.Destroy
 0001:0001B0C0       Classes.TPersistent.GetNamePath
 0001:0001B170       Classes.TPersistent.GetOwner
 0001:0001D72C       Classes.TPropFixup.Create
 0001:0001D784       Classes.TPropFixup.MakeGlobalReference
 0001:0001D7CC       Classes.TPropFixup.ResolveReference
 0001:0001D7DC       Classes.TPropIntfFixup.ResolveReference
 0001:0001DD4C       Classes.TReader.CheckValue
 0001:0001DDAC       Classes.TReader.DefineBinaryProperty
 0001:0001DD70       Classes.TReader.DefineProperty
 0001:0001DD10       Classes.TReader.Destroy
 0001:0001E038       Classes.TReader.DoFixupReferences
 0001:0001DE94       Classes.TReader.EndOfList
 0001:0001DEA8       Classes.TReader.Error
 0001:00020174       Classes.TReader.FindAncestorComponent
 0001:0002026C       Classes.TReader.FindComponentClass
 0001:0001DF54       Classes.TReader.FindMethod
 0001:0001DECC       Classes.TReader.FindMethodInstance
 0001:0001E17C       Classes.TReader.FlushBuffer
 0001:0001E1A0       Classes.TReader.FreeFixups
 0001:0001E1DC       Classes.TReader.GetFieldClass
 0001:0001E274       Classes.TReader.GetPosition
 0001:0001E28C       Classes.TReader.NextValue
 0001:0001E29C       Classes.TReader.PropertyError
 0001:0001E2B0       Classes.TReader.Read
 0001:0001E338       Classes.TReader.ReadBoolean
 0001:0001E2FC       Classes.TReader.ReadBuffer
 0001:0001E34C       Classes.TReader.ReadChar
 0001:0001E408       Classes.TReader.ReadCollection
 0001:0001E8C8       Classes.TReader.ReadComponent
 0001:0001ED08       Classes.TReader.ReadCurrency
 0001:0001EB08       Classes.TReader.ReadData
 0001:0001EB78       Classes.TReader.ReadDataInner
 0001:0001ED58       Classes.TReader.ReadDate
 0001:0001EC80       Classes.TReader.ReadDouble
 0001:0001EC48       Classes.TReader.ReadFloat
 0001:0001ED9C       Classes.TReader.ReadIdent
 0001:0001EF04       Classes.TReader.ReadInt64
 0001:0001EE98       Classes.TReader.ReadInteger
 0001:0001EF48       Classes.TReader.ReadListBegin
 0001:0001EF50       Classes.TReader.ReadListEnd
 0001:0001EF58       Classes.TReader.ReadPrefix
 0001:0001F0B4       Classes.TReader.ReadProperty
 0001:0001F45C       Classes.TReader.ReadPropValue
 0001:0001F7D4       Classes.TReader.ReadRootComponent
 0001:0001FB08       Classes.TReader.ReadSet
 0001:0001FBC4       Classes.TReader.ReadSignature
 0001:0001ECC4       Classes.TReader.ReadSingle
 0001:0001FBE8       Classes.TReader.ReadStr
 0001:0001FC24       Classes.TReader.ReadString
 0001:0001FDC4       Classes.TReader.ReadValue
 0001:000204F0       Classes.TReader.ReadVariant
 0001:0001E3AC       Classes.TReader.ReadWideChar
 0001:0001FCE0       Classes.TReader.ReadWideString
 0001:0002022C       Classes.TReader.ReferenceName
 0001:00020244       Classes.TReader.SetName
 0001:000202E0       Classes.TReader.SkipBytes
 0001:000200CC       Classes.TReader.SkipComponent
 0001:00020084       Classes.TReader.SkipProperty
 0001:0001FDD8       Classes.TReader.SkipSetBody
 0001:0001FED4       Classes.TReader.SkipValue
 0001:00019640       Classes.TRegGroup.AddClass
 0001:0001964C       Classes.TRegGroup.BestClass
 0001:000196AC       Classes.TRegGroup.BestGroup
 0001:0001971C       Classes.TRegGroup.Create
 0001:00019778       Classes.TRegGroup.Destroy
 0001:000197B8       Classes.TRegGroup.GetClass
 0001:00019820       Classes.TRegGroup.InGroup
 0001:00019864       Classes.TRegGroup.RegisterClass
 0001:00019924       Classes.TRegGroup.Registered
 0001:00019968       Classes.TRegGroup.UnregisterModuleClasses
 0001:00019A14       Classes.TRegGroups.Activate
 0001:00019A60       Classes.TRegGroups.Create
 0001:00019AD4       Classes.TRegGroups.Destroy
 0001:00019B34       Classes.TRegGroups.FindGroup
 0001:00019B78       Classes.TRegGroups.GetClass
 0001:00019C4C       Classes.TRegGroups.GroupWith
 0001:00019D18       Classes.TRegGroups.Lock
 0001:00019D24       Classes.TRegGroups.RegisterClass
 0001:00019D3C       Classes.TRegGroups.Registered
 0001:00019D80       Classes.TRegGroups.StartGroup
 0001:00019DD0       Classes.TRegGroups.Unlock
 0001:00019DDC       Classes.TRegGroups.UnregisterModuleClasses
 0001:0001D434       Classes.TResourceStream.Create
 0001:0001D598       Classes.TResourceStream.Destroy
 0001:0001D52C       Classes.TResourceStream.Initialize
 0001:0001D5C8       Classes.TResourceStream.Write
 0001:0001CD68       Classes.TStream.CopyFrom
 0001:0001CACC       Classes.TStream.GetPosition
 0001:0001CB00       Classes.TStream.GetSize
 0001:0001CCF8       Classes.TStream.ReadBuffer
 0001:0001CE5C       Classes.TStream.ReadComponent
 0001:0001CC88       Classes.TStream.Seek
 0001:0001CC04       Classes.TStream.Seek
 0001:0001CAEC       Classes.TStream.SetPosition
 0001:0001CB64       Classes.TStream.SetSize
 0001:0001CB4C       Classes.TStream.SetSize
 0001:0001CB50       Classes.TStream.SetSize64
 0001:0001CD30       Classes.TStream.WriteBuffer
 0001:00022218       Classes.TStreamAdapter.Clone
 0001:0002216C       Classes.TStreamAdapter.Commit
 0001:00021F64       Classes.TStreamAdapter.CopyTo
 0001:00021D28       Classes.TStreamAdapter.Create
 0001:00021D74       Classes.TStreamAdapter.Destroy
 0001:00022184       Classes.TStreamAdapter.LockRegion
 0001:00021DAC       Classes.TStreamAdapter.Read
 0001:00022178       Classes.TStreamAdapter.Revert
 0001:00021E7C       Classes.TStreamAdapter.Seek
 0001:00021F00       Classes.TStreamAdapter.SetSize
 0001:0002219C       Classes.TStreamAdapter.Stat
 0001:00022190       Classes.TStreamAdapter.UnlockRegion
 0001:00021E14       Classes.TStreamAdapter.Write
 0001:0001C44C       Classes.TStringList.Add
 0001:0001C45C       Classes.TStringList.AddObject
 0001:0001C4C0       Classes.TStringList.Changed
 0001:0001C4DC       Classes.TStringList.Changing
 0001:0001C4F8       Classes.TStringList.Clear
 0001:0001CA48       Classes.TStringList.CompareStrings
 0001:0001CA10       Classes.TStringList.CustomSort
 0001:0001C538       Classes.TStringList.Delete
 0001:0001C3F0       Classes.TStringList.Destroy
 0001:0001C5A4       Classes.TStringList.Exchange
 0001:0001C600       Classes.TStringList.ExchangeItems
 0001:0001C624       Classes.TStringList.Find
 0001:0001C6A8       Classes.TStringList.Get
 0001:0001C6DC       Classes.TStringList.GetCapacity
 0001:0001C6E0       Classes.TStringList.GetCount
 0001:0001C6E4       Classes.TStringList.GetObject
 0001:0001C70C       Classes.TStringList.Grow
 0001:0001C740       Classes.TStringList.IndexOf
 0001:0001C77C       Classes.TStringList.Insert
 0001:0001C7E0       Classes.TStringList.InsertItem
 0001:0001C78C       Classes.TStringList.InsertObject
 0001:0001C85C       Classes.TStringList.Put
 0001:0001C8B8       Classes.TStringList.PutObject
 0001:0001C8F8       Classes.TStringList.QuickSort
 0001:0001C98C       Classes.TStringList.SetCapacity
 0001:0001C9A8       Classes.TStringList.SetSorted
 0001:0001C9C8       Classes.TStringList.SetUpdateState
 0001:0001CA00       Classes.TStringList.Sort
 0001:0001B2E4       Classes.TStrings.Add
 0001:0001B308       Classes.TStrings.AddObject
 0001:0001B32C       Classes.TStrings.AddStrings
 0001:0001B3E4       Classes.TStrings.Assign
 0001:0001B49C       Classes.TStrings.BeginUpdate
 0001:0001C378       Classes.TStrings.CompareStrings
 0001:0001B50C       Classes.TStrings.DefineProperties
 0001:0001B2B4       Classes.TStrings.Destroy
 0001:0001B558       Classes.TStrings.EndUpdate
 0001:0001B56C       Classes.TStrings.Equals
 0001:0001B650       Classes.TStrings.Error
 0001:0001B618       Classes.TStrings.Error
 0001:0001B6A8       Classes.TStrings.Exchange
 0001:0001B794       Classes.TStrings.ExtractName
 0001:0001B810       Classes.TStrings.GetCapacity
 0001:0001C318       Classes.TStrings.GetLineBreak
 0001:0001B818       Classes.TStrings.GetName
 0001:0001C3BC       Classes.TStrings.GetNameValueSeparator
 0001:0001B878       Classes.TStrings.GetObject
 0001:0001B87C       Classes.TStrings.GetText
 0001:0001B8D0       Classes.TStrings.GetTextStr
 0001:0001BA08       Classes.TStrings.GetValue
 0001:0001BAA0       Classes.TStrings.IndexOf
 0001:0001BB2C       Classes.TStrings.IndexOfName
 0001:0001BC00       Classes.TStrings.IndexOfObject
 0001:0001BC34       Classes.TStrings.InsertObject
 0001:0001BC64       Classes.TStrings.LoadFromFile
 0001:0001BCB8       Classes.TStrings.LoadFromStream
 0001:0001BD64       Classes.TStrings.Move
 0001:0001BE14       Classes.TStrings.Put
 0001:0001BE44       Classes.TStrings.PutObject
 0001:0001BE48       Classes.TStrings.ReadData
 0001:0001BEF8       Classes.TStrings.SaveToFile
 0001:0001BF50       Classes.TStrings.SaveToStream
 0001:0001BFB0       Classes.TStrings.SetCapacity
 0001:0001C34C       Classes.TStrings.SetLineBreak
 0001:0001C3D4       Classes.TStrings.SetNameValueSeparator
 0001:0001BFB4       Classes.TStrings.SetStringsAdapter
 0001:0001BFE8       Classes.TStrings.SetText
 0001:0001C038       Classes.TStrings.SetTextStr
 0001:0001C1DC       Classes.TStrings.SetUpdateState
 0001:0001C1E0       Classes.TStrings.SetValue
 0001:0001C294       Classes.TStrings.WriteData
 0001:00020D7C       Classes.TThread.AfterConstruction
 0001:00020E1C       Classes.TThread.CallOnTerminate
 0001:00020D88       Classes.TThread.CheckThreadError
 0001:00020E04       Classes.TThread.CheckThreadError
 0001:00020C38       Classes.TThread.Create
 0001:00020D08       Classes.TThread.Destroy
 0001:00020E30       Classes.TThread.DoTerminate
 0001:00020E70       Classes.TThread.RemoveQueuedEvents
 0001:00021138       Classes.TThread.Resume
 0001:00020E44       Classes.TThread.SetPriority
 0001:00020F30       Classes.TThread.Synchronize
 0001:000210CC       Classes.TThread.Synchronize
 0001:000210F4       Classes.TThread.Synchronize
 0001:00021160       Classes.TThread.Terminate
 0001:00021168       Classes.TThread.WaitFor
 0001:0001AD10       Classes.TThreadList.Add
 0001:0001AC40       Classes.TThreadList.Create
 0001:0001AC94       Classes.TThreadList.Destroy
 0001:0001AD98       Classes.TThreadList.LockList
 0001:0001ADAC       Classes.TThreadList.Remove
 0001:0001ADFC       Classes.TThreadList.UnlockList
 0001:00020710       Classes.TWriter.Write
 0001:00020774       Classes.TWriter.WriteBoolean
 0001:0002075C       Classes.TWriter.WriteBuffer
 0001:00020788       Classes.TWriter.WriteInteger
 0001:000207FC       Classes.TWriter.WriteListBegin
 0001:00020804       Classes.TWriter.WriteListEnd
 0001:0002080C       Classes.TWriter.WriteMinStr
 0001:000208B8       Classes.TWriter.WriteString
 0001:0002090C       Classes.TWriter.WriteValue
 0001:0001A4B0       Classes.UnregisterFindGlobalComponentProc
 0001:0001A16C       Classes.UnRegisterModuleClasses
 0003:00000B28       Classes.UtilWindowClass
 0001:00020978       Classes.WaitForSyncEvent
 0003:00000AF0       Classes.WakeMainThread
 0004:00007094       Clipbrd..2
 0004:00007092       Clipbrd.CF_COMPONENT
 0004:00007090       Clipbrd.CF_PICTURE
 0002:00000620       Clipbrd.Clipbrd
 0004:00007098       Clipbrd.FClipboard
 0001:0008820C       Clipbrd.Finalization
 0001:0007957C       CommCtrl.ImageList_Add
 0001:000795AC       CommCtrl.ImageList_BeginDrag
 0001:00079564       CommCtrl.ImageList_Create
 0001:0007956C       CommCtrl.ImageList_Destroy
 0001:000795BC       CommCtrl.ImageList_DragEnter
 0001:000795C4       CommCtrl.ImageList_DragLeave
 0001:000795CC       CommCtrl.ImageList_DragMove
 0001:000795D4       CommCtrl.ImageList_DragShowNolock
 0001:00079594       CommCtrl.ImageList_Draw
 0001:0007959C       CommCtrl.ImageList_DrawEx
 0001:000795B4       CommCtrl.ImageList_EndDrag
 0001:0007958C       CommCtrl.ImageList_GetBkColor
 0001:000795EC       CommCtrl.ImageList_GetIconSize
 0001:00079574       CommCtrl.ImageList_GetImageCount
 0001:000795DC       CommCtrl.ImageList_Read
 0001:000795A4       CommCtrl.ImageList_Remove
 0001:00079584       CommCtrl.ImageList_SetBkColor
 0001:000795F4       CommCtrl.ImageList_SetIconSize
 0001:000795E4       CommCtrl.ImageList_Write
 0001:000795FC       CommCtrl._TrackMouseEvent
 0001:00085AD0       CommDlg.ChooseColor
 0001:00085AD8       CommDlg.ChooseFont
 0004:000071A4       ComObj..41
 0001:000B42A0       ComObj..EOleError
 0001:000B4354       ComObj..EOleException
 0001:000B43C8       ComObj..EOleRegistrationError
 0001:000B42F8       ComObj..EOleSysError
 0001:000B4178       ComObj..TAutoObject
 0001:000B4208       ComObj..TAutoObjectFactory
 0001:000B3C58       ComObj..TComClassManager
 0001:000B3DA8       ComObj..TComObject
 0001:000B3EF0       ComObj..TComObjectFactory
 0001:000B3BD4       ComObj..TComServerObject
 0001:000B3FE4       ComObj..TTypedComObject
 0001:000B4050       ComObj..TTypedComObjectFactory
 0001:000B6564       ComObj.ClearExcepInfo
 0003:00006924       ComObj.CoAddRefServerProcess
 0003:0000691C       ComObj.CoCreateInstanceEx
 0003:00006934       ComObj.CoInitFlags
 0003:00006920       ComObj.CoInitializeEx
 0001:000B6734       ComObj.ComClassManager
 0004:000071AC       ComObj.ComClassManagerVar
 0002:00000820       ComObj.ComObj
 0003:00006928       ComObj.CoReleaseServerProcess
 0003:0000692C       ComObj.CoResumeClassObjects
 0003:00006930       ComObj.CoSuspendClassObjects
 0001:000B5CC8       ComObj.CreateRegKey
 0001:000B5D64       ComObj.DeleteRegKey
 0001:000B5F80       ComObj.DispatchInvoke
 0001:000B6558       ComObj.DispatchInvokeError
 0001:000B6574       ComObj.DispCall
 0001:000B6658       ComObj.DispCallByID
 0001:000B6484       ComObj.DispCallError
 0001:000B5BD8       ComObj.EOleException.Create
 0001:000B5B04       ComObj.EOleSysError.Create
 0001:000B67D0       ComObj.Finalization
 0001:000B62F0       ComObj.GetIDsOfNames
 0001:000B5C9C       ComObj.GUIDToString
 0001:000B442C       ComObj.HandleSafeCallException
 0001:000B6754       ComObj.InitComObj
 0001:000B5D7C       ComObj.LoadComExProcs
 0004:000071B4       ComObj.NeedToUninitialize
 0001:000B5C8C       ComObj.OleCheck
 0001:000B5C70       ComObj.OleError
 0004:000071A8       ComObj.OleUninitializing
 0001:000B63D0       ComObj.RaiseException
 0001:000B62BC       ComObj.RaiseNameException
 0003:00006938       ComObj.RegFlags
 0001:000B5E80       ComObj.SafeCallError
 0004:000071B0       ComObj.SaveInitProc
 0003:00006940       ComObj.SuspendedFlag
 0001:000B5800       ComObj.TAutoObject.EventSinkChanged
 0001:000B5824       ComObj.TAutoObject.GetIDsOfNames
 0001:000B5848       ComObj.TAutoObject.GetTypeInfo
 0001:000B587C       ComObj.TAutoObject.GetTypeInfoCount
 0001:000B5804       ComObj.TAutoObject.Initialize
 0001:000B5890       ComObj.TAutoObject.Invoke
 0001:000B58D4       ComObj.TAutoObjectFactory.Create
 0001:000B5A94       ComObj.TAutoObjectFactory.GetIntfEntry
 0001:000B45EC       ComObj.TComClassManager.AddObjectFactory
 0001:000B4578       ComObj.TComClassManager.Create
 0001:000B45BC       ComObj.TComClassManager.Destroy
 0001:000B4644       ComObj.TComClassManager.ForEachFactory
 0001:000B46B4       ComObj.TComClassManager.RemoveObjectFactory
 0001:000B4730       ComObj.TComObject.CreateFromFactory
 0001:000B4790       ComObj.TComObject.Destroy
 0001:000B47E0       ComObj.TComObject.Initialize
 0001:000B4AA8       ComObj.TComObject.InterfaceSupportsErrorInfo
 0001:000B49F8       ComObj.TComObject.ObjAddRef
 0001:000B49D0       ComObj.TComObject.ObjQueryInterface
 0001:000B4A0C       ComObj.TComObject.ObjRelease
 0001:000B4A34       ComObj.TComObject.QueryInterface
 0001:000B47E4       ComObj.TComObject.SafeCallException
 0001:000B4A60       ComObj.TComObject._AddRef
 0001:000B4A84       ComObj.TComObject._Release
 0001:000B4ACC       ComObj.TComObjectFactory.Create
 0001:000B4BF0       ComObj.TComObjectFactory.CreateComObject
 0001:000B50B8       ComObj.TComObjectFactory.CreateInstance
 0001:000B5204       ComObj.TComObjectFactory.CreateInstanceLic
 0001:000B4BBC       ComObj.TComObjectFactory.Destroy
 0001:000B4F88       ComObj.TComObjectFactory.GetLicenseString
 0001:000B5110       ComObj.TComObjectFactory.GetLicInfo
 0001:000B4C00       ComObj.TComObjectFactory.GetProgID
 0001:000B4FAC       ComObj.TComObjectFactory.HasMachineLicense
 0001:000B50D8       ComObj.TComObjectFactory.LockServer
 0001:000B5068       ComObj.TComObjectFactory.QueryInterface
 0001:000B4C78       ComObj.TComObjectFactory.RegisterClassObject
 0001:000B51CC       ComObj.TComObjectFactory.RequestLicKey
 0001:000B4D08       ComObj.TComObjectFactory.UpdateRegistry
 0001:000B4FB0       ComObj.TComObjectFactory.ValidateUserLicense
 0001:000B5090       ComObj.TComObjectFactory._AddRef
 0001:000B50A4       ComObj.TComObjectFactory._Release
 0003:00006948       ComObj.ThreadStrs
 0001:000B5AB4       ComObj.TrimPunctuation
 0001:000B53DC       ComObj.TTypedComObject.GetClassInfo
 0001:000B5404       ComObj.TTypedComObjectFactory.Create
 0001:000B5564       ComObj.TTypedComObjectFactory.GetInterfaceTypeInfo
 0001:000B560C       ComObj.TTypedComObjectFactory.UpdateRegistry
 0001:000B63E8       ComObj.VarDispInvoke
 0004:000071BC       ComServ..2
 0001:000B6850       ComServ..TComServer
 0001:000B6D94       ComServ.AutomationTerminateProc
 0002:00000878       ComServ.ComServ
 0004:000071B8       ComServ.ComServer
 0001:000B735C       ComServ.Finalization
 0001:000B6E50       ComServ.FindSwitch
 0003:0000696C       ComServ.GetLongPathName
 0001:000B6A4C       ComServ.GetModuleFileName
 0001:000B6AD4       ComServ.GetModuleName
 0001:000B6D1C       ComServ.GetTypeLibName
 0001:000B72E4       ComServ.InitComServer
 0001:000B6B34       ComServ.LoadTypeLibrary
 0004:000071C0       ComServ.OleAutHandle
 0001:000B6B98       ComServ.RegisterTypeLibrary
 0003:00006970       ComServ.SaveInitProc
 0001:000B68F0       ComServ.ShortToLongFileName
 0001:000B7004       ComServ.TComServer.CountFactory
 0001:000B6F88       ComServ.TComServer.CountObject
 0001:000B6E80       ComServ.TComServer.Create
 0001:000B6F5C       ComServ.TComServer.Destroy
 0001:000B701C       ComServ.TComServer.FactoryFree
 0001:000B7024       ComServ.TComServer.FactoryRegisterClassObject
 0001:000B702C       ComServ.TComServer.FactoryUpdateRegistry
 0001:000B7044       ComServ.TComServer.GetHelpFileName
 0001:000B7058       ComServ.TComServer.GetServerFileName
 0001:000B7064       ComServ.TComServer.GetServerKey
 0001:000B70BC       ComServ.TComServer.GetServerName
 0001:000B7340       ComServ.TComServer.GetStartSuspended
 0001:000B70F4       ComServ.TComServer.GetTypeLib
 0001:000B7110       ComServ.TComServer.Initialize
 0001:000B7198       ComServ.TComServer.LastReleased
 0001:000B7200       ComServ.TComServer.LoadTypeLib
 0001:000B7348       ComServ.TComServer.SetHelpFileName
 0001:000B726C       ComServ.TComServer.UpdateRegistry
 0001:000B6C34       ComServ.UnregisterTypeLibrary
 0001:00077A78       Contnrs..TObjectList
 0001:00077AE0       Contnrs..TOrderedList
 0001:00077B48       Contnrs..TStack
 0001:00077BA8       Contnrs.TObjectList.Create
 0001:00077BE4       Contnrs.TObjectList.GetItem
 0001:00077BF8       Contnrs.TObjectList.Notify
 0001:00077C3C       Contnrs.TOrderedList.Create
 0001:00077C80       Contnrs.TOrderedList.Destroy
 0001:00077CB0       Contnrs.TOrderedList.PeekItem
 0001:00077C24       Contnrs.TOrderedList.Pop
 0001:00077CC4       Contnrs.TOrderedList.PopItem
 0001:00077C2C       Contnrs.TOrderedList.Push
 0001:00077CE4       Contnrs.TStack.PushItem
 0004:000070F8       Controls..33
 0001:0008FD14       Controls..TBaseDragControlObject
 0001:000910A0       Controls..TControl
 0001:000901E4       Controls..TControlActionLink
 0001:0009005C       Controls..TControlCanvas
 0001:00091D28       Controls..TCustomControl
 0001:000900FC       Controls..TCustomControlAction
 0001:00092170       Controls..TDockTree
 0001:00092024       Controls..TDockZone
 0001:0008FDD8       Controls..TDragControlObject
 0001:0008FE64       Controls..TDragControlObjectEx
 0001:0008FEF4       Controls..TDragDockObject
 0001:0008FFBC       Controls..TDragDockObjectEx
 0001:0008FC70       Controls..TDragObject
 0001:00091E94       Controls..THintWindow
 0001:00090634       Controls..TMargins
 0001:00092214       Controls..TMouse
 0001:0009074C       Controls..TPadding
 0001:00092764       Controls..TSiteList
 0001:000904E8       Controls..TSizeConstraints
 0001:00091918       Controls..TWinControl
 0001:00091510       Controls..TWinControlActionLink
 0001:00092DD4       Controls.AbsMin
 0004:0000712C       Controls.ActiveDrag
 0001:000990DC       Controls.AlignWork
 0003:000066A4       Controls.AnchorAlign
 0003:00006698       Controls.AnimateWindowProc
 0003:000067A0       Controls.AnimationStyle
 0001:00095D24       Controls.BackgroundClipped
 0001:000A219C       Controls.CalcSplitterPos
 0001:00093E78       Controls.CancelDrag
 0004:00007140       Controls.CanvasList
 0003:0000675C       Controls.CaptureControl
 0001:00093AE0       Controls.CheckUndock
 0001:0009F024       Controls.ClientToWindow
 0004:000070FE       Controls.ControlAtom
 0004:00007104       Controls.ControlAtomString
 0002:00000718       Controls.Controls
 0003:0000669C       Controls.CreationControl
 0003:00006798       Controls.Ctl3DStyles
 0003:000066AC       Controls.Cursors
 0001:000925FC       Controls.CursorToIdent
 0003:000066A0       Controls.DefaultDockTreeClass
 0001:0009A068       Controls.DestroyChildWindow
 0001:00098F50       Controls.DoAlign
 0001:0009DAA8       Controls.DoCalcConstraints
 0004:00007134       Controls.DockSiteList
 0001:0009AD98       Controls.DoControlMsg
 0001:000933E8       Controls.DoDragOver
 0001:0009FCA4       Controls.DoFindControlZone
 0001:000A03CC       Controls.DoFindZone
 0001:0009FD28       Controls.DoForEach
 0001:000A1970       Controls.DoGetNextLimit
 0001:000A29A8       Controls.DoneControls
 0001:00098F08       Controls.DoPosition
 0001:000A0E80       Controls.DoPrune
 0001:000A1394       Controls.DoSaveZone
 0001:000A1658       Controls.DoSetNewBounds
 0001:00099D14       Controls.DoWriteDesignSize
 0001:0009709C       Controls.DoWriteExplicit
 0001:00097068       Controls.DoWriteIsControl
 0004:00007118       Controls.DragCapture
 0004:0000710C       Controls.DragControl
 0001:00093B54       Controls.DragDone
 0001:00093398       Controls.DragFindTarget
 0001:0009336C       Controls.DragFindWindow
 0004:00007130       Controls.DragImageList
 0001:000937AC       Controls.DragInit
 0001:0009391C       Controls.DragInitControl
 0004:00007114       Controls.DragInternalObject
 0001:000932B4       Controls.DragMessage
 0004:00007110       Controls.DragObject
 0004:0000713C       Controls.DragSave
 0004:00007124       Controls.DragSaveCursor
 0004:0000711C       Controls.DragStartPos
 0004:00007128       Controls.DragThreshold
 0001:000934C4       Controls.DragTo
 0001:000A0904       Controls.DrawCloseButton
 0001:000A0998       Controls.DrawGrabberLine
 0001:000A0A20       Controls.DrawThemedGrabber
 0003:00006788       Controls.EdgeStyles
 0001:000A2FC8       Controls.Finalization
 0001:000923AC       Controls.FindControl
 0001:00093EC4       Controls.FindDragTarget
 0001:00093E90       Controls.FindVCLWindow
 0001:00093F88       Controls.FreeDeviceContext
 0001:00094044       Controls.FreeDeviceContexts
 0001:000926F8       Controls.GetCaptureControl
 0001:00098D78       Controls.GetClientSize
 0001:0009A488       Controls.GetControlAtPos
 0001:000A1A50       Controls.GetDockAlign
 0001:00093104       Controls.GetDockSiteAtPos
 0001:00093424       Controls.GetDropCtl
 0001:0009F9D4       Controls.GetLastChildZone
 0001:00092660       Controls.GetLongHint
 0001:0009261C       Controls.GetShortHint
 0001:00092804       Controls.GetTopParent
 0001:000A1ACC       Controls.HideZone
 0001:0009260C       Controls.IdentToCursor
 0003:000067C8       Controls.IMM32DLL
 0001:000A2994       Controls.Imm32IsIME
 0001:000A2A30       Controls.InitControls
 0001:000A2638       Controls.InitIMM32
 0001:00092268       Controls.InitWndProc
 0003:00006768       Controls.InnerStyles
 0001:00098DD8       Controls.InsertBefore
 0001:00092EB8       Controls.IsBeforeTargetWindow
 0001:0009330C       Controls.IsDelphiHandle
 0001:0009F408       Controls.IsOrientationSet
 0001:000930C0       Controls.IsSiteChildOfClient
 0001:00092408       Controls.IsVCLControl
 0004:000070EC       Controls.IsVCLControlHook
 0001:00093F10       Controls.ListAdd
 0001:00093F38       Controls.ListRemove
 0003:000067B4       Controls.MakeLast
 0001:00098160       Controls.MinVar
 0003:000067CC       Controls.ModeMap
 0004:000070E8       Controls.Mouse
 0001:00093F58       Controls.MoveWindowOrg
 0004:000070F4       Controls.NewStyleControls
 0001:0009F3EC       Controls.NextVisibleZone
 0001:00092378       Controls.ObjectFromHWnd
 0003:000067AC       Controls.OrientArray
 0003:00006778       Controls.OuterStyles
 0001:0009F7FC       Controls.ParentNotLast
 0001:000926A4       Controls.PerformEraseBackground
 0001:00099D00       Controls.PointsEqual
 0004:00007138       Controls.QualifyingSites
 0001:000A0568       Controls.ReadControlName
 0001:00093258       Controls.RegisterDockSite
 0004:00007108       Controls.RM_GetObjectInstance
 0001:00092438       Controls.SendAppMessage
 0001:00092720       Controls.SetCaptureControl
 0001:000A28BC       Controls.SetImeMode
 0003:00006760       Controls.ShowFlags
 0001:000A1B4C       Controls.ShowZone
 0003:000067C0       Controls.SizeCursors
 0001:00092BD4       Controls.TBaseDragControlObject.Assign
 0001:00092BB0       Controls.TBaseDragControlObject.Create
 0001:00092C00       Controls.TBaseDragControlObject.EndDrag
 0001:00092C24       Controls.TBaseDragControlObject.Finished
 0001:00097E90       Controls.TControl.ActionChange
 0001:00098280       Controls.TControl.AdjustSize
 0001:000980B4       Controls.TControl.AssignTo
 0001:0009607C       Controls.TControl.BeginAutoDrag
 0001:00096098       Controls.TControl.BeginDrag
 0001:00095BBC       Controls.TControl.BringToFront
 0001:00096AE0       Controls.TControl.CalcCursorPos
 0001:00096C48       Controls.TControl.CalcDockSizes
 0001:000969E0       Controls.TControl.CanAutoSize
 0001:000969E4       Controls.TControl.CanResize
 0001:00095554       Controls.TControl.Changed
 0001:00095564       Controls.TControl.ChangeScale
 0001:00097658       Controls.TControl.CheckNewSize
 0001:0009744C       Controls.TControl.Click
 0001:000953DC       Controls.TControl.ClientToScreen
 0001:00097BE8       Controls.TControl.CMBiDiModeChanged
 0001:00097B14       Controls.TControl.CMColorChanged
 0001:00097D18       Controls.TControl.CMDesignHitTest
 0001:00097AF4       Controls.TControl.CMEnabledChanged
 0001:00097E30       Controls.TControl.CMFloat
 0001:00097B04       Controls.TControl.CMFontChanged
 0001:000982CC       Controls.TControl.CMHintShow
 0001:00097C98       Controls.TControl.CMHitTest
 0001:00098480       Controls.TControl.CMMouseActivate
 0001:00097CA0       Controls.TControl.CMMouseEnter
 0001:00097CDC       Controls.TControl.CMMouseLeave
 0001:00097B78       Controls.TControl.CMMouseWheel
 0001:00097B54       Controls.TControl.CMParentBiDiModeChanged
 0001:00097B24       Controls.TControl.CMParentColorChanged
 0001:00097C44       Controls.TControl.CMParentFontChanged
 0001:00097C08       Controls.TControl.CMParentShowHintChanged
 0001:00097C74       Controls.TControl.CMSysFontChanged
 0001:00097ACC       Controls.TControl.CMVisibleChanged
 0001:00096AB0       Controls.TControl.ConstrainedResize
 0001:000947B4       Controls.TControl.Create
 0001:00097D20       Controls.TControl.CreateFloatingDockSite
 0001:000974B8       Controls.TControl.DblClick
 0001:00096520       Controls.TControl.DefaultDockImage
 0001:00096FC0       Controls.TControl.DefaultHandler
 0001:000972BC       Controls.TControl.DefineProperties
 0001:00096B0C       Controls.TControl.DesignWndProc
 0001:000948AC       Controls.TControl.Destroy
 0001:00097F90       Controls.TControl.DoActionChange
 0001:00096A14       Controls.TControl.DoCanAutoSize
 0001:00096A80       Controls.TControl.DoCanResize
 0001:000950AC       Controls.TControl.Dock
 0001:0009631C       Controls.TControl.DockTrackNoTarget
 0001:00096B40       Controls.TControl.DoConstrainedResize
 0001:000969D0       Controls.TControl.DoConstraintsChange
 0001:00098440       Controls.TControl.DoContextPopup
 0001:000951DC       Controls.TControl.DoDock
 0001:0009666C       Controls.TControl.DoDragMsg
 0001:00096334       Controls.TControl.DoEndDock
 0001:0009621C       Controls.TControl.DoEndDrag
 0001:000984A4       Controls.TControl.DoMarginChange
 0001:00096380       Controls.TControl.DoMouseActivate
 0001:00097510       Controls.TControl.DoMouseDown
 0001:00097888       Controls.TControl.DoMouseUp
 0001:000963B4       Controls.TControl.DoMouseWheel
 0001:00096488       Controls.TControl.DoMouseWheelDown
 0001:000964D4       Controls.TControl.DoMouseWheelUp
 0001:00096360       Controls.TControl.DoStartDock
 0001:000961FC       Controls.TControl.DoStartDrag
 0001:00096184       Controls.TControl.DragCanceled
 0001:000961D0       Controls.TControl.DragDrop
 0001:00096188       Controls.TControl.Dragging
 0001:00096194       Controls.TControl.DragOver
 0001:0009664C       Controls.TControl.DrawDragDockImage
 0001:000982A0       Controls.TControl.DrawTextBiDiModeFlagsReadingOnly
 0001:0009665C       Controls.TControl.EraseDragDockImage
 0001:00095A0C       Controls.TControl.FontChanged
 0001:00094A34       Controls.TControl.GetAction
 0001:00097FB4       Controls.TControl.GetActionLinkClass
 0001:000984B8       Controls.TControl.GetAlignWithMargins
 0001:0009526C       Controls.TControl.GetBoundsRect
 0001:0009530C       Controls.TControl.GetClientHeight
 0001:0009534C       Controls.TControl.GetClientOrigin
 0001:000952B0       Controls.TControl.GetClientRect
 0001:000952C8       Controls.TControl.GetClientWidth
 0001:0009602C       Controls.TControl.GetControlsAlignment
 0001:00095C7C       Controls.TControl.GetDeviceContext
 0001:0009819C       Controls.TControl.GetDockEdge
 0001:00094974       Controls.TControl.GetDragImages
 0001:00094978       Controls.TControl.GetEnabled
 0001:0009824C       Controls.TControl.GetFloating
 0001:00098278       Controls.TControl.GetFloatingDockSiteClass
 0001:00095B84       Controls.TControl.GetMouseCapture
 0001:00094980       Controls.TControl.GetPalette
 0001:0009498C       Controls.TControl.GetParentComponent
 0001:00097650       Controls.TControl.GetPopupMenu
 0001:0009595C       Controls.TControl.GetText
 0001:000958DC       Controls.TControl.GetTextBuf
 0001:000958CC       Controls.TControl.GetTextLen
 0001:000958E8       Controls.TControl.GetUndockHeight
 0001:000958FC       Controls.TControl.GetUndockWidth
 0001:00094984       Controls.TControl.HasParent
 0001:000982BC       Controls.TControl.InitiateAction
 0001:00095E3C       Controls.TControl.Invalidate
 0001:00095DB0       Controls.TControl.InvalidateControl
 0001:00094B60       Controls.TControl.IsAnchorsStored
 0001:00095A80       Controls.TControl.IsBiDiModeStored
 0001:00097FBC       Controls.TControl.IsCaptionStored
 0001:00095B18       Controls.TControl.IsColorStored
 0001:00097FDC       Controls.TControl.IsEnabledStored
 0001:00095A60       Controls.TControl.IsFontStored
 0001:0009801C       Controls.TControl.IsHelpContextStored
 0001:00097FFC       Controls.TControl.IsHintStored
 0001:0009805C       Controls.TControl.IsOnClickStored
 0001:00095A74       Controls.TControl.IsShowHintStored
 0001:0009803C       Controls.TControl.IsVisibleStored
 0001:0009807C       Controls.TControl.Loaded
 0001:0009675C       Controls.TControl.ManualDock
 0001:0009693C       Controls.TControl.ManualFloat
 0001:00095E50       Controls.TControl.MouseActivate
 0001:000974D8       Controls.TControl.MouseDown
 0001:000977A4       Controls.TControl.MouseMove
 0001:00097850       Controls.TControl.MouseUp
 0001:00095E98       Controls.TControl.MouseWheelHandler
 0001:00094C78       Controls.TControl.Notification
 0001:000949B8       Controls.TControl.PaletteChanged
 0001:00096C14       Controls.TControl.Perform
 0001:00096248       Controls.TControl.PositionDockRect
 0001:00098594       Controls.TControl.ReadExplicitHeight
 0001:000985AC       Controls.TControl.ReadExplicitLeft
 0001:0009857C       Controls.TControl.ReadExplicitTop
 0001:00098554       Controls.TControl.ReadExplicitWidth
 0001:00097048       Controls.TControl.ReadIsControl
 0001:00094BE4       Controls.TControl.ReadState
 0001:00095F24       Controls.TControl.Refresh
 0001:00095F30       Controls.TControl.Repaint
 0001:00094BB4       Controls.TControl.RequestAlign
 0001:00094BC4       Controls.TControl.Resize
 0001:00095408       Controls.TControl.ScaleConstraints
 0001:0009548C       Controls.TControl.ScreenToClient
 0001:000954B8       Controls.TControl.SendCancelMode
 0001:000954E8       Controls.TControl.SendDockNotification
 0001:00094AE4       Controls.TControl.SetAction
 0001:00094CD0       Controls.TControl.SetAlign
 0001:000984C0       Controls.TControl.SetAlignWithMargins
 0001:00094A44       Controls.TControl.SetAnchors
 0001:00095728       Controls.TControl.SetAutoSize
 0001:000959F0       Controls.TControl.SetBiDiMode
 0001:00094DB8       Controls.TControl.SetBounds
 0001:0009528C       Controls.TControl.SetBoundsRect
 0001:00095324       Controls.TControl.SetClientHeight
 0001:000957E8       Controls.TControl.SetClientSize
 0001:000952E0       Controls.TControl.SetClientWidth
 0001:00095AFC       Controls.TControl.SetColor
 0001:00098474       Controls.TControl.SetConstraints
 0001:00095B68       Controls.TControl.SetCursor
 0001:00094B78       Controls.TControl.SetDesignVisible
 0001:00094BB0       Controls.TControl.SetDragMode
 0001:000958B4       Controls.TControl.SetEnabled
 0001:00095A50       Controls.TControl.SetFont
 0001:00095078       Controls.TControl.SetHeight
 0001:00095234       Controls.TControl.SetHelpContext
 0001:00095248       Controls.TControl.SetHelpKeyword
 0001:00094FDC       Controls.TControl.SetLeft
 0001:000984AC       Controls.TControl.SetMargins
 0001:00095B94       Controls.TControl.SetMouseCapture
 0001:00095744       Controls.TControl.SetName
 0001:00095830       Controls.TControl.SetParent
 0001:00095B44       Controls.TControl.SetParentBiDiMode
 0001:00095B20       Controls.TControl.SetParentColor
 0001:00094990       Controls.TControl.SetParentComponent
 0001:00095A88       Controls.TControl.SetParentFont
 0001:00095AD0       Controls.TControl.SetParentShowHint
 0001:00095910       Controls.TControl.SetPopupMenu
 0001:00095AAC       Controls.TControl.SetShowHint
 0001:0009598C       Controls.TControl.SetText
 0001:00095938       Controls.TControl.SetTextBuf
 0001:00095010       Controls.TControl.SetTop
 0001:0009587C       Controls.TControl.SetVisible
 0001:00095044       Controls.TControl.SetWidth
 0001:00095C58       Controls.TControl.SetZOrder
 0001:00095BD0       Controls.TControl.SetZOrderPosition
 0001:00095F10       Controls.TControl.Update
 0001:00094E58       Controls.TControl.UpdateAnchorRules
 0001:00096CBC       Controls.TControl.UpdateBoundsRect
 0001:000984F0       Controls.TControl.UpdateExplicitBounds
 0001:00096048       Controls.TControl.UseRightToLeftAlignment
 0001:00096030       Controls.TControl.UseRightToLeftReading
 0001:00096060       Controls.TControl.UseRightToLeftScrollBar
 0001:00096CEC       Controls.TControl.VisibleChanging
 0001:000979DC       Controls.TControl.WMCancelMode
 0001:000982FC       Controls.TControl.WMContextMenu
 0001:000975FC       Controls.TControl.WMLButtonDblClk
 0001:00097594       Controls.TControl.WMLButtonDown
 0001:000978C0       Controls.TControl.WMLButtonUp
 0001:00097778       Controls.TControl.WMMButtonDblClk
 0001:0009774C       Controls.TControl.WMMButtonDown
 0001:00097964       Controls.TControl.WMMButtonUp
 0001:000977D8       Controls.TControl.WMMouseMove
 0001:00097984       Controls.TControl.WMMouseWheel
 0001:000975E0       Controls.TControl.WMNCLButtonDown
 0001:00097720       Controls.TControl.WMRButtonDblClk
 0001:000976F4       Controls.TControl.WMRButtonDown
 0001:00097944       Controls.TControl.WMRButtonUp
 0001:00097A1C       Controls.TControl.WMWindowPosChanged
 0001:00096CF0       Controls.TControl.WndProc
 0001:00098534       Controls.TControl.WriteExplicitHeight
 0001:00098544       Controls.TControl.WriteExplicitLeft
 0001:00098524       Controls.TControl.WriteExplicitTop
 0001:0009856C       Controls.TControl.WriteExplicitWidth
 0001:0009705C       Controls.TControl.WriteIsControl
 0001:00094360       Controls.TControlActionLink.AssignClient
 0001:0009437C       Controls.TControlActionLink.DoShowHint
 0001:0009446C       Controls.TControlActionLink.IsCaptionLinked
 0001:000944E0       Controls.TControlActionLink.IsDropdownMenuLinked
 0001:000944F4       Controls.TControlActionLink.IsEnabledLinked
 0001:00094528       Controls.TControlActionLink.IsEnableDropdownLinked
 0001:000946C8       Controls.TControlActionLink.IsHelpLinked
 0001:0009453C       Controls.TControlActionLink.IsHintLinked
 0001:000945E8       Controls.TControlActionLink.IsOnExecuteLinked
 0001:00094574       Controls.TControlActionLink.IsPopupMenuLinked
 0001:000945B4       Controls.TControlActionLink.IsVisibleLinked
 0001:00094610       Controls.TControlActionLink.SetCaption
 0001:00094630       Controls.TControlActionLink.SetDropdownMenu
 0001:00094634       Controls.TControlActionLink.SetEnabled
 0001:00094654       Controls.TControlActionLink.SetEnableDropdown
 0001:00094750       Controls.TControlActionLink.SetHelpContext
 0001:00094730       Controls.TControlActionLink.SetHelpKeyword
 0001:00094770       Controls.TControlActionLink.SetHelpType
 0001:00094658       Controls.TControlActionLink.SetHint
 0001:0009469C       Controls.TControlActionLink.SetOnExecute
 0001:00094790       Controls.TControlActionLink.SetPopupMenu
 0001:0009467C       Controls.TControlActionLink.SetVisible
 0001:0009411C       Controls.TControlCanvas.CreateHandle
 0001:000940F0       Controls.TControlCanvas.Destroy
 0001:000941C4       Controls.TControlCanvas.FreeHandle
 0001:000941F8       Controls.TControlCanvas.SetControl
 0001:00094210       Controls.TControlCanvas.UpdateTextFlags
 0001:0009F290       Controls.TCustomControl.Create
 0001:0009F2EC       Controls.TCustomControl.Destroy
 0001:0009F3E8       Controls.TCustomControl.Paint
 0001:0009F33C       Controls.TCustomControl.PaintWindow
 0001:0009F31C       Controls.TCustomControl.WMPaint
 0001:000A1FA4       Controls.TDockTree.ActualSize
 0001:0009FC74       Controls.TDockTree.AdjustDockRect
 0001:000A2038       Controls.TDockTree.AdjustFrameRect
 0001:0009FC8C       Controls.TDockTree.BeginUpdate
 0001:000A1C84       Controls.TDockTree.ControlVisibilityChanged
 0001:0009FAB8       Controls.TDockTree.Create
 0001:0009FC20       Controls.TDockTree.Destroy
 0001:000A1884       Controls.TDockTree.DrawSizeSplitter
 0001:0009FC90       Controls.TDockTree.EndUpdate
 0001:000A0340       Controls.TDockTree.FindControlAtPos
 0001:0009FCFC       Controls.TDockTree.FindControlZone
 0001:0009FD64       Controls.TDockTree.ForEachAt
 0001:0009FD7C       Controls.TDockTree.GetControlBounds
 0001:000A1A00       Controls.TDockTree.GetNextLimit
 0001:0009FDF0       Controls.TDockTree.HitTest
 0001:0009FE00       Controls.TDockTree.InsertControl
 0001:000A001C       Controls.TDockTree.InsertNewParent
 0001:000A01C4       Controls.TDockTree.InsertSibling
 0001:000A04E0       Controls.TDockTree.InternalHitTest
 0001:000A05B0       Controls.TDockTree.LoadFromStream
 0001:000A2078       Controls.TDockTree.MouseDown
 0001:000A222C       Controls.TDockTree.MouseMove
 0001:000A227C       Controls.TDockTree.MouseUp
 0001:000A0A7C       Controls.TDockTree.PaintDockFrame
 0001:000A0BD0       Controls.TDockTree.PaintSite
 0001:000A0D04       Controls.TDockTree.PositionDockRect
 0001:000A0EB4       Controls.TDockTree.PruneZone
 0001:000A200C       Controls.TDockTree.ReferenceFromOrient
 0001:000A1FD4       Controls.TDockTree.RelativeSize
 0001:000A0F10       Controls.TDockTree.RemoveControl
 0001:000A0F50       Controls.TDockTree.RemoveZone
 0001:000A11F0       Controls.TDockTree.ResetBounds
 0001:000A14A4       Controls.TDockTree.SaveToStream
 0001:000A12D8       Controls.TDockTree.ScaleZone
 0001:000A16E0       Controls.TDockTree.SetNewBounds
 0001:000A1710       Controls.TDockTree.SetReplacingControl
 0001:000A1728       Controls.TDockTree.ShiftZone
 0001:000A22F0       Controls.TDockTree.ShowHint
 0001:000A175C       Controls.TDockTree.SplitterMouseDown
 0001:000A17BC       Controls.TDockTree.SplitterMouseUp
 0001:000A1838       Controls.TDockTree.UpdateAll
 0001:000A1860       Controls.TDockTree.UpdateZone
 0001:000A1870       Controls.TDockTree.WindowProc
 0001:000A1D0C       Controls.TDockTree.WndProc
 0001:000A023C       Controls.TDockTree.ZoneCaptionHitTest
 0001:0009F42C       Controls.TDockZone.Create
 0001:0009F9E4       Controls.TDockZone.ExpandZoneLimit
 0001:0009FAAC       Controls.TDockZone.FirstVisibleChild
 0001:0009F450       Controls.TDockZone.GetChildCount
 0001:0009F734       Controls.TDockZone.GetControlName
 0001:0009F5D4       Controls.TDockZone.GetHeightWidth
 0001:0009F4C0       Controls.TDockZone.GetLimitBegin
 0001:0009F508       Controls.TDockZone.GetLimitSize
 0001:0009F550       Controls.TDockZone.GetTopLeft
 0001:0009F488       Controls.TDockZone.GetVisible
 0001:0009F464       Controls.TDockZone.GetVisibleChildCount
 0001:0009F9A8       Controls.TDockZone.GetZoneLimit
 0001:0009FA84       Controls.TDockZone.NextVisible
 0001:0009FA90       Controls.TDockZone.PrevVisible
 0001:0009F68C       Controls.TDockZone.ResetChildren
 0001:0009FA24       Controls.TDockZone.ResetZoneLimits
 0001:0009F778       Controls.TDockZone.SetControlName
 0001:0009F9D0       Controls.TDockZone.SetZoneLimit
 0001:0009F82C       Controls.TDockZone.Update
 0001:00092C58       Controls.TDragControlObject.GetDragCursor
 0001:00092C70       Controls.TDragControlObject.GetDragImages
 0001:00092C7C       Controls.TDragControlObject.HideDragImage
 0001:00092C9C       Controls.TDragControlObject.ShowDragImage
 0001:00092CBC       Controls.TDragControlObjectEx.BeforeDestruction
 0001:00092DF8       Controls.TDragDockObject.AdjustDockRect
 0001:00092D58       Controls.TDragDockObject.Assign
 0001:00092CC0       Controls.TDragDockObject.Create
 0001:00092D28       Controls.TDragDockObject.Destroy
 0001:00092E74       Controls.TDragDockObject.DrawDragDockImage
 0001:00092DB8       Controls.TDragDockObject.EndDrag
 0001:00092E88       Controls.TDragDockObject.EraseDragDockImage
 0001:00092E9C       Controls.TDragDockObject.GetDragCursor
 0001:00092EA8       Controls.TDragDockObject.GetEraseWhenMoving
 0001:00092EAC       Controls.TDragDockObject.GetFrameWidth
 0001:00092EB4       Controls.TDragDockObjectEx.BeforeDestruction
 0001:0009F0D0       Controls.TDragImageList.BeginDrag
 0001:0009F144       Controls.TDragImageList.DragLock
 0001:0009F1CC       Controls.TDragImageList.DragMove
 0001:0009F1A8       Controls.TDragImageList.DragUnlock
 0001:0009F240       Controls.TDragImageList.EndDrag
 0001:0009F228       Controls.TDragImageList.HideDragImage
 0001:0009F0AC       Controls.TDragImageList.SetDragCursor
 0001:0009F064       Controls.TDragImageList.SetDragImage
 0001:0009F210       Controls.TDragImageList.ShowDragImage
 0001:00092BA0       Controls.TDragObject.AfterConstruction
 0001:0009294C       Controls.TDragObject.Assign
 0001:00092B90       Controls.TDragObject.BeforeDestruction
 0001:0009298C       Controls.TDragObject.Capture
 0001:000929A4       Controls.TDragObject.Finished
 0001:00092B1C       Controls.TDragObject.GetDragCursor
 0001:00092B18       Controls.TDragObject.GetDragImages
 0001:000929AC       Controls.TDragObject.GetName
 0001:00092B34       Controls.TDragObject.HideDragImage
 0001:00092B38       Controls.TDragObject.Instance
 0001:00092B44       Controls.TDragObject.MainWndProc
 0001:000929D4       Controls.TDragObject.ReleaseCapture
 0001:00092B40       Controls.TDragObject.ShowDragImage
 0001:000929E8       Controls.TDragObject.WndProc
 0001:0009ED18       Controls.THintWindow.ActivateHint
 0001:0009EF0C       Controls.THintWindow.ActivateHintData
 0001:0009EF34       Controls.THintWindow.CalcHintRect
 0001:0009EC80       Controls.THintWindow.CMTextChanged
 0001:0009EA2C       Controls.THintWindow.Create
 0001:0009EA98       Controls.THintWindow.CreateParams
 0001:0009EC10       Controls.THintWindow.IsHintMsg
 0001:0009EF90       Controls.THintWindow.NCPaint
 0001:0009EB68       Controls.THintWindow.Paint
 0001:0009EC74       Controls.THintWindow.ReleaseHandle
 0001:0009F020       Controls.THintWindow.ShouldHideHint
 0001:0009EAFC       Controls.THintWindow.WMNCHitTest
 0001:0009EB04       Controls.THintWindow.WMNCPaint
 0001:0009EFFC       Controls.THintWindow.WMPrint
 0001:000A2C40       Controls.TMargins.AssignTo
 0001:000A2C88       Controls.TMargins.Change
 0001:000A2BFC       Controls.TMargins.Create
 0001:000A2E00       Controls.TMargins.GetControlBound
 0001:000A2C9C       Controls.TMargins.InitDefaults
 0001:000A2D14       Controls.TMargins.SetControlBounds
 0001:000A2CBC       Controls.TMargins.SetMargin
 0001:000A23E4       Controls.TMouse.Create
 0001:000A2474       Controls.TMouse.CreatePanningWindow
 0001:000A24A0       Controls.TMouse.Destroy
 0001:000A24D0       Controls.TMouse.GetCapture
 0001:000A24D8       Controls.TMouse.GetCursorPos
 0001:000A24E8       Controls.TMouse.GetIsDragging
 0001:000A24F4       Controls.TMouse.GetIsPanning
 0001:000A2518       Controls.TMouse.GetMouseData
 0001:000A2534       Controls.TMouse.GetNativeData
 0001:000A2564       Controls.TMouse.GetRegisteredData
 0001:000A258C       Controls.TMouse.SetCapture
 0001:000A25B4       Controls.TMouse.SetPanningWindow
 0001:000A25D4       Controls.TMouse.SettingChanged
 0001:000A2FC4       Controls.TPadding.InitDefaults
 0001:0009C440       Controls.TraverseControls
 0003:000067BC       Controls.TreeStreamEndFlag
 0001:00092830       Controls.TSiteList.AddSite
 0001:000928B4       Controls.TSiteList.Clear
 0001:000927CC       Controls.TSiteList.Find
 0001:000928E8       Controls.TSiteList.GetTopSite
 0001:00094278       Controls.TSizeConstraints.AssignTo
 0001:0009434C       Controls.TSizeConstraints.Change
 0001:0009423C       Controls.TSizeConstraints.Create
 0001:000942C0       Controls.TSizeConstraints.SetConstraints
 0001:0009E034       Controls.TWinControl.ActionChange
 0001:000998D0       Controls.TWinControl.AddBiDiModeExStyle
 0001:00098968       Controls.TWinControl.AdjustClientRect
 0001:0009D59C       Controls.TWinControl.AdjustSize
 0001:00099234       Controls.TWinControl.AlignControl
 0001:00099130       Controls.TWinControl.AlignControls
 0001:00098998       Controls.TWinControl.ArrangeControl
 0001:0009E07C       Controls.TWinControl.AssignTo
 0001:000997CC       Controls.TWinControl.Broadcast
[...]
 15958 0001:000740E8 15961 0001:000740EF 15962 0001:000740F5 15963 0001:00074108
 15964 0001:00074110 15965 0001:00074113 15970 0001:00074118 15973 0001:0007411F
 15974 0001:00074125 15975 0001:00074138 15976 0001:00074140 15977 0001:00074143
 15982 0001:00074148 15985 0001:0007414F 15986 0001:00074155 15987 0001:00074167
 15988 0001:0007416F 15989 0001:00074172 15992 0001:00074178 15993 0001:0007417E
 15994 0001:00074187 15998 0001:0007418C 15999 0001:00074194 16003 0001:00074198
 16004 0001:000741A0 16008 0001:000741A4 16009 0001:000741AC 16013 0001:000741B0
 16014 0001:000741B8 16017 0001:000741BC 16018 0001:000741C3 16019 0001:000741CF
 16020 0001:000741DD 16021 0001:000741E4 16022 0001:000741F1 16027 0001:000741F8
 16028 0001:00074200 16029 0001:00074208 16032 0001:00074216 16033 0001:0007421D
 16035 0001:00074221 16037 0001:00074237 16038 0001:00074241 16040 0001:00074242
 16033 0001:00074243 16043 0001:00074254 16045 0001:00074264 16048 0001:00074268
 16049 0001:0007427E 16053 0001:000742EC 16060 0001:00074318 16061 0001:0007431C
 16062 0001:00074325 16061 0001:0007432E 16063 0001:00074331 16064 0001:00074338
 16070 0001:0007433C 16071 0001:00074342 16073 0001:0007434B 16074 0001:00074356
 16075 0001:0007435F 16078 0001:00074364 16079 0001:0007436F 16080 0001:00074376
 16081 0001:00074382 16084 0001:00074390 16085 0001:00074396 16086 0001:0007439F
 16095 0001:000743A4 16096 0001:000743A7 16097 0001:000743C5 16099 0001:000743C8
 16101 0001:000743E0 16103 0001:000743E5 16104 0001:000743E6 16105 0001:000743E9
 16107 0001:000743EC 16108 0001:000743F3 16114 0001:00074410 16115 0001:00074417
 16126 0001:00074418 16127 0001:00074434 16128 0001:0007447F 16129 0001:00074484
 16130 0001:0007448B 16131 0001:000744D1 16132 0001:000744D4 16162 0001:000745F8
 16163 0001:000745FB 16165 0001:00074609 16166 0001:00074614 16167 0001:00074621
 16169 0001:00074638 16173 0001:0007463C 16174 0001:00074643 16176 0001:00074645
 16177 0001:00074646 16178 0001:00074647 16179 0001:00074649 16180 0001:0007464C
 16181 0001:00074651 16182 0001:00074652 16183 0001:00074653 16184 0001:00074658
 16185 0001:0007465A 16186 0001:0007465B 16187 0001:0007465C 16188 0001:0007465E
 16189 0001:00074660 16190 0001:00074662 16191 0001:00074664 16192 0001:00074666
 16193 0001:0007466C 16194 0001:0007466E 16195 0001:00074670 16196 0001:00074672
 16197 0001:00074677 16198 0001:0007467C 16201 0001:0007467D 16204 0001:00074682
 16370 0001:00074684 16371 0001:00074689 16372 0001:00074690 16374 0001:00074694
 16375 0001:0007469B 16376 0001:000746A4 16378 0001:000746B4 16380 0001:000746C2
 16538 0001:000746C8 16539 0001:000746CF 16540 0001:000746D9 16541 0001:000746E7
 16543 0001:00074705 16545 0001:00074717 16566 0001:00074720 16567 0001:00074725
 16571 0001:00074728 16572 0001:0007472F 16600 0001:00074730 16601 0001:00074732
 16602 0001:00074735 16604 0001:00074738 16605 0001:00074746 16607 0001:0007474A
 16608 0001:00074754 16609 0001:00074762 16611 0001:0007476B 16612 0001:0007477F
 16614 0001:00074783 16615 0001:00074796 16619 0001:000747A0 16626 0001:000747DC
 16628 0001:000747E7 16629 0001:000747ED 16631 0001:000747F3 16633 0001:00074815
 16635 0001:00074829 16637 0001:00074834 16641 0001:0007486B 16643 0001:0007487D
 16669 0001:000748C0 16670 0001:000748C6 16671 0001:000748E3 16672 0001:000748ED
 16677 0001:000748F0 16678 0001:000748F6 16679 0001:00074913 16680 0001:0007491D
 16686 0001:00074920 16687 0001:00074929 16690 0001:0007494F 16691 0001:00074959
 16692 0001:00074967 16694 0001:0007497E 16697 0001:0007498D 16700 0001:00074994
 16701 0001:0007499A 16703 0001:000749C6 16704 0001:000749D0 16709 0001:000749D4
 16710 0001:000749DA 16711 0001:000749F7 16712 0001:00074A01 16715 0001:00074A04
 16716 0001:00074A0A 16718 0001:00074A21 16719 0001:00074A3B 16721 0001:00074A48
 16722 0001:00074A52 16731 0001:00074A58 16732 0001:00074A6D 16733 0001:00074A75
 16735 0001:00074A7B 16736 0001:00074A93 16738 0001:00074A97 16739 0001:00074AA8
 16742 0001:00074AC0 16743 0001:00074AD8 16744 0001:00074ADC 16746 0001:00074AFA
 16747 0001:00074B09 16748 0001:00074B1E 16749 0001:00074B23 16760 0001:00074B8C
 16761 0001:00074BA0 16763 0001:00074BD5 16777 0001:00074C0C 16778 0001:00074C2C
 16779 0001:00074C3B 16781 0001:00074C41 16782 0001:00074C4F 16784 0001:00074C68
 16785 0001:00074C82 16786 0001:00074C8D 16787 0001:00074C9B 16788 0001:00074CB0
 16789 0001:00074CB8 16791 0001:00074CC4 16792 0001:00074CD6 16793 0001:00074CE4
 16795 0001:00074CFF 16798 0001:00074D1F 16800 0001:00074D32 16802 0001:00074D58
 16803 0001:00074D78 16805 0001:00074D87 16806 0001:00074D96 16807 0001:00074DA4
 16808 0001:00074DB2 16809 0001:00074DC0 16810 0001:00074DCF 16811 0001:00074DE7
 16812 0001:00074DFE 16815 0001:00074E1C 16816 0001:00074E46 16818 0001:00074E53
 16819 0001:00074E62 16820 0001:00074E70 16821 0001:00074E90 16822 0001:00074E9C
 16823 0001:00074EAB 16824 0001:00074EB9 16825 0001:00074EC4 16826 0001:00074ED0
 16827 0001:00074EE1 16829 0001:00074F09 16832 0001:00074F26 16835 0001:00074F36
 16838 0001:00074F50 16841 0001:00074F76 16844 0001:00074F86 16845 0001:00074F8F
 16853 0001:00074FC8 16854 0001:00074FEB 16857 0001:0007500C 16858 0001:00075010
 16861 0001:00075027 16862 0001:00075040 16864 0001:00075055 16869 0001:0007507C
 16870 0001:00075082 16871 0001:0007509C 16872 0001:000750A6 16878 0001:000750AC
 16879 0001:000750B3 16881 0001:000750B5 16882 0001:000750BA 16883 0001:000750BC
 16885 0001:000750BE 16886 0001:000750C2 16887 0001:000750C7 16888 0001:000750C9
 16890 0001:000750CB 16891 0001:000750D0 16892 0001:000750D6 16893 0001:000750D7
 16894 0001:000750DD 16895 0001:000750DF 16896 0001:000750E1 16897 0001:000750E3
 16898 0001:000750E9 16899 0001:000750EB 16900 0001:000750ED 16901 0001:000750EF
 16902 0001:000750F4 16903 0001:000750F6 16904 0001:000750FB 16905 0001:000750FD
 16906 0001:000750FE 16907 0001:00075103 16908 0001:00075104 16911 0001:00075109
 16912 0001:0007510F 16917 0001:00075110 16918 0001:00075122 16919 0001:0007512D
 16934 0001:00075148 16935 0001:00075152 16938 0001:00075156 16939 0001:0007515C
 16936 0001:0007515D 16941 0001:0007516D 16944 0001:00075174 16946 0001:0007517B
 16947 0001:00075187 16948 0001:00075191 16949 0001:000751A1 16951 0001:000751A8
 16953 0001:000751CC 16956 0001:000751CE 16959 0001:000751DC 16961 0001:000751F5
 16964 0001:000751FE 16965 0001:0007520F 16967 0001:00075211 16968 0001:0007522A
 16969 0001:00075249 16971 0001:00075251 16972 0001:0007525C 16973 0001:00075268
 16974 0001:00075276 16975 0001:00075288 16976 0001:00075292 16979 0001:000752C0
 16981 0001:000752E7 16984 0001:000752F5 16986 0001:00075330 16990 0001:0007534D
 16991 0001:00075358 16994 0001:0007536C 16995 0001:00075379 17000 0001:000753A0
 17001 0001:000753A3 17004 0001:000753BE 17005 0001:000753C5 17006 0001:000753D3
 17007 0001:000753F0 17009 0001:000753F7 17010 0001:00075408 17011 0001:00075411
 17012 0001:0007541D 17014 0001:00075434 17016 0001:00075443 17020 0001:00075448
 17022 0001:0007545A 17023 0001:00075464 17024 0001:00075472 17026 0001:00075484
 17027 0001:00075494 17028 0001:0007549E 17029 0001:000754A5 17036 0001:000754A8
 17037 0001:000754AE 17039 0001:000754B7 17041 0001:000754BF 17042 0001:000754C8
 17043 0001:000754D2 17045 0001:000754D9 17049 0001:000754E1 17050 0001:000754EA
 17053 0001:000754F0 17054 0001:000754F6 17056 0001:000754FF 17058 0001:00075504
 17059 0001:0007550D 17060 0001:0007551A 17062 0001:00075521 17066 0001:00075529
 17067 0001:00075532 17071 0001:00075538 17072 0001:0007553D 17076 0001:00075540
 17077 0001:00075545 17086 0001:00075548 17087 0001:0007556C 17090 0001:000755A7
 17091 0001:000755BE 17092 0001:000755C5 17096 0001:000755D4 17097 0001:000755EB
 17101 0001:000755FA 17102 0001:00075611 17106 0001:00075620 17107 0001:00075637
 17111 0001:00075646 17112 0001:0007565D 17116 0001:0007566C 17117 0001:00075683
 17121 0001:00075692 17122 0001:000756A9 17123 0001:000756C6 17127 0001:000756CD
 17128 0001:000756E4 17132 0001:000756F0 17133 0001:00075707 17137 0001:00075713
 17138 0001:0007572A 17141 0001:00075734 17244 0001:00075774 17245 0001:0007578F
 17246 0001:0007579D 17247 0001:000757A6 17249 0001:000757B0 17250 0001:000757C4
 17247 0001:000757C7 17251 0001:000757CA 17264 0001:000757F0 17265 0001:00075808
 17286 0001:00075815 17287 0001:00075823 17288 0001:0007582A 17289 0001:00075831
 17291 0001:0007583D 17292 0001:00075844 17294 0001:00075855 17295 0001:0007586E
 17296 0001:00075877 17298 0001:0007587F 17301 0001:00075890 17302 0001:0007589C
 17304 0001:000758BA 17306 0001:000758CD 17307 0001:000758DE 17308 0001:000758F1
 17309 0001:00075904 17310 0001:00075915 17311 0001:0007591F 17312 0001:00075929
 17313 0001:00075933 17314 0001:0007593D 17315 0001:0007594C 17316 0001:00075953
 17318 0001:00075975 17320 0001:00075983 17321 0001:0007598C 17322 0001:00075994
 17324 0001:0007599C 17325 0001:000759AD 17326 0001:000759BE 17327 0001:000759CF
 17328 0001:000759D4 17329 0001:000759E5 17330 0001:000759F6 17331 0001:00075A07
 17333 0001:00075A1B 17335 0001:00075A2A 17343 0001:00075A70 17344 0001:00075A97
 17346 0001:00075AA4 17347 0001:00075AA8 17348 0001:00075AB6 17350 0001:00075ABE
 17351 0001:00075ACA 17352 0001:00075ADD 17355 0001:00075AF8 17357 0001:00075AFE
 17358 0001:00075B02 17360 0001:00075B06 17361 0001:00075B12 17364 0001:00075B1F
 17365 0001:00075B23 17366 0001:00075B46 17367 0001:00075B4C 17368 0001:00075B52
 17370 0001:00075B5E 17348 0001:00075B62 17372 0001:00075B6B 17373 0001:00075B74
 17374 0001:00075B7D 17376 0001:00075B99 17378 0001:00075BBD 17380 0001:00075BCC
 17388 0001:00075BF4 17389 0001:00075C16 17391 0001:00075C23 17393 0001:00075C3F
 17397 0001:00075C4D 17399 0001:00075C54 17402 0001:00075C74 17406 0001:00075CF1
 17408 0001:00075CFF 17410 0001:00075D36 17413 0001:00075D55 17418 0001:00075D66
 17419 0001:00075D70 17422 0001:00075D77 17423 0001:00075D85 17424 0001:00075D8C
 17425 0001:00075D96 17426 0001:00075D9D 17427 0001:00075DA7 17428 0001:00075DAE
 17429 0001:00075DB8 17430 0001:00075DBF 17431 0001:00075DC9 17432 0001:00075DD3
 17433 0001:00075DDD 17434 0001:00075DE7 17435 0001:00075DF1 17436 0001:00075DF8
 17437 0001:00075E02 17438 0001:00075E09 17439 0001:00075E13 17440 0001:00075E1A
 17441 0001:00075E24 17442 0001:00075E2B 17443 0001:00075E35 17444 0001:00075E3C
 17445 0001:00075E46 17446 0001:00075E4D 17447 0001:00075E57 17448 0001:00075E5E
 17449 0001:00075E68 17450 0001:00075E6F 17451 0001:00075E79 17452 0001:00075E80
 17453 0001:00075E8B 17454 0001:00075E9A 17457 0001:00075E9F 17458 0001:00075EA8
 17461 0001:00075EB1 17462 0001:00075EBB 17463 0001:00075EC5 17464 0001:00075ECF
 17465 0001:00075ED9 17466 0001:00075EE3 17467 0001:00075EED 17468 0001:00075EF7
 17469 0001:00075F01 17470 0001:00075F0B 17471 0001:00075F15 17472 0001:00075F1F
 17473 0001:00075F29 17474 0001:00075F33 17475 0001:00075F3D 17476 0001:00075F47
 17477 0001:00075F51 17478 0001:00075F5B 17479 0001:00075F65 17480 0001:00075F6F
 17481 0001:00075F79 17482 0001:00075F83 17483 0001:00075F8D 17484 0001:00075F97
 17485 0001:00075FA1 17486 0001:00075FAB 17487 0001:00075FB5 17488 0001:00075FBF
 17489 0001:00075FC9 17490 0001:00075FD3 17491 0001:00075FDD 17493 0001:00075FE2
 17496 0001:00075FFB 17519 0001:00076016 17523 0001:000760B0 17524 0001:000760C7
 17528 0001:000760C8 17529 0001:000760DF 17536 0001:000760E0 17537 0001:000760EA
 17540 0001:000760EC 17542 0001:000760FF 17543 0001:0007610A 17544 0001:00076115
 17547 0001:00076120 17548 0001:0007612B 17551 0001:00076136 17552 0001:00076152
 17553 0001:0007615D 17569 0001:00076180 17570 0001:0007619D 17571 0001:000761A4
 17572 0001:000761A6 17573 0001:000761BA 17574 0001:000761C1 17576 0001:000761C5
 17578 0001:000761DB 17580 0001:000761E2 17582 0001:000761F0 17584 0001:000761F4
 17585 0001:00076223 17588 0001:00076228 17589 0001:0007624C 17590 0001:00076258
 17591 0001:00076268 17592 0001:0007626A 17607 0001:00076298 17611 0001:0007629C
 17612 0001:000762A3 17613 0001:000762A8 17618 0001:000762AC 17619 0001:000762B3
 17621 0001:000762D0 17623 0001:000762D5 17625 0001:000762DA 17626 0001:000762DB
 17627 0001:000762DE 17629 0001:000762E1 17630 0001:000762F1 17635 0001:000762F8
 17636 0001:000762FF 17641 0001:0007632D 17643 0001:00076332 17644 0001:00076333
 17645 0001:00076336 17647 0001:00076339 17648 0001:00076349 17653 0001:00076350
 17654 0001:00076356 17655 0001:00076365 17656 0001:00076373 17658 0001:00076398
 17660 0001:000763A8 17665 0001:000763B0 17666 0001:000763B7 17668 0001:000763D4
 17670 0001:000763D9 17672 0001:000763DE 17673 0001:000763DF 17674 0001:000763E2
 17676 0001:000763E5 17677 0001:000763F5 17689 0001:000763FC 17690 0001:00076405
 17693 0001:0007640C 17694 0001:0007641B 17695 0001:00076429 17696 0001:00076433
 17697 0001:00076442 17699 0001:0007644D 17700 0001:00076457 17701 0001:00076466
 17703 0001:00076471 17704 0001:0007647B 17705 0001:0007648A 17707 0001:00076495
 17710 0001:0007649F 17714 0001:000764A6 17715 0001:000764B5 17716 0001:000764BF
 17707 0001:000764C0 17718 0001:000764C3 17721 0001:000764CD 17722 0001:000764E7
 17723 0001:000764F8 17718 0001:000764F9 17725 0001:00076509 17727 0001:00076519
 17737 0001:00076520 17739 0001:00076523 17740 0001:00076529 17743 0001:00076530
 17745 0001:00076543 17746 0001:00076559 17747 0001:00076566 17748 0001:00076581
 17752 0001:00076596 17753 0001:000765A3 17757 0001:000765A8 17758 0001:000765AF
 17759 0001:000765B5 17761 0001:000765B8 17762 0001:000765BE 17764 0001:000765C5
 17765 0001:000765CA 17766 0001:000765D8 17768 0001:000765E2 17769 0001:000765E7
 17771 0001:00076600 17772 0001:00076610 17774 0001:0007661D 17775 0001:00076622
 17776 0001:00076631 17778 0001:0007663C 17779 0001:00076641 17781 0001:0007665B
 17783 0001:00076667 17793 0001:0007666C 17794 0001:00076687 17795 0001:00076694
 17796 0001:000766B0 17797 0001:000766DB 17799 0001:00076750 17801 0001:0007676E
 17812 0001:00076789 17822 0001:000767A4 17832 0001:000767B1 17835 0001:000767C2
 17842 0001:000767D3 17846 0001:000767EE 17852 0001:00076809 17855 0001:0007680E
 17859 0001:0007682E 17868 0001:0007684E 17869 0001:0007684F 17871 0001:00076859
 17876 0001:00076879 17885 0001:00076894 17890 0001:000768AF 17891 0001:000768B8
 17896 0001:000768D3 17898 0001:000768E1 17901 0001:000768FC 17905 0001:00076BE8
 17906 0001:00076C02 17909 0001:00076C04 17910 0001:00076C07 17911 0001:00076C18
 17914 0001:00076C1C 17918 0001:00076C1F 17920 0001:00076C26 17949 0001:00076C28
 17950 0001:00076C2B 17952 0001:00076C32 17957 0001:00076C34 17958 0001:00076C3C
 17960 0001:00076C4B 17961 0001:00076C50 17963 0001:00076C5D 17966 0001:00076C85
 17967 0001:00076C98 17969 0001:00076C9A 17961 0001:00076C9B 17970 0001:00076C9E
 17981 0001:00076CA4 17982 0001:00076CAB 17983 0001:00076CBE 17984 0001:00076CCC
 17986 0001:00076CE3 17988 0001:00076CF3 17990 0001:00076CF8 17991 0001:00076D15
 17992 0001:00076D19 17994 0001:00076D36 17995 0001:00076D45 17996 0001:00076D53
 17997 0001:00076D6B 17999 0001:00076D7F 18000 0001:00076D91 18001 0001:00076D94
 18002 0001:00076D99 18003 0001:00076DAD 18005 0001:00076DC0 18007 0001:00076DD0
 18009 0001:00076DFC 18010 0001:00076E1B 18011 0001:00076E39 18013 0001:00076E43
 18015 0001:00076E4E 18018 0001:00076E78 18029 0001:00076E95 18031 0001:00076E9C
 18033 0001:00076EA3 18034 0001:00076EAA 18035 0001:00076EB1 18036 0001:00076EB8
 18038 0001:00076ECD 18042 0001:00076ED4 18043 0001:00076EDB 18044 0001:00076EE2
 18045 0001:00076EE9 18046 0001:00076EF0 18047 0001:00076EF7 18048 0001:00076EFE
 18049 0001:00076F05 18050 0001:00076F0C 18051 0001:00076F23 18052 0001:00076F3A
 18053 0001:00076F41 18054 0001:00076F4B 18055 0001:00076F52 18056 0001:00076F61
 18057 0001:00076F68 18058 0001:00076F79 18059 0001:00076F83 18061 0001:00076F8A
 18062 0001:00076F94 18063 0001:00076F9E 18065 0001:00076FA8 18067 0001:00076FAD
 18070 0001:00076FB6 18073 0001:00076FBB 18075 0001:00076FC9 18076 0001:00076FD0
 18080 0001:00076FD5 18081 0001:00076FE6 18083 0001:00076FF7 18084 0001:00077010
 18085 0001:00077019 18087 0001:00077021 18125 0001:00077034 18127 0001:00077039
 18128 0001:0007704A 18129 0001:0007705B 18130 0001:0007706C 18131 0001:0007707D
 18137 0001:0007708E 18138 0001:00077095 18139 0001:000770A1 18140 0001:000770A8
 18141 0001:000770AF 18142 0001:000770B9 18143 0001:000770C0 18144 0001:000770C7
 18147 0001:000770E9 18148 0001:000770FC 18150 0001:0007710A 18151 0001:00077113
 18152 0001:0007711B 18155 0001:00077123 18156 0001:00077128 18157 0001:00077132
 18158 0001:0007713C 18160 0001:0007714D 18161 0001:0007715E 18162 0001:00077163
 18163 0001:0007716A 18164 0001:00077174 18165 0001:0007717B 18166 0001:00077182
 18167 0001:00077189 18168 0001:00077190 18169 0001:00077197 18171 0001:0007719E
 18172 0001:000771A5 18173 0001:000771AC 18175 0001:000771B3 18177 0001:000771BA
 18180 0001:000771C2 18182 0001:000771CC 18184 0001:000771E6 18185 0001:000771F2
 18186 0001:000771FD 18187 0001:00077209 18189 0001:00077214 18192 0001:00077219
 18198 0001:00077266 18204 0001:000772B3 18210 0001:00077300 18211 0001:00077315
 18213 0001:0007731E 18227 0001:00077337 18233 0001:00077384 18239 0001:000773D1
 18245 0001:0007741E 18247 0001:0007742C 18249 0001:0007743A 18251 0001:00077448
 18252 0001:0007744D 18256 0001:00077477 18258 0001:00077484 18261 0001:00077498
 18262 0001:000774C9 18266 0001:00077505 18270 0001:0007750C 18272 0001:00077515
 18273 0001:0007751A 18277 0001:0007751F 18284 0001:0007761C 18285 0001:00077630
 18286 0001:0007763E 18288 0001:00077651 18289 0001:0007765B 18291 0001:00077665
 18292 0001:00077678 18294 0001:0007767F 18295 0001:00077689 18296 0001:00077690
 18297 0001:0007769A 18298 0001:000776A1 18299 0001:000776AB 18300 0001:000776B2
 18301 0001:000776BC 18302 0001:000776C3 18303 0001:000776CD 18305 0001:000776D4
 18306 0001:000776D9 18308 0001:000776E4 18310 0001:000776F6 18311 0001:00077703
 18313 0001:00077710 18315 0001:00077719 18316 0001:0007772C 18321 0001:00077733
 18322 0001:0007773C 18324 0001:0007774B 18325 0001:00077755 18326 0001:0007775C
 18327 0001:00077766 18328 0001:0007776D 18329 0001:00077777 18331 0001:0007777E
 18332 0001:00077788 18333 0001:00077792 18334 0001:0007779C 18335 0001:000777A6
 18338 0001:000777AD 18340 0001:000777B6 18341 0001:000777C2 18342 0001:000777CC
 18345 0001:000777DF 18346 0001:000777E9 18347 0001:000777F0 18348 0001:000777FA
 18349 0001:00077801 18350 0001:0007780B 18352 0001:00077812 18353 0001:00077821
 18360 0001:00077828 18362 0001:00077831 18363 0001:0007783C 18364 0001:00077846
 18365 0001:00077850 18373 0001:00077857 18374 0001:0007785C 18376 0001:00077870
 18377 0001:0007787A 18378 0001:00077881 18380 0001:00077893 18412 0001:000778B4
 18422 0001:000778C8 18423 0001:000778F4 18425 0001:000778F9

Line numbers for ExceptionLog(ExceptionLog.pas) segment .itext

 18416 0002:0000035C 18417 0002:00000380 18418 0002:0000038F 18419 0002:00000394
 18421 0002:0000039E

Line numbers for Unit1(Unit1.pas) segment .text

    38 0001:000B3B08    39 0001:000B3B0B    40 0001:000B3B1A    41 0001:000B3B31
    44 0001:000B3B34    45 0001:000B3B37    46 0001:000B3B46    47 0001:000B3B5A
    51 0001:000B3B5C    52 0001:000B3B65    66 0001:000B3B68    68 0001:000B3B73
    80 0001:000B3B74

Line numbers for Project1_TLB(Project1_TLB.pas) segment .text

   114 0001:00000000

Line numbers for Unit2(Unit2.pas) segment .text

    23 0001:000B74D4    24 0001:000B74EB    26 0001:000B74FC    29 0001:000B7518
    30 0001:000B752F    31 0001:000B753E

Line numbers for Unit2(Unit2.pas) segment .itext

    33 0002:0000092C    34 0002:00000935    36 0002:00000959

Line numbers for Project1(D:\mine\百度网盘\我的文档\work\program\delphi\practice\com\MemoDemo\Project1.dpr) segment .itext

    14 0002:0000095C    15 0002:0000096C    16 0002:00000978    17 0002:00000990
    18 0002:0000099C

Bound resource files

C:\Program Files\EurekaLog 6\Delphi10\DIALOG.RES
c:\program files\borland\bds\4.0\lib\Controls.res
Unit1.dfm
Project1.TLB
Project1.res
Project1.drf


Program entry point at 0002:0000095C
