
 Start         Length     Name                   Class
 0001:00401000 0006D050H .text                   CODE
 0002:0046F000 000008F8H .itext                  ICODE
 0003:00470000 00005E84H .data                   DATA
 0004:00476000 000070A8H .bss                    BSS
 0005:00000000 00000180H .tls                    TLS


Detailed map of segments

 0001:00000000 00006059 C=CODE     S=.text    G=(none)   M=System   ACBP=A9
 0001:0000605C 00000105 C=CODE     S=.text    G=(none)   M=SysInit  ACBP=A9
 0001:00006164 00000308 C=CODE     S=.text    G=(none)   M=SysConst ACBP=A9
 0001:0000646C 0000001A C=CODE     S=.text    G=(none)   M=Types    ACBP=A9
 0001:00006488 000007EC C=CODE     S=.text    G=(none)   M=Windows  ACBP=A9
 0001:00006C74 00006F7C C=CODE     S=.text    G=(none)   M=SysUtils ACBP=A9
 0001:0000DBF0 000007EE C=CODE     S=.text    G=(none)   M=VarUtils ACBP=A9
 0001:0000E3E0 00002788 C=CODE     S=.text    G=(none)   M=Variants ACBP=A9
 0001:00010B68 00000080 C=CODE     S=.text    G=(none)   M=RTLConsts ACBP=A9
 0001:00010BE8 000004FB C=CODE     S=.text    G=(none)   M=TypInfo  ACBP=A9
 0001:000110E4 000047F9 C=CODE     S=.text    G=(none)   M=Classes  ACBP=A9
 0001:000158E0 0000293C C=CODE     S=.text    G=(none)   M=EConsts  ACBP=A9
 0001:0001821C 00004658 C=CODE     S=.text    G=(none)   M=ECore    ACBP=A9
 0001:0001C874 000046D1 C=CODE     S=.text    G=(none)   M=EDebug   ACBP=A9
 0001:00020F48 00001E41 C=CODE     S=.text    G=(none)   M=ELeaks   ACBP=A9
 0001:00022D8C 00007441 C=CODE     S=.text    G=(none)   M=EDisAsm  ACBP=A9
 0001:0002A1D0 00000AD1 C=CODE     S=.text    G=(none)   M=EHash    ACBP=A9
 0001:0002ACA4 000012F6 C=CODE     S=.text    G=(none)   M=EListView ACBP=A9
 0001:0002BF9C 00000332 C=CODE     S=.text    G=(none)   M=EEncrypt ACBP=A9
 0001:0002C2D0 000002AC C=CODE     S=.text    G=(none)   M=EBase64  ACBP=A9
 0001:0002C57C 00000571 C=CODE     S=.text    G=(none)   M=EXMLBuilder ACBP=A9
 0001:0002CAF0 000045CE C=CODE     S=.text    G=(none)   M=ELogManager ACBP=A9
 0001:000310C0 00007BB6 C=CODE     S=.text    G=(none)   M=EWebTools ACBP=A9
 0001:00038C78 00007B8C C=CODE     S=.text    G=(none)   M=EZlib2   ACBP=A9
 0001:00040804 00000119 C=CODE     S=.text    G=(none)   M=EZip     ACBP=A9
 0001:00040920 0000006E C=CODE     S=.text    G=(none)   M=WinSock  ACBP=A9
 0001:00040990 000016E4 C=CODE     S=.text    G=(none)   M=ESockets ACBP=A9
 0001:00042074 000000B0 C=CODE     S=.text    G=(none)   M=ELang    ACBP=A9
 0001:00042124 0000152C C=CODE     S=.text    G=(none)   M=EHook    ACBP=A9
 0001:00043650 00000006 C=CODE     S=.text    G=(none)   M=ShellAPI ACBP=A9
 0001:00043658 00029638 C=CODE     S=.text    G=(none)   M=ExceptionLog ACBP=A9
 0001:0006CC90 000003C0 C=CODE     S=.text    G=(none)   M=Portscan ACBP=A9
 0002:00000000 00000095 C=ICODE    S=.itext   G=(none)   M=System   ACBP=A9
 0002:00000098 00000011 C=ICODE    S=.itext   G=(none)   M=Windows  ACBP=A9
 0002:000000AC 00000088 C=ICODE    S=.itext   G=(none)   M=SysUtils ACBP=A9
 0002:00000134 0000000F C=ICODE    S=.itext   G=(none)   M=VarUtils ACBP=A9
 0002:00000144 000000AA C=ICODE    S=.itext   G=(none)   M=Variants ACBP=A9
 0002:000001F0 00000008 C=ICODE    S=.itext   G=(none)   M=TypInfo  ACBP=A9
 0002:000001F8 00000092 C=ICODE    S=.itext   G=(none)   M=Classes  ACBP=A9
 0002:0000028C 00000008 C=ICODE    S=.itext   G=(none)   M=EConsts  ACBP=A9
 0002:00000294 00000030 C=ICODE    S=.itext   G=(none)   M=ECore    ACBP=A9
 0002:000002C4 00000008 C=ICODE    S=.itext   G=(none)   M=EDebug   ACBP=A9
 0002:000002CC 00000013 C=ICODE    S=.itext   G=(none)   M=ELeaks   ACBP=A9
 0002:000002E0 00000008 C=ICODE    S=.itext   G=(none)   M=EDisAsm  ACBP=A9
 0002:000002E8 00000008 C=ICODE    S=.itext   G=(none)   M=ELogManager ACBP=A9
 0002:000002F0 00000008 C=ICODE    S=.itext   G=(none)   M=EWebTools ACBP=A9
 0002:000002F8 00000034 C=ICODE    S=.itext   G=(none)   M=ESockets ACBP=A9
 0002:0000032C 00000030 C=ICODE    S=.itext   G=(none)   M=EHook    ACBP=A9
 0002:0000035C 00000078 C=ICODE    S=.itext   G=(none)   M=ExceptionLog ACBP=A9
 0002:000003D4 00000524 C=ICODE    S=.itext   G=(none)   M=Portscan ACBP=A9
 0003:00000000 00000798 C=DATA     S=.data    G=DGROUP   M=System   ACBP=A9
 0003:00000798 00000020 C=DATA     S=.data    G=DGROUP   M=SysInit  ACBP=A9
 0003:000007B8 0000024C C=DATA     S=.data    G=DGROUP   M=SysUtils ACBP=A9
 0003:00000A04 00000008 C=DATA     S=.data    G=DGROUP   M=VarUtils ACBP=A9
 0003:00000A0C 00000076 C=DATA     S=.data    G=DGROUP   M=Variants ACBP=A9
 0003:00000A84 0000000C C=DATA     S=.data    G=DGROUP   M=TypInfo  ACBP=A9
 0003:00000A90 00000028 C=DATA     S=.data    G=DGROUP   M=Classes  ACBP=A9
 0003:00000AB8 00000908 C=DATA     S=.data    G=DGROUP   M=EConsts  ACBP=A9
 0003:000013C0 00000044 C=DATA     S=.data    G=DGROUP   M=ECore    ACBP=A9
 0003:00001404 0000004C C=DATA     S=.data    G=DGROUP   M=EDebug   ACBP=A9
 0003:00001450 00000014 C=DATA     S=.data    G=DGROUP   M=ELeaks   ACBP=A9
 0003:00001464 000012D5 C=DATA     S=.data    G=DGROUP   M=EDisAsm  ACBP=A9
 0003:0000273C 00000212 C=DATA     S=.data    G=DGROUP   M=EHash    ACBP=A9
 0003:00002950 000000C0 C=DATA     S=.data    G=DGROUP   M=EBase64  ACBP=A9
 0003:00002A10 00000020 C=DATA     S=.data    G=DGROUP   M=EXMLBuilder ACBP=A9
 0003:00002A30 00000024 C=DATA     S=.data    G=DGROUP   M=ELogManager ACBP=A9
 0003:00002A54 00001C14 C=DATA     S=.data    G=DGROUP   M=EWebTools ACBP=A9
 0003:00004668 00000E5C C=DATA     S=.data    G=DGROUP   M=EZlib2   ACBP=A9
 0003:000054C4 00000001 C=DATA     S=.data    G=DGROUP   M=ESockets ACBP=A9
 0003:000054C8 000001A0 C=DATA     S=.data    G=DGROUP   M=EHook    ACBP=A9
 0003:00005668 0000059C C=DATA     S=.data    G=DGROUP   M=ExceptionLog ACBP=A9
 0004:00000000 000027F4 C=BSS      S=.bss     G=DGROUP   M=System   ACBP=A9
 0004:000027F4 0000000C C=BSS      S=.bss     G=DGROUP   M=SysInit  ACBP=A9
 0004:00002800 00000008 C=BSS      S=.bss     G=DGROUP   M=Windows  ACBP=A9
 0004:00002808 00000A20 C=BSS      S=.bss     G=DGROUP   M=SysUtils ACBP=A9
 0004:00003228 0000005C C=BSS      S=.bss     G=DGROUP   M=VarUtils ACBP=A9
 0004:00003284 00000040 C=BSS      S=.bss     G=DGROUP   M=Variants ACBP=A9
 0004:000032C4 00000004 C=BSS      S=.bss     G=DGROUP   M=TypInfo  ACBP=A9
 0004:000032C8 00000038 C=BSS      S=.bss     G=DGROUP   M=Classes  ACBP=A9
 0004:00003300 00000004 C=BSS      S=.bss     G=DGROUP   M=EConsts  ACBP=A9
 0004:00003304 00000009 C=BSS      S=.bss     G=DGROUP   M=ECore    ACBP=A9
 0004:00003310 00000004 C=BSS      S=.bss     G=DGROUP   M=EDebug   ACBP=A9
 0004:00003314 00000054 C=BSS      S=.bss     G=DGROUP   M=ELeaks   ACBP=A9
 0004:00003368 00000004 C=BSS      S=.bss     G=DGROUP   M=EDisAsm  ACBP=A9
 0004:0000336C 00000400 C=BSS      S=.bss     G=DGROUP   M=EHash    ACBP=A9
 0004:0000376C 00000018 C=BSS      S=.bss     G=DGROUP   M=EEncrypt ACBP=A9
 0004:00003784 00000004 C=BSS      S=.bss     G=DGROUP   M=ELogManager ACBP=A9
 0004:00003788 00000048 C=BSS      S=.bss     G=DGROUP   M=EWebTools ACBP=A9
 0004:000037D0 00002890 C=BSS      S=.bss     G=DGROUP   M=EZlib2   ACBP=A9
 0004:00006060 00000004 C=BSS      S=.bss     G=DGROUP   M=ESockets ACBP=A9
 0004:00006064 00000010 C=BSS      S=.bss     G=DGROUP   M=EHook    ACBP=A9
 0004:00006074 00000E7C C=BSS      S=.bss     G=DGROUP   M=ExceptionLog ACBP=A9
 0004:00006EF0 000001B8 C=BSS      S=.bss     G=DGROUP   M=Portscan ACBP=A9
 0005:00000000 00000008 C=TLS      S=.tls     G=(none)   M=System   ACBP=A9
 0005:00000008 00000004 C=TLS      S=.tls     G=(none)   M=Classes  ACBP=A9
 0005:0000000C 00000173 C=TLS      S=.tls     G=(none)   M=ExceptionLog ACBP=A9


  Address             Publics by Name

 0004:000032D0       Classes..95
 0001:000111A0       Classes..EFCreateError
 0001:00011254       Classes..EFilerError
 0001:00011140       Classes..EFileStreamError
 0001:000111FC       Classes..EFOpenError
 0001:0001135C       Classes..EListError
 0001:000112AC       Classes..EReadError
 0001:000110E4       Classes..EStreamError
 0001:000113B4       Classes..EStringListError
 0001:00011A5C       Classes..EThread
 0001:00011304       Classes..EWriteError
 0001:00011964       Classes..TCustomMemoryStream
 0001:000118DC       Classes..TFileStream
 0001:00011864       Classes..THandleStream
 0001:00011414       Classes..TList
 0001:000119E0       Classes..TMemoryStream
 0001:000114D0       Classes..TPersistent
 0001:00011B34       Classes..TRegGroup
 0001:00011B8C       Classes..TRegGroups
 0001:000117F4       Classes..TStream
 0001:000116DC       Classes..TStringList
 0001:000115A4       Classes..TStrings
 0001:00011AB0       Classes..TThread
 0001:00011478       Classes..TThreadList
 0001:00014F50       Classes.AddThread
 0001:00014F68       Classes.CheckSynchronize
 0002:000001F8       Classes.Classes
 0001:00014F04       Classes.DoneThreadSynchronization
 0001:000126C8       Classes.DoWrite
 0001:00015830       Classes.Finalization
 0004:000032DC       Classes.FindGlobalComponentProcs
 0001:000157BC       Classes.FreeIntConstList
 0004:000032E0       Classes.GlobalFixupList
 0005:00000008       Classes.GlobalLists
 0004:000032C8       Classes.GlobalNameSpace
 0001:00014ED0       Classes.InitThreadSynchronization
 0004:000032D4       Classes.IntConstList
 0001:00015828       Classes.ModuleUnload
 0001:00011C80       Classes.PointerInModule
 0003:00000A9C       Classes.Priorities
 0001:00014730       Classes.PropValueError
 0001:00012160       Classes.QuickSort
 0001:00013DCC       Classes.RaiseException
 0001:00014718       Classes.ReadError
 0001:00011B0C       Classes.Rect
 0004:000032D8       Classes.RegGroups
 0001:000145E8       Classes.RemoveFixupReferences
 0001:00014694       Classes.RemoveFixups
 0001:00014F5C       Classes.RemoveThread
 0001:00014F1C       Classes.ResetSyncEvent
 0001:00012828       Classes.ReturnAddr
 0001:00011FA4       Classes.ReturnAddr
 0001:00014F44       Classes.SignalSyncEvent
 0001:00014A7C       Classes.SkipBinary
 0001:00014AAC       Classes.SkipCollection
 0001:00014A54       Classes.SkipList
 0001:00013BF4       Classes.StringListCompareStrings
 0004:000032CC       Classes.SyncEvent
 0003:00000A98       Classes.SyncList
 0001:00014328       Classes.TCustomMemoryStream.Read
 0001:0001439C       Classes.TCustomMemoryStream.SaveToFile
 0001:00014384       Classes.TCustomMemoryStream.SaveToStream
 0001:00014360       Classes.TCustomMemoryStream.Seek
 0001:00014320       Classes.TCustomMemoryStream.SetPointer
 0001:00014134       Classes.TFileStream.Create
 0001:00014178       Classes.TFileStream.Create
 0001:000142EC       Classes.TFileStream.Destroy
 0001:00014070       Classes.THandleStream.Create
 0001:000140AC       Classes.THandleStream.Read
 0001:000140CC       Classes.THandleStream.Seek
 0001:000140F8       Classes.THandleStream.SetSize
 0001:0001410C       Classes.THandleStream.SetSize
 0001:000140BC       Classes.THandleStream.Write
 0004:000032FC       Classes.ThreadCount
 0004:000032E4       Classes.ThreadLock
 0001:00015140       Classes.ThreadProc
 0001:00011EF4       Classes.TList.Add
 0001:00011F28       Classes.TList.Clear
 0001:00011F40       Classes.TList.Delete
 0001:00011ED4       Classes.TList.Destroy
 0001:00011FE0       Classes.TList.Error
 0001:00011FA8       Classes.TList.Error
 0001:00012034       Classes.TList.Get
 0001:0001205C       Classes.TList.Grow
 0001:00012090       Classes.TList.IndexOf
 0001:00012204       Classes.TList.Notify
 0001:000120B0       Classes.TList.SetCapacity
 0001:000120EC       Classes.TList.SetCount
 0001:000121E4       Classes.TList.Sort
 0001:00014420       Classes.TMemoryStream.Clear
 0001:000143F4       Classes.TMemoryStream.Destroy
 0001:00014470       Classes.TMemoryStream.LoadFromFile
 0001:00014438       Classes.TMemoryStream.LoadFromStream
 0001:00014518       Classes.TMemoryStream.Realloc
 0001:000144C4       Classes.TMemoryStream.SetCapacity
 0001:000144EC       Classes.TMemoryStream.SetSize
 0001:00014598       Classes.TMemoryStream.Write
 0001:00012324       Classes.TPersistent.Assign
 0001:00012338       Classes.TPersistent.AssignError
 0001:00012408       Classes.TPersistent.AssignTo
 0001:00012410       Classes.TPersistent.DefineProperties
 0001:000122F8       Classes.TPersistent.Destroy
 0001:00012414       Classes.TPersistent.GetNamePath
 0001:000124C4       Classes.TPersistent.GetOwner
 0001:0001473C       Classes.TReader.CheckValue
 0001:00014760       Classes.TReader.EndOfList
 0001:00014774       Classes.TReader.NextValue
 0001:00014784       Classes.TReader.Read
 0001:000147D0       Classes.TReader.ReadBuffer
 0001:0001480C       Classes.TReader.ReadListBegin
 0001:00014814       Classes.TReader.ReadListEnd
 0001:0001481C       Classes.TReader.ReadStr
 0001:00014858       Classes.TReader.ReadString
 0001:000149F8       Classes.TReader.ReadValue
 0001:00014914       Classes.TReader.ReadWideString
 0001:00014D00       Classes.TReader.SkipBytes
 0001:00014CB8       Classes.TReader.SkipProperty
 0001:00014A0C       Classes.TReader.SkipSetBody
 0001:00014B08       Classes.TReader.SkipValue
 0001:00011BE4       Classes.TRegGroup.Create
 0001:00011C40       Classes.TRegGroup.Destroy
 0001:00011CA0       Classes.TRegGroup.UnregisterModuleClasses
 0001:00011D4C       Classes.TRegGroups.Create
 0001:00011DC0       Classes.TRegGroups.Destroy
 0001:00011E20       Classes.TRegGroups.Lock
 0001:00011E2C       Classes.TRegGroups.Unlock
 0001:00011E38       Classes.TRegGroups.UnregisterModuleClasses
 0001:00013F7C       Classes.TStream.CopyFrom
 0001:00013CE0       Classes.TStream.GetPosition
 0001:00013D14       Classes.TStream.GetSize
 0001:00013F0C       Classes.TStream.ReadBuffer
 0001:00013E9C       Classes.TStream.Seek
 0001:00013E18       Classes.TStream.Seek
 0001:00013D00       Classes.TStream.SetPosition
 0001:00013D78       Classes.TStream.SetSize
 0001:00013D60       Classes.TStream.SetSize
 0001:00013D64       Classes.TStream.SetSize64
 0001:00013F44       Classes.TStream.WriteBuffer
 0001:00013660       Classes.TStringList.Add
 0001:00013670       Classes.TStringList.AddObject
 0001:000136D4       Classes.TStringList.Changed
 0001:000136F0       Classes.TStringList.Changing
 0001:0001370C       Classes.TStringList.Clear
 0001:00013C5C       Classes.TStringList.CompareStrings
 0001:00013C24       Classes.TStringList.CustomSort
 0001:0001374C       Classes.TStringList.Delete
 0001:00013604       Classes.TStringList.Destroy
 0001:000137B8       Classes.TStringList.Exchange
 0001:00013814       Classes.TStringList.ExchangeItems
 0001:00013838       Classes.TStringList.Find
 0001:000138BC       Classes.TStringList.Get
 0001:000138F0       Classes.TStringList.GetCapacity
 0001:000138F4       Classes.TStringList.GetCount
 0001:000138F8       Classes.TStringList.GetObject
 0001:00013920       Classes.TStringList.Grow
 0001:00013954       Classes.TStringList.IndexOf
 0001:00013990       Classes.TStringList.Insert
 0001:000139F4       Classes.TStringList.InsertItem
 0001:000139A0       Classes.TStringList.InsertObject
 0001:00013A70       Classes.TStringList.Put
 0001:00013ACC       Classes.TStringList.PutObject
 0001:00013B0C       Classes.TStringList.QuickSort
 0001:00013BA0       Classes.TStringList.SetCapacity
 0001:00013BBC       Classes.TStringList.SetSorted
 0001:00013BDC       Classes.TStringList.SetUpdateState
 0001:00013C14       Classes.TStringList.Sort
 0001:000124F8       Classes.TStrings.Add
 0001:0001251C       Classes.TStrings.AddObject
 0001:00012540       Classes.TStrings.AddStrings
 0001:000125F8       Classes.TStrings.Assign
 0001:000126B0       Classes.TStrings.BeginUpdate
 0001:0001358C       Classes.TStrings.CompareStrings
 0001:00012720       Classes.TStrings.DefineProperties
 0001:000124C8       Classes.TStrings.Destroy
 0001:0001276C       Classes.TStrings.EndUpdate
 0001:00012780       Classes.TStrings.Equals
 0001:0001282C       Classes.TStrings.Error
 0001:00012864       Classes.TStrings.Error
 0001:000128BC       Classes.TStrings.Exchange
 0001:000129A8       Classes.TStrings.ExtractName
 0001:00012A24       Classes.TStrings.GetCapacity
 0001:0001352C       Classes.TStrings.GetLineBreak
 0001:00012A2C       Classes.TStrings.GetName
 0001:000135D0       Classes.TStrings.GetNameValueSeparator
 0001:00012A8C       Classes.TStrings.GetObject
 0001:00012A90       Classes.TStrings.GetText
 0001:00012AE4       Classes.TStrings.GetTextStr
 0001:00012C1C       Classes.TStrings.GetValue
 0001:00012CB4       Classes.TStrings.IndexOf
 0001:00012D40       Classes.TStrings.IndexOfName
 0001:00012E14       Classes.TStrings.IndexOfObject
 0001:00012E48       Classes.TStrings.InsertObject
 0001:00012E78       Classes.TStrings.LoadFromFile
 0001:00012ECC       Classes.TStrings.LoadFromStream
 0001:00012F78       Classes.TStrings.Move
 0001:00013028       Classes.TStrings.Put
 0001:00013058       Classes.TStrings.PutObject
 0001:0001305C       Classes.TStrings.ReadData
 0001:0001310C       Classes.TStrings.SaveToFile
 0001:00013164       Classes.TStrings.SaveToStream
 0001:000131C4       Classes.TStrings.SetCapacity
 0001:00013560       Classes.TStrings.SetLineBreak
 0001:000135E8       Classes.TStrings.SetNameValueSeparator
 0001:000131C8       Classes.TStrings.SetStringsAdapter
 0001:000131FC       Classes.TStrings.SetText
 0001:0001324C       Classes.TStrings.SetTextStr
 0001:000133F0       Classes.TStrings.SetUpdateState
 0001:000133F4       Classes.TStrings.SetValue
 0001:000134A8       Classes.TStrings.WriteData
 0001:0001532C       Classes.TThread.AfterConstruction
 0001:000153CC       Classes.TThread.CallOnTerminate
 0001:000153B4       Classes.TThread.CheckThreadError
 0001:00015338       Classes.TThread.CheckThreadError
 0001:000151E8       Classes.TThread.Create
 0001:000152B8       Classes.TThread.Destroy
 0001:000153E0       Classes.TThread.DoTerminate
 0001:00015420       Classes.TThread.RemoveQueuedEvents
 0001:000156E8       Classes.TThread.Resume
 0001:000153F4       Classes.TThread.SetPriority
 0001:0001567C       Classes.TThread.Synchronize
 0001:000154E0       Classes.TThread.Synchronize
 0001:000156A4       Classes.TThread.Synchronize
 0001:00015710       Classes.TThread.Terminate
 0001:00015718       Classes.TThread.WaitFor
 0001:00012208       Classes.TThreadList.Create
 0001:0001225C       Classes.TThreadList.Destroy
 0001:000122D8       Classes.TThreadList.LockList
 0001:000122EC       Classes.TThreadList.UnlockList
 0001:00014D48       Classes.TWriter.Write
 0001:00014D94       Classes.TWriter.WriteBuffer
 0001:00014DAC       Classes.TWriter.WriteListBegin
 0001:00014DB4       Classes.TWriter.WriteListEnd
 0001:00014DBC       Classes.TWriter.WriteMinStr
 0001:00014E68       Classes.TWriter.WriteString
 0001:00014EBC       Classes.TWriter.WriteValue
 0001:00011E88       Classes.UnRegisterModuleClasses
 0001:00014F28       Classes.WaitForSyncEvent
 0003:00000A90       Classes.WakeMainThread
 0001:0002C3F0       EBase64.Base64Decode
 0001:0002C4D4       EBase64.Base64DecodeStr
 0001:0002C540       EBase64.Base64DecodeString
 0001:0002C334       EBase64.Base64Encode
 0001:0002C484       EBase64.Base64EncodeStr
 0001:0002C538       EBase64.Base64EncodeString
 0001:0002C548       EBase64.Base64EncodeToString
 0001:0002C2FC       EBase64.CalcDecodedSize
 0001:0002C2D0       EBase64.CalcEncodedSize
 0003:00002950       EBase64.cBase64Codec
 0003:00002990       EBase64.cBase64Codec
 0004:00003300       EConsts..5
 0002:0000028C       EConsts.EConsts
 0003:00000AC0       EConsts.EMsgs
 0003:00001298       EConsts.EShowOptions
 0003:00000AB8       EConsts.EurekaLogCurrentVersion
 0003:00001020       EConsts.EVals
 0003:00001358       EConsts.EVariablesOptions
 0001:00018198       EConsts.Finalization
 0003:00000ABC       EConsts.UnassignedPointer
 0004:00003308       ECore..4
 0001:00018274       ECore..TEurekaExceptionsFilters
 0001:000182EC       ECore..TEurekaModuleOptions
 0001:0001AA40       ECore.BinToStr
 0001:00019AA8       ECore.CheckDirectoryExists
 0001:00019874       ECore.CheckIntoIDE
 0001:000184BC       ECore.CompleteVersion
 0001:0001C4CC       ECore.ComputerName
 0001:000190F8       ECore.ConvertAddress
 0003:000013C0       ECore.CriticalError
 0003:000013C4       ECore.Digits
 0001:0001C81C       ECore.Done
 0001:00018C94       ECore.DotNetHostedFile
 0002:00000294       ECore.ECore
 0001:00019A04       ECore.ExcludeLastBackslash
 0001:00018B7C       ECore.ExpandEnvVars
 0001:000186FC       ECore.ExtractList
 0001:000195F0       ECore.ExtractStringsEx
 0001:0001C820       ECore.Finalization
 0001:00019ACC       ECore.ForceDirectoriesEx
 0001:00018A04       ECore.GetEnvVariable
 0001:00018DF4       ECore.GetEurekaLogDir
 0001:0001982C       ECore.GetGMT
 0001:000191D4       ECore.GetLongNameFromShort
 0001:00019130       ECore.GetModifiedDate
 0001:00018CBC       ECore.GetProfileFolder
 0001:00019058       ECore.GetReadableSize
 0001:00018D78       ECore.GetUserApplicationsPath
 0001:00019C98       ECore.GetWorkingFile
 0001:00019950       ECore.IncludeLastBackslash
 0001:00018E58       ECore.IniDir
 0001:0001C810       ECore.Init
 0004:0000330C       ECore.InternalIntoIDE
 0001:0001986C       ECore.IntoIDE
 0001:00019C88       ECore.IsFileOK
 0001:00018648       ECore.IsGreaterVersion
 0001:00019C50       ECore.IsReadableFile
 0001:000190E0       ECore.IsValidBlockAddr
 0001:00019BB4       ECore.IsWritableFile
 0004:00003304       ECore.LastEurekaVersion
 0003:000013E4       ECore.NoChars
 0001:00019424       ECore.PosEx
 0001:000194C8       ECore.QuickStringReplace
 0001:0001970C       ECore.ReadKey
 0001:0001AB70       ECore.ReadString
 0001:00018E78       ECore.ReadString
 0001:000186EC       ECore.Real_GetMainModuleFileName
 0001:0001C634       ECore.SafeExec
 0001:0001893C       ECore.StringToUtf8
 0001:0001AAD4       ECore.StrToBin
 0001:00019DEC       ECore.TEurekaExceptionsFilters.Add
 0001:00019E08       ECore.TEurekaExceptionsFilters.Assign
 0001:00019ECC       ECore.TEurekaExceptionsFilters.Clear
 0001:00019EF8       ECore.TEurekaExceptionsFilters.Create
 0001:00019F30       ECore.TEurekaExceptionsFilters.Delete
 0001:00019F60       ECore.TEurekaExceptionsFilters.Destroy
 0001:00019F8C       ECore.TEurekaExceptionsFilters.GetItem
 0001:0001A08C       ECore.TEurekaModuleOptions.Assign
 0001:00019FA0       ECore.TEurekaModuleOptions.Create
 0001:0001A058       ECore.TEurekaModuleOptions.Destroy
 0001:0001B974       ECore.TEurekaModuleOptions.DisableSharedDataWrite
 0001:0001B978       ECore.TEurekaModuleOptions.EnableSharedDataWrite
 0001:0001A454       ECore.TEurekaModuleOptions.GetCustomizedExpandedTexts
 0001:0001A9EC       ECore.TEurekaModuleOptions.LoadFromFile
 0001:0001ABF8       ECore.TEurekaModuleOptions.LoadFromStream
 0001:0001B970       ECore.TEurekaModuleOptions.LoadSharedData
 0001:0001C3D0       ECore.TEurekaModuleOptions.OutputFile
 0001:0001C554       ECore.TEurekaModuleOptions.OutputLogFile
 0001:0001A470       ECore.TEurekaModuleOptions.SaveToFile
 0001:0001B97C       ECore.TEurekaModuleOptions.SaveToSharedData
 0001:0001A5E4       ECore.TEurekaModuleOptions.SaveToStream
 0001:0001BFA4       ECore.TEurekaModuleOptions.SetActivateHandle
 0001:0001BFB0       ECore.TEurekaModuleOptions.SetActivateLog
 0001:0001BF48       ECore.TEurekaModuleOptions.SetActive
 0001:0001BFBC       ECore.TEurekaModuleOptions.SetAppendLogs
 0001:0001C2EC       ECore.TEurekaModuleOptions.SetAttachedFiles
 0001:0001C330       ECore.TEurekaModuleOptions.SetAutoCloseDialogSecs
 0001:0001C33C       ECore.TEurekaModuleOptions.SetAutoCrashMinutes
 0001:0001C348       ECore.TEurekaModuleOptions.SetAutoCrashNumber
 0001:0001C354       ECore.TEurekaModuleOptions.SetAutoCrashOperation
 0001:0001C3A0       ECore.TEurekaModuleOptions.SetBehaviourOptions
 0001:0001C3B8       ECore.TEurekaModuleOptions.SetCallStackOptions
 0001:0001C2C0       ECore.TEurekaModuleOptions.SetCommonSendOptions
 0001:0001C2D8       ECore.TEurekaModuleOptions.SetCompiledFileOptions
 0001:0001BEEC       ECore.TEurekaModuleOptions.SetCustomizedTexts
 0001:0001BFC8       ECore.TEurekaModuleOptions.SetEMailAddresses
 0001:0001BFE8       ECore.TEurekaModuleOptions.SetEMailMessage
 0001:0001C008       ECore.TEurekaModuleOptions.SetEMailSendMode
 0001:0001C014       ECore.TEurekaModuleOptions.SetEMailSubject
 0001:0001BF60       ECore.TEurekaModuleOptions.SetErrorsNumberToSave
 0001:0001C034       ECore.TEurekaModuleOptions.SetErrorsNumberToShowTerminateBtn
 0001:0001C30C       ECore.TEurekaModuleOptions.SetExceptionDialogOptions
 0001:0001C324       ECore.TEurekaModuleOptions.SetExceptionDialogType
 0001:0001C040       ECore.TEurekaModuleOptions.SetForegroundTab
 0001:0001BF54       ECore.TEurekaModuleOptions.SetFreezeActivate
 0001:0001C04C       ECore.TEurekaModuleOptions.SetFreezeTimeout
 0001:0001C360       ECore.TEurekaModuleOptions.SetHTMLLayout
 0001:0001C058       ECore.TEurekaModuleOptions.SetLogOptions
 0001:0001BF98       ECore.TEurekaModuleOptions.SetModuleHandle
 0001:0001BF7C       ECore.TEurekaModuleOptions.SetModuleName
 0001:0001C070       ECore.TEurekaModuleOptions.SetOutputPath
 0001:0001C090       ECore.TEurekaModuleOptions.SetPostFailureBuildEvent
 0001:0001C0AC       ECore.TEurekaModuleOptions.SetPostSuccessfulBuildEvent
 0001:0001C0C8       ECore.TEurekaModuleOptions.SetPreBuildEvent
 0001:0001C0E4       ECore.TEurekaModuleOptions.SetProxyPassword
 0001:0001C100       ECore.TEurekaModuleOptions.SetProxyPort
 0001:0001C10C       ECore.TEurekaModuleOptions.SetProxyURL
 0001:0001C128       ECore.TEurekaModuleOptions.SetProxyUserID
 0001:0001C144       ECore.TEurekaModuleOptions.SetReproduceText
 0001:0001C164       ECore.TEurekaModuleOptions.SetSaveLogFile
 0001:0001C170       ECore.TEurekaModuleOptions.SetShowOptions
 0001:0001C184       ECore.TEurekaModuleOptions.SetSMTPFrom
 0001:0001C1A0       ECore.TEurekaModuleOptions.SetSMTPHost
 0001:0001C1BC       ECore.TEurekaModuleOptions.SetSMTPPassword
 0001:0001C1D8       ECore.TEurekaModuleOptions.SetSMTPPort
 0001:0001C1E4       ECore.TEurekaModuleOptions.SetSMTPUserID
 0001:0001C380       ECore.TEurekaModuleOptions.SetSupportURL
 0001:0001C200       ECore.TEurekaModuleOptions.SetTerminateBtnOperation
 0001:0001C20C       ECore.TEurekaModuleOptions.SetTextsCollection
 0001:0001B994       ECore.TEurekaModuleOptions.SetToDefaultOptions
 0001:0001BE44       ECore.TEurekaModuleOptions.SetTrakerAssignTo
 0001:0001BE60       ECore.TEurekaModuleOptions.SetTrakerCategory
 0001:0001BE7C       ECore.TEurekaModuleOptions.SetTrakerPassword
 0001:0001BE98       ECore.TEurekaModuleOptions.SetTrakerProject
 0001:0001BEB4       ECore.TEurekaModuleOptions.SetTrakerTrialID
 0001:0001BED0       ECore.TEurekaModuleOptions.SetTrakerUserID
 0001:0001C258       ECore.TEurekaModuleOptions.SetWebPassword
 0001:0001C278       ECore.TEurekaModuleOptions.SetWebPort
 0001:0001C22C       ECore.TEurekaModuleOptions.SetWebSendMode
 0001:0001C238       ECore.TEurekaModuleOptions.SetWebURL
 0001:0001C284       ECore.TEurekaModuleOptions.SetWebUserID
 0001:0001C2A4       ECore.TEurekaModuleOptions.SetZipPassword
 0001:0001B96C       ECore.TEurekaModuleOptions.StoreSharedData
 0001:00018860       ECore.WideStringToUtf8
 0001:00018DC4       ECore.WindowsDir
 0001:0001A4C8       ECore.WriteString
 0001:00018F90       ECore.WriteString
 0001:00018478       ECore.ZeroComplete
 0004:00003310       EDebug..03
 0001:0001D0BC       EDebug..TELAbstractMapParser
 0001:0001D1B4       EDebug..TELBinDebugScanner
 0001:0001CE48       EDebug..TELConstantSymbolInfo
 0001:0001CBF0       EDebug..TELDataSymbolInfo
 0001:0001D330       EDebug..TELDebugInfoJedy
 0001:0001D2C0       EDebug..TELDebugInfoMap
 0001:0001D24C       EDebug..TELDebugInfoSource
 0001:0001D3A4       EDebug..TELDebugInfoTD32
 0001:0001CCB8       EDebug..TELGDataSymbolInfo
 0001:0001CB20       EDebug..TELGlobalProcSymbolInfo
 0001:0001CDE4       EDebug..TELLabelSymbolInfo
 0001:0001CC54       EDebug..TELLDataSymbolInfo
 0001:0001C93C       EDebug..TELLineInfo
 0001:0001CAB8       EDebug..TELLocalProcSymbolInfo
 0001:0001D13C       EDebug..TELMapScanner
 0001:0001C8E0       EDebug..TELModuleInfo
 0001:0001CB88       EDebug..TELObjNameSymbolInfo
 0001:0001D05C       EDebug..TELPeBorTD32Image
 0001:0001CA54       EDebug..TELProcSymbolInfo
 0001:0001CD1C       EDebug..TELPublicSymbolInfo
 0001:0001C994       EDebug..TELSourceModuleInfo
 0001:0001C9F4       EDebug..TELSymbolInfo
 0001:0001CF7C       EDebug..TELTD32InfoParser
 0001:0001CFEC       EDebug..TELTD32InfoScanner
 0001:0001CEB0       EDebug..TELUdtSymbolInfo
 0001:0001CF14       EDebug..TELVftPathSymbolInfo
 0001:0001CD80       EDebug..TELWithSymbolInfo
 0001:0001D418       EDebug..THModuleStream
 0001:0001C874       EDebug..TObjectListEx
 0001:00020DE8       EDebug.AssignValidDebugInfo
 0001:0001E33C       EDebug.DecodeNameString
 0002:000002C4       EDebug.EDebug
 0001:0001D884       EDebug.Eof
 0001:00020EAC       EDebug.Finalization
 0001:0001D9EC       EDebug.FindParam
 0001:00020870       EDebug.FormatProcName
 0001:00020BBC       EDebug.GetImageNtHeaders
 0001:0001D898       EDebug.IsDecDigit
 0001:0001D494       EDebug.Max
 0001:0001D49C       EDebug.Min
 0001:00020C94       EDebug.ModuleFileName
 0001:0001EFD0       EDebug.PEInitialize
 0001:0001EF30       EDebug.PeMapImgFindSection
 0001:0001EF8C       EDebug.PeMapImgNtHeaders
 0001:0001EF1C       EDebug.PeMapImgSections
 0003:00001424       EDebug.PublicsByNameHeader
 0003:00001434       EDebug.PublicsByValueHeader
 0001:0001D980       EDebug.ReadAddress
 0001:0001D8DC       EDebug.ReadDecValue
 0001:0001D90C       EDebug.ReadHexValue
 0001:0001D9BC       EDebug.ReadString
 0001:0001D8B0       EDebug.ReadTextLine
 0003:00001444       EDebug.ResourceFilesHeader
 0001:0001D528       EDebug.SafeLoadFromFileToStream
 0001:0001D4A4       EDebug.SearchDynArray
 0001:0001DF1C       EDebug.Search_MapLineNumber
 0001:0001E0EC       EDebug.Search_MapProcName
 0003:00001414       EDebug.SegmentsHeader
 0001:0001E2F0       EDebug.SimpleCryptString
 0001:0001D864       EDebug.SkipEndLine
 0001:0001D840       EDebug.SkipWhiteSpace
 0001:00020750       EDebug.StringReplace
 0001:0001DA0C       EDebug.SyncToHeader
 0001:0001DAE8       EDebug.SyncToPrefix
 0003:00001404       EDebug.TableHeader
 0001:0001D630       EDebug.TELAbstractMapParser.Create
 0001:0001D690       EDebug.TELAbstractMapParser.Destroy
 0001:0001D6C4       EDebug.TELAbstractMapParser.MapStringToStr
 0001:0001DBC0       EDebug.TELAbstractMapParser.Parse
 0001:0001E4DC       EDebug.TELBinDebugScanner.CacheLineNumbers
 0001:0001E59C       EDebug.TELBinDebugScanner.CacheProcNames
 0001:0001E69C       EDebug.TELBinDebugScanner.CheckFormat
 0001:0001E484       EDebug.TELBinDebugScanner.Create
 0001:0001E738       EDebug.TELBinDebugScanner.DataToStr
 0001:00020E6C       EDebug.TELBinDebugScanner.Destroy
 0001:0001E768       EDebug.TELBinDebugScanner.LineNumberFromAddr
 0001:0001E85C       EDebug.TELBinDebugScanner.MakePtr
 0001:0001E868       EDebug.TELBinDebugScanner.ModuleNameFromAddr
 0001:0001E8D4       EDebug.TELBinDebugScanner.ModuleStartFromAddr
 0001:0001E92C       EDebug.TELBinDebugScanner.ProcNameFromAddr
 0001:0001EAD8       EDebug.TELBinDebugScanner.ReadValue
 0001:0001EB10       EDebug.TELBinDebugScanner.SourceNameFromAddr
 0001:0001FC18       EDebug.TELConstantSymbolInfo.Create
 0001:0001F9C8       EDebug.TELDataSymbolInfo.Create
 0001:0001EDE8       EDebug.TELDebugInfoJedy.Destroy
 0001:0001EE28       EDebug.TELDebugInfoJedy.GetLocationInfo
 0001:0001F008       EDebug.TELDebugInfoJedy.InitializeSource
 0001:0001F100       EDebug.TELDebugInfoJedy.ValidData
 0001:0001EC24       EDebug.TELDebugInfoMap.Destroy
 0001:0001EC58       EDebug.TELDebugInfoMap.GetLocationInfo
 0001:0001ED4C       EDebug.TELDebugInfoMap.InitializeSource
 0001:0001EDE0       EDebug.TELDebugInfoMap.ValidData
 0001:0001EB9C       EDebug.TELDebugInfoSource.Create
 0001:0001EBD4       EDebug.TELDebugInfoSource.GetFileName
 0001:0001EC18       EDebug.TELDebugInfoSource.VAFromAddr
 0001:0001F114       EDebug.TELDebugInfoTD32.Destroy
 0001:0001F148       EDebug.TELDebugInfoTD32.GetLocationInfo
 0001:0001F244       EDebug.TELDebugInfoTD32.InitializeSource
 0001:0001F2A0       EDebug.TELDebugInfoTD32.ValidData
 0001:0001FB58       EDebug.TELLabelSymbolInfo.Create
 0001:0001F460       EDebug.TELLineInfo.Create
 0001:0001DF14       EDebug.TELMapScanner.ClassTableItem
 0001:0001DE58       EDebug.TELMapScanner.Create
 0001:0001DEBC       EDebug.TELMapScanner.Destroy
 0001:0001DF24       EDebug.TELMapScanner.LineNumberFromAddr
 0001:0001DF90       EDebug.TELMapScanner.LineNumbersItem
 0001:0001E05C       EDebug.TELMapScanner.LineNumberUnitItem
 0001:0001E060       EDebug.TELMapScanner.ModuleNameFromAddr
 0001:0001E0B0       EDebug.TELMapScanner.ModuleStartFromAddr
 0001:0001E0F4       EDebug.TELMapScanner.ProcNameFromAddr
 0001:0001E174       EDebug.TELMapScanner.PublicsByNameItem
 0001:0001E178       EDebug.TELMapScanner.PublicsByValueItem
 0001:0001E1D8       EDebug.TELMapScanner.Scan
 0001:0001E228       EDebug.TELMapScanner.SegmentItem
 0001:0001E290       EDebug.TELMapScanner.SourceNameFromAddr
 0001:0001F308       EDebug.TELModuleInfo.Create
 0001:0001F3C4       EDebug.TELModuleInfo.GetSegment
 0001:0001F908       EDebug.TELObjNameSymbolInfo.Create
 0001:00020B48       EDebug.TELPeBorTD32Image.CheckDebugData
 0001:00020B98       EDebug.TELPeBorTD32Image.ClearDebugData
 0001:00020AB0       EDebug.TELPeBorTD32Image.Create
 0001:00020B0C       EDebug.TELPeBorTD32Image.Destroy
 0001:00020BC0       EDebug.TELPeBorTD32Image.IsDebugInfoInImage
 0001:00020CDC       EDebug.TELPeBorTD32Image.IsDebugInfoInTds
 0001:0001F840       EDebug.TELProcSymbolInfo.Create
 0001:0001F4A8       EDebug.TELSourceModuleInfo.Create
 0001:0001F608       EDebug.TELSourceModuleInfo.Destroy
 0001:0001F6EC       EDebug.TELSourceModuleInfo.FindLine
 0001:0001F63C       EDebug.TELSourceModuleInfo.GetLine
 0001:0001F650       EDebug.TELSourceModuleInfo.GetLineCount
 0001:0001F658       EDebug.TELSourceModuleInfo.GetSegment
 0001:0001F78C       EDebug.TELSymbolInfo.Create
 0001:0001FFF0       EDebug.TELTD32InfoParser.Analyse
 0001:00020174       EDebug.TELTD32InfoParser.AnalyseAlignSymbols
 0001:00020314       EDebug.TELTD32InfoParser.AnalyseModules
 0001:00020144       EDebug.TELTD32InfoParser.AnalyseNames
 0001:00020338       EDebug.TELTD32InfoParser.AnalyseSourceModules
 0001:0001FE70       EDebug.TELTD32InfoParser.Create
 0001:0001FF94       EDebug.TELTD32InfoParser.Destroy
 0001:000203F4       EDebug.TELTD32InfoParser.FindModule
 0001:0002054C       EDebug.TELTD32InfoParser.FindProc
 0001:000204AC       EDebug.TELTD32InfoParser.FindSourceModule
 0001:00020380       EDebug.TELTD32InfoParser.GetModule
 0001:00020394       EDebug.TELTD32InfoParser.GetModuleCount
 0001:0002039C       EDebug.TELTD32InfoParser.GetName
 0001:000203BC       EDebug.TELTD32InfoParser.GetSourceModule
 0001:000203D0       EDebug.TELTD32InfoParser.GetSourceModuleCount
 0001:000203D8       EDebug.TELTD32InfoParser.GetSymbol
 0001:000203EC       EDebug.TELTD32InfoParser.GetSymbolCount
 0001:000205D4       EDebug.TELTD32InfoParser.IsTD32DebugInfoValid
 0001:000206AC       EDebug.TELTD32InfoParser.IsTD32Sign
 0001:000206C4       EDebug.TELTD32InfoParser.LfaToVa
 0001:000206CC       EDebug.TELTD32InfoScanner.LineNumberFromAddr
 0001:00020718       EDebug.TELTD32InfoScanner.ModuleNameFromAddr
 0001:000209E0       EDebug.TELTD32InfoScanner.ProcNameFromAddr
 0001:00020A80       EDebug.TELTD32InfoScanner.SourceNameFromAddr
 0001:0001FCE0       EDebug.TELUdtSymbolInfo.Create
 0001:0001FDA8       EDebug.TELVftPathSymbolInfo.Create
 0001:0001FA90       EDebug.TELWithSymbolInfo.Create
 0001:0001F2BC       EDebug.THModuleStream.Create
 0001:0001D5E4       EDebug.TObjectListEx.Destroy
 0004:00003368       EDisAsm..2
 0001:00022D8C       EDisAsm..TDisAsm
 0003:00002724       EDisAsm.ByteRegs1
 0003:00002728       EDisAsm.ByteRegs2
 0002:000002E0       EDisAsm.EDisAsm
 0001:0002A134       EDisAsm.Finalization
 0003:00001E24       EDisAsm.FloatingPointOpcodes
 0001:00028B3C       EDisAsm.GetEffectiveAddress
 0001:000284E0       EDisAsm.GetRefAddress
 0001:0002864C       EDisAsm.GetRegName
 0003:00001C64       EDisAsm.GroupsOpcodes
 0003:00001DA4       EDisAsm.GroupsOperands
 0001:000285F4       EDisAsm.ModRM
 0003:00001464       EDisAsm.OneByteOpcodes
 0001:000290A8       EDisAsm.Operand
 0001:000284C0       EDisAsm.ReadByte
 0001:00028480       EDisAsm.ReadDWord
 0001:0002875C       EDisAsm.ReadSib
 0001:000284A0       EDisAsm.ReadWord
 0001:00029A68       EDisAsm.Replacer
 0001:00028620       EDisAsm.Sib
 0001:000283E0       EDisAsm.SignedIntToHex
 0001:00029D8C       EDisAsm.TDisAsm.GetInstruction
 0003:00001864       EDisAsm.TwoByteOpcodes
 0003:0000272C       EDisAsm.WordRegs1
 0003:00002734       EDisAsm.WordRegs2
 0004:0000376C       EEncrypt.CV
 0001:0002C20C       EEncrypt.Decrypt
 0001:0002C158       EEncrypt.InitKey
 0004:00003774       EEncrypt.KeyData
 0001:0002BFC4       EEncrypt.SwapDWord
 0001:0002C0A8       EEncrypt.TEA_Decrypt
 0001:0002BFF8       EEncrypt.TEA_Encrypt
 0001:0002BF9C       EEncrypt.XorBlock
 0001:0002A2D8       EHash.Compress
 0003:0000273C       EHash.Crc16Tab
 0004:0000336C       EHash.crc_table
 0003:0000293C       EHash.crc_table_computed
 0001:0002A274       EHash.GetCRC16
 0001:0002A22C       EHash.GetCRC32
 0001:0002AB94       EHash.GetMD5
 0001:0002A2C0       EHash.LRot32
 0001:0002A1D0       EHash.make_crc_table
 0003:00002940       EHash.p
 0004:00006064       EHook..1
 0001:00042124       EHook..EHookError
 0001:000421D4       EHook..EHookingError
 0001:0004217C       EHook..EProcNull
 0001:00042230       EHook..ESharedArea
 0001:000422AC       EHook..THookedMethodsList
 0001:000426F4       EHook.AddrSize
 0003:00005568       EHook.AsmConst
 0001:00042A4C       EHook.CalculateRelocatedAsmSize
 0001:00043068       EHook.CheckFail
 0004:0000606C       EHook.DllList
 0001:00043554       EHook.Done
 0002:0000032C       EHook.EHook
 0001:000435FC       EHook.Finalization
 0001:00042860       EHook.GetAsmSize
 0001:00042994       EHook.GetFunctionSize
 0001:00042458       EHook.GetVirtualMethod
 0001:000430CC       EHook.HookDllProcedure
 0004:00006070       EHook.HookedMethodsList
 0004:00006068       EHook.HookedProcedures
 0001:00042CAC       EHook.HookProcedure
 0001:00042DBC       EHook.HookProcedureEx
 0001:000424AC       EHook.HookVirtualMethod
 0001:00043520       EHook.Init
 0001:00043008       EHook.IsWin9xDebugThunk
 0001:000426A4       EHook.JumpToMem
 0001:00042720       EHook.ModRMByte
 0001:000426C4       EHook.ModuleFileName
 0003:00005528       EHook.OpCodeLongJump1Byte
 0003:00005548       EHook.OpCodeLongJump2Bytes
 0003:000054C8       EHook.OpCodePrefixes
 0003:00005508       EHook.OpCodeReturn
 0003:000054E8       EHook.OpCodeShortJump
 0001:0004301C       EHook.PeMapImgNtHeaders
 0001:00042B00       EHook.RelocateMemory
 0001:00042464       EHook.SetVirtualMethod
 0001:00042708       EHook.SIDSize
 0001:0004231C       EHook.THookedMethodsList.Create
 0001:00042388       EHook.THookedMethodsList.Delete
 0001:000423B0       EHook.THookedMethodsList.Destroy
 0001:0004235C       EHook.THookedMethodsList.GetItem
 0001:00042370       EHook.THookedMethodsList.Lock
 0001:0004237C       EHook.THookedMethodsList.Unlock
 0001:000433D4       EHook.TryHookDllProcedureEx
 0001:00042F8C       EHook.UnhookProcedure
 0001:000425A0       EHook.UnhookVirtualMethod
 0001:00042664       EHook.WriteMem
 0001:00042074       ELang.TranslateCharsetInfo
 0001:0004207C       ELang.UserCharSet
 0004:0000332C       ELeaks..1
 0004:00003328       ELeaks.AddLeak
 0004:00003344       ELeaks.AllocatedList_End
 0004:0000333C       ELeaks.AllocatedList_Lock
 0004:00003340       ELeaks.AllocatedList_Start
 0001:000219A8       ELeaks.AreTheSameLeak
 0003:00001454       ELeaks.BlockOverFoot
 0003:00001450       ELeaks.BlockOverHead
 0001:00020FFC       ELeaks.CallerOfReallocMem
 0001:000216E8       ELeaks.CheckOurPointer
 0001:000212E4       ELeaks.ConvertAddress
 0001:00022004       ELeaks.CountAllLeaks
 0001:00022AE0       ELeaks.DisableMemoryLeaksCheck
 0001:00022CCC       ELeaks.Done
 0001:0002286C       ELeaks.DoneShareMem
 0002:000002CC       ELeaks.ELeaks
 0001:00022954       ELeaks.EnableMemoryLeaksCheck
 0001:00022734       ELeaks.Error
 0001:00020F8C       ELeaks.ExtractFileName
 0001:00022D54       ELeaks.Finalization
 0004:0000331C       ELeaks.FinalizationProc
 0001:00021A74       ELeaks.FindLeakAddress
 0001:00021C98       ELeaks.FindLeakClassName
 0001:000219CC       ELeaks.FindLeakSons
 0001:00021928       ELeaks.FindNextValidLeak
 0001:00021FD4       ELeaks.FreeAllLeaks
 0001:00021800       ELeaks.GetDataCaller
 0001:0002135C       ELeaks.GetFramesCallStackDump
 0001:00021A28       ELeaks.GetLeakCount
 0001:00021814       ELeaks.GetObjectCaller
 0001:000226E4       ELeaks.GetOptionsFromExeFile
 0001:000213D4       ELeaks.GetRawCallStackDump
 0001:00022644       ELeaks.GetRawOptions
 0001:00021010       ELeaks.GetReadableSize
 0001:000225FC       ELeaks.GetResourceData
 0001:0002202C       ELeaks.HandleAnyLeak
 0001:000217C8       ELeaks.HandleError
 0001:00022B00       ELeaks.Init
 0001:00022778       ELeaks.InitShareMem
 0004:00003350       ELeaks.InstallNewMemoryManager
 0001:00021E60       ELeaks.Internal_AddLeak
 0001:00021E4C       ELeaks.Internal_ResetLeaks
 0001:00021F10       ELeaks.Internal_ShowLeaks
 0001:00021938       ELeaks.IsALeakChild
 0001:000217F8       ELeaks.IsAntiLeaksEnabled
 0001:00021218       ELeaks.IsAParentClassStr
 0001:0002293C       ELeaks.IsCompiledWithPackages
 0001:00022520       ELeaks.IsIntoIDE
 0004:00003358       ELeaks.IsMMHost
 0001:00020FDC       ELeaks.IsObjectCreation
 0001:00021098       ELeaks.IsValidBlockAddr
 0001:00021184       ELeaks.IsValidClass
 0001:0002116C       ELeaks.IsValidSymbolName
 0001:000220B4       ELeaks.LeaksCheck
 0004:00003352       ELeaks.LeaksOptions
 0001:00021320       ELeaks.LockCheck
 0001:0002132C       ELeaks.LockVariable
 0004:00003354       ELeaks.MemoryPages
 0001:000228B4       ELeaks.ModuleName
 0004:00003318       ELeaks.MultiFreeProc
 0001:0002188C       ELeaks.NewFreeMem
 0001:00021820       ELeaks.NewGetMem
 0003:00001458       ELeaks.NewMemoryManager
 0001:000218B8       ELeaks.NewReallocMem
 0004:00003330       ELeaks.OldMemoryManager
 0004:0000335C       ELeaks.OriginalMemMgr
 0004:00003314       ELeaks.OverrunProc
 0001:0002142C       ELeaks.PurgeCallStack
 0001:00021F24       ELeaks.PurgeCallStacks
 0001:00021D24       ELeaks.PurgeInvalidLeaks
 0001:00021E24       ELeaks.RemoveExtraLeaks
 0001:00021FAC       ELeaks.RemoveLeaksSons
 0001:00021BB8       ELeaks.RemoveMemBlock
 0004:00003320       ELeaks.ResetLeaks
 0001:0002162C       ELeaks.SetOurPointer
 0004:00003324       ELeaks.ShowLeaks
 0004:00003348       ELeaks.TObjectCreate
 0004:0000334C       ELeaks.TObjectNewInstance
 0001:00021358       ELeaks.UnlockVariable
 0001:00020F48       ELeaks.UpperCase
 0004:00003351       ELeaks.UseNewMemoryManager
 0001:0002ACCC       EListView..TListViewItems
 0001:0002B5B0       EListView.ClickOnSign
 0001:0002AD74       EListView.DrawBmp
 0001:0002B8FC       EListView.DrawBottom
 0001:0002B888       EListView.DrawFrame
 0001:0002B9A4       EListView.DrawItem
 0001:0002B950       EListView.DrawLine
 0001:0002BE18       EListView.GetColumnAlign
 0001:0002BDEC       EListView.GetColumnCount
 0001:0002AD4C       EListView.GetItemRect
 0001:0002B814       EListView.HandleBackgroundState
 0001:0002B004       EListView.ImageList_Add
 0001:0002AFFC       EListView.ImageList_Create
 0001:0002B00C       EListView.ImageList_Destroy
 0001:0002B268       EListView.TListViewItems.AddRow
 0001:0002B7AC       EListView.TListViewItems.Clear
 0001:0002B5F8       EListView.TListViewItems.ClickOnItem
 0001:0002B014       EListView.TListViewItems.Create
 0001:0002B768       EListView.TListViewItems.Delete
 0001:0002B588       EListView.TListViewItems.DeleteItem
 0001:0002B1D0       EListView.TListViewItems.Destroy
 0001:0002BDC4       EListView.TListViewItems.DrawList
 0001:0002B7D0       EListView.TListViewItems.GetItem
 0001:0002B7E4       EListView.TListViewItems.GetItemParam
 0001:0002BE74       EListView.TListViewItems.InitializeData
 0001:0002B458       EListView.TListViewItems.InsertItem
 0001:0002B59C       EListView.TListViewItems.RedrawItems
 0001:0002BF88       EListView.TListViewItems.SetRedrawState
 0004:00003784       ELogManager..3
 0001:0002CAF0       ELogManager..TLogFile
 0001:0002CB60       ELogManager..TLogItem
 0001:0002E35C       ELogManager.AddValueField
 0003:00002A34       ELogManager.chars
 0001:0002D544       ELogManager.CompleteStr
 0001:0002CC18       ELogManager.ConvertNotDosText
 0001:0002D1B8       ELogManager.ElaborateString
 0002:000002E8       ELogManager.ELogManager
 0003:00002A30       ELogManager.EOFLine
 0001:0002E8E8       ELogManager.ExtractValue
 0001:00031084       ELogManager.Finalization
 0001:00030DFC       ELogManager.Lines
 0001:0002CBD8       ELogManager.NeedConvertNotDosText
 0001:00030E30       ELogManager.NormalizeLines
 0001:00030C18       ELogManager.NormalizeSpaces
 0001:00030A98       ELogManager.RemoveEmptySections
 0001:0002D334       ELogManager.SearchItem
 0001:0002CDBC       ELogManager.SearchNextItem
 0001:00030BE4       ELogManager.Spaces
 0001:0002E924       ELogManager.TestDecrypt
 0001:0002D138       ELogManager.TLogFile.Append
 0001:0002CCE0       ELogManager.TLogFile.Create
 0001:0002CD8C       ELogManager.TLogFile.Destroy
 0001:0002D448       ELogManager.TLogFile.FindItem
 0001:0002DBC8       ELogManager.TLogFile.GetCount
 0001:0002D940       ELogManager.TLogFile.GetItemValue
 0001:0002DFFC       ELogManager.TLogFile.GetItem_Assembler
 0001:0002F948       ELogManager.TLogFile.GetItem_AssemblerXML
 0001:0002DD20       ELogManager.TLogFile.GetItem_CallStack
 0001:0002E95C       ELogManager.TLogFile.GetItem_CallStackXML
 0001:0002E0E0       ELogManager.TLogFile.GetItem_CPU
 0001:0002FBD4       ELogManager.TLogFile.GetItem_CPUXML
 0001:0002DC7C       ELogManager.TLogFile.GetItem_Generals
 0001:0002E4DC       ELogManager.TLogFile.GetItem_GeneralsXML
 0001:0002DDB8       ELogManager.TLogFile.GetItem_Modules
 0001:0002F2BC       ELogManager.TLogFile.GetItem_ModulesXML
 0001:0002DEC0       ELogManager.TLogFile.GetItem_Processes
 0001:0002F600       ELogManager.TLogFile.GetItem_ProcessesXML
 0001:0002E1F8       ELogManager.TLogFile.GetItem_Reproduce
 0001:00030180       ELogManager.TLogFile.GetItem_ReproduceXML
 0001:00030284       ELogManager.TLogFile.GetItem_XML
 0001:000305A8       ELogManager.TLogFile.GetLogVersion
 0001:0002DBD4       ELogManager.TLogFile.GetText
 0001:00030444       ELogManager.TLogFile.GetXML
 0001:0002CF08       ELogManager.TLogFile.LoadFromStream
 0001:0002CE10       ELogManager.TLogFile.ParseBuffer
 0001:0002D4F4       ELogManager.TLogFile.Save
 0001:0002D064       ELogManager.TLogFile.SaveToStream
 0001:00030694       ELogManager.TLogFile.SaveXMLCopy
 0001:0002DBE8       ELogManager.TLogFile.SectionIndex
 0001:0002D588       ELogManager.TLogFile.SetItemValue
 0001:00030780       ELogManager.TLogItem.AddHeader
 0001:000307F8       ELogManager.TLogItem.AddItem
 0001:00030768       ELogManager.TLogItem.Clear
 0001:00030730       ELogManager.TLogItem.Create
 0001:0003100C       ELogManager.TLogItem.GetString
 0004:00006060       ESockets..4
 0001:00040A84       ESockets..EEurekaSocketError
 0001:00040A1C       ESockets..TEurekaClientSMTP
 0001:00040990       ESockets..TEurekaClientSocket
 0001:00041748       ESockets.AddDNS
 0001:00041BA8       ESockets.CreateMXQuery
 0001:00042014       ESockets.Done
 0002:000002F8       ESockets.ESockets
 0001:0004201C       ESockets.Finalization
 0001:0004176C       ESockets.GetDNSList
 0001:00041924       ESockets.GetDomain
 0001:00041AA8       ESockets.GetDomainName
 0001:00041CF8       ESockets.GetMXBestRecord
 0001:00041C30       ESockets.GetMXRecord
 0001:00041DF0       ESockets.GetMXServerFromEmail
 0001:0004200C       ESockets.Init
 0003:000054C4       ESockets.Initialized
 0001:00040B14       ESockets.InternalCleanup
 0001:00040AE4       ESockets.InternalStartup
 0001:000416E0       ESockets.IsValidDNS
 0001:0004190C       ESockets.StrToWord
 0001:000414D8       ESockets.TEurekaClientSMTP.GetText
 0001:00041494       ESockets.TEurekaClientSMTP.Open
 0001:000415BC       ESockets.TEurekaClientSMTP.SendCommand
 0001:00040DE8       ESockets.TEurekaClientSocket.Close
 0001:00040D1C       ESockets.TEurekaClientSocket.Create
 0001:00040DB4       ESockets.TEurekaClientSocket.Destroy
 0001:00040B88       ESockets.TEurekaClientSocket.Error
 0001:00041408       ESockets.TEurekaClientSocket.GetFullText
 0001:00040B28       ESockets.TEurekaClientSocket.LookupName
 0001:00040EB0       ESockets.TEurekaClientSocket.Open
 0001:00041238       ESockets.TEurekaClientSocket.ReceiveBuf
 0001:00041440       ESockets.TEurekaClientSocket.ReceiveFullText
 0001:00041320       ESockets.TEurekaClientSocket.ReceiveText
 0001:000410A0       ESockets.TEurekaClientSocket.SendBuf
 0001:00041170       ESockets.TEurekaClientSocket.SendText
 0004:00003788       EWebTools..7
 0001:000312F8       EWebTools..THTTPBugzillaSendReport
 0001:00031188       EWebTools..THTTPConnectionBase
 0001:00031360       EWebTools..THTTPFogBugzSendReport
 0001:00031290       EWebTools..THTTPMantisSendReport
 0001:000310F4       EWebTools..THTTPResponse
 0001:00031230       EWebTools..THTTPSendReport
 0001:00032A5C       EWebTools.AddAuthenticationToURL
 0003:00004648       EWebTools.AlphaNumerics
 0001:000329C8       EWebTools.CheckError
 0001:0003487C       EWebTools.CompleteNumber
 0001:00031408       EWebTools.ConvertSpecialHTMLChars
 0001:000324A4       EWebTools.DoneLib
 0001:00032CB8       EWebTools.ElaborateURL
 0001:00032E2C       EWebTools.ElaborateWebPage
 0002:000002F0       EWebTools.EWebTools
 0001:00038C28       EWebTools.Finalization
 0001:000328B8       EWebTools.FindErrorMessage
 0001:0003200C       EWebTools.FindSelected
 0004:000037BC       EWebTools.FtpOpenFile
 0001:00038654       EWebTools.FTPUploadFiles
 0001:0003365C       EWebTools.GenerateMultipartBoundary
 0001:00037A98       EWebTools.GenerateMultipartBoundary
 0001:00033720       EWebTools.GenerateRequestBody
 0001:00037BC8       EWebTools.GenerateRequestBody
 0001:00031890       EWebTools.GetFieldValue
 0001:0003284C       EWebTools.GetFileContents
 0001:00037B5C       EWebTools.GetFileContents
 0001:00038618       EWebTools.GetFileSize
 0001:00032F04       EWebTools.GetHTTPResponse
 0001:00037E88       EWebTools.GetHTTPResponse
 0001:00032220       EWebTools.GetListDefault
 0001:00031E90       EWebTools.GetListValue
 0001:000320FC       EWebTools.GetOptionsDefault
 0001:00031C88       EWebTools.GetOptionsValue
 0001:0003162C       EWebTools.GetTagValue
 0001:00031A74       EWebTools.GetTextAreaValue
 0001:00033128       EWebTools.GetValueFromIndex
 0003:0000449C       EWebTools.HTMLChars
 0003:0000419C       EWebTools.HTMLDelimiters
 0004:00003798       EWebTools.HttpAddRequestHeaders
 0004:000037A8       EWebTools.HttpEndRequest
 0004:00003794       EWebTools.HttpOpenRequest
 0004:000037AC       EWebTools.HttpQueryInfo
 0004:0000379C       EWebTools.HttpSendRequest
 0004:000037A0       EWebTools.HttpSendRequestEx
 0001:00038140       EWebTools.HTTPUploadFiles
 0001:000324BC       EWebTools.InitLib
 0004:000037B0       EWebTools.InternetCloseHandle
 0004:00003790       EWebTools.InternetConnect
 0004:000037CC       EWebTools.InternetGetConnectedState
 0004:000037C0       EWebTools.InternetGetLastResponseInfo
 0004:0000378C       EWebTools.InternetOpen
 0004:000037C4       EWebTools.InternetOpenUrl
 0004:000037B4       EWebTools.InternetQueryOption
 0004:000037C8       EWebTools.InternetReadFile
 0004:000037B8       EWebTools.InternetSetOption
 0004:000037A4       EWebTools.InternetWriteFile
 0001:00031594       EWebTools.IsEnd
 0001:00032830       EWebTools.IsRealFile
 0003:00002A54       EWebTools.MaxBugOccurrences
 0003:00004188       EWebTools.NetLib
 0001:00037F40       EWebTools.OpenRequest
 0001:00032390       EWebTools.ParserHTML
 0003:00004198       EWebTools.PassiveMode
 0003:00004190       EWebTools.ProxyPassword
 0003:00004194       EWebTools.ProxyServer
 0003:0000418C       EWebTools.ProxyUserName
 0001:000313C8       EWebTools.PurgeHTMLCode
 0001:00031824       EWebTools.PurgeQuotes
 0001:00032BE0       EWebTools.SearchPort
 0001:00032B40       EWebTools.SearchWord
 0001:00037958       EWebTools.SendWebTrakerReport
 0001:00037A74       EWebTools.SetProxyAuthenticationData
 0001:00037A08       EWebTools.SetProxyServer
 0001:000379F0       EWebTools.SimpleCheckError
 0001:000359A4       EWebTools.THTTPBugzillaSendReport.PostBug
 0001:00034B7C       EWebTools.THTTPConnectionBase.AddBugSummary
 0001:00034404       EWebTools.THTTPConnectionBase.AddCustomFields
 0001:000344BC       EWebTools.THTTPConnectionBase.AddField
 0001:0003468C       EWebTools.THTTPConnectionBase.AddFieldByDefaultList
 0001:0003471C       EWebTools.THTTPConnectionBase.AddFieldByDefaultList2
 0001:000347B4       EWebTools.THTTPConnectionBase.AddFieldByListTitle
 0001:00034608       EWebTools.THTTPConnectionBase.AddFieldByTextArea
 0001:00034528       EWebTools.THTTPConnectionBase.AddFieldValue
 0001:000345AC       EWebTools.THTTPConnectionBase.AddOptionalField
 0001:00034C20       EWebTools.THTTPConnectionBase.AddSearchText
 0001:000335A0       EWebTools.THTTPConnectionBase.Close
 0001:000331C8       EWebTools.THTTPConnectionBase.Create
 0001:00033414       EWebTools.THTTPConnectionBase.Destroy
 0001:00034924       EWebTools.THTTPConnectionBase.GetBugCountField
 0001:00034AB0       EWebTools.THTTPConnectionBase.IsSuccessfulSend
 0001:0003346C       EWebTools.THTTPConnectionBase.Open
 0001:00033A24       EWebTools.THTTPConnectionBase.SendRequest
 0001:000343D4       EWebTools.THTTPConnectionBase.SetRequest
 0001:00036A90       EWebTools.THTTPFogBugzSendReport.PostBug
 0001:00034CAC       EWebTools.THTTPMantisSendReport.PostBug
 0001:00038B14       EWebTools.THTTPResponse.Assign
 0001:00038BF0       EWebTools.THTTPResponse.Clear
 0001:00038AD4       EWebTools.THTTPSendReport.Create
 0001:00038B10       EWebTools.THTTPSendReport.SetHTTPConnectionClass
 0001:00033054       EWebTools.URLEncode
 0003:00004628       EWebTools.ValidDomainChars
 0003:00002A58       EWebTools.WinInet_Error_Text
 0004:00006098       ExceptionLog..21
 0001:000438F0       ExceptionLog..EFrozenApplication
 0001:00043950       ExceptionLog..EMemoryLeak
 0001:000439A8       ExceptionLog..EMemoryOverrun
 0001:00043A04       ExceptionLog..EMultiFree
 0001:000440E8       ExceptionLog..TActiveXException
 0001:00043850       ExceptionLog..TEurekaFunctionsList
 0001:00043F24       ExceptionLog..TEurekaLogList
 0001:00043D78       ExceptionLog..TEurekaModuleOptionsEx
 0001:0004376C       ExceptionLog..TEurekaModulesList
 0001:000437DC       ExceptionLog..TEurekaProcessesList
 0001:000436FC       ExceptionLog..TEurekaStackList
 0001:00043B9C       ExceptionLog..TEurekaThreadsList
 0001:00043C98       ExceptionLog..TExceptionThread
 0001:00043D10       ExceptionLog..TFreezeThread
 0001:00043B20       ExceptionLog..THModuleStream
 0001:00044080       ExceptionLog..THTTPConnection
 0001:00044004       ExceptionLog..TIdThread10
 0001:00043F90       ExceptionLog..TIdThread9
 0001:00043C0C       ExceptionLog..TSafeObject
 0001:00043E04       ExceptionLog..TSendDialogThread
 0001:00043E6C       ExceptionLog..TSendObject
 0001:00043EC4       ExceptionLog..TSendThread
 0004:000061C9       ExceptionLog.AbortOperation
 0001:0005E94C       ExceptionLog.AccessViolationModuleInLongFormat
 0001:0005541C       ExceptionLog.ActicatePage
 0004:00006210       ExceptionLog.ActivateEurekaLog
 0001:000658AC       ExceptionLog.AddCallerCallStack
 0001:00059408       ExceptionLog.AddColor
 0001:00050EC0       ExceptionLog.AddCustomHeadersToLog
 0001:00050D54       ExceptionLog.AddCustomHeaderToLog
 0001:0004F99C       ExceptionLog.AddModule
 0001:0004F898       ExceptionLog.AddModuleFromFileName
 0001:0004989C       ExceptionLog.AddNewProcess
 0001:00049C6C       ExceptionLog.AddNewProcessEx
 0001:0005DBE4       ExceptionLog.AddStr
 0001:0004FA40       ExceptionLog.AddToStack
 0001:0005536C       ExceptionLog.AdjustDialog
 0001:0005280C       ExceptionLog.AdjustFlatStyle
 0001:00059FDC       ExceptionLog.AfterScreenshot
 0001:00059D00       ExceptionLog.AfterScreenshotToStream
 0001:00050238       ExceptionLog.ApplicationRestore
 0001:0004E7A4       ExceptionLog.ASMAssigned
 0001:0005E714       ExceptionLog.ASPDotNetWebSiteFile
 0001:00053DBC       ExceptionLog.AssemblerDialogProc
 0001:000451D4       ExceptionLog.AssemblerToRTF
 0001:00057920       ExceptionLog.AssignOnCloseData
 0001:000517BC       ExceptionLog.AssignPriority
 0001:0005AF44       ExceptionLog.AttachedFile
 0001:0005B1A0       ExceptionLog.AttachedFiles
 0004:0000608C       ExceptionLog.AttachedFilesRequest
 0001:00060DFC       ExceptionLog.AttrToString
 0004:00006214       ExceptionLog.AutoCloseTimer
 0001:00050BF0       ExceptionLog.AutoCloseTimerProc
 0001:0005AAD0       ExceptionLog.Base64EncodeFromFile
 0001:0005D770       ExceptionLog.BlockingSendInternetMessage
 0001:00049F04       ExceptionLog.BuildListPS
 0001:00049DC8       ExceptionLog.BuildListTH
 0001:00059564       ExceptionLog.BytesPerScanline
 0001:00058FE8       ExceptionLog.BytesSwap
 0004:0000640C       ExceptionLog.Cached_LogFile
 0001:000695BC       ExceptionLog.CalcAddr
 0001:0005901C       ExceptionLog.CalcCRC
 0001:0004C9C8       ExceptionLog.CalcDuplicatedException
 0001:0004D9B4       ExceptionLog.CallAttachedFilesRequest
 0001:0004DA24       ExceptionLog.CallAttachedFilesRequestEvents
 0001:0004DB58       ExceptionLog.CallCustomButtonClickEvent
 0001:0004DBC4       ExceptionLog.CallCustomButtonClickEvents
 0001:0004D8E4       ExceptionLog.CallCustomDataRequest
 0001:0004D954       ExceptionLog.CallCustomDataRequestEvents
 0001:0004DA88       ExceptionLog.CallCustomWebFieldsRequest
 0001:0004DAF8       ExceptionLog.CallCustomWebFieldsRequestEvents
 0001:0004D5E8       ExceptionLog.CallExceptionActionNotify
 0001:0006170C       ExceptionLog.CallExceptionActionNotify_atSavedLogFile
 0001:000616E8       ExceptionLog.CallExceptionActionNotify_atSavingLogFile
 0001:0005C540       ExceptionLog.CallExceptionActionNotify_atSendingEmail
 0001:0005C588       ExceptionLog.CallExceptionActionNotify_atSendingWebMessage
 0001:0005C564       ExceptionLog.CallExceptionActionNotify_atSentEmail
 0001:0005C5AC       ExceptionLog.CallExceptionActionNotify_atSentWebMessage
 0001:00061A88       ExceptionLog.CallExceptionActionNotify_atShowedExceptionInfo
 0001:00061A64       ExceptionLog.CallExceptionActionNotify_atShowingExceptionInfo
 0001:0005890C       ExceptionLog.CallExceptionActionNotify_atTerminating
 0001:0004D75C       ExceptionLog.CallExceptionErrorNotify
 0001:00061730       ExceptionLog.CallExceptionErrorNotify_atSavedLogFile
 0001:0005C5D0       ExceptionLog.CallExceptionErrorNotify_atSentEmail
 0001:0005C5F4       ExceptionLog.CallExceptionErrorNotify_atSentWebMessage
 0001:0004D3F0       ExceptionLog.CallExceptionNotify
 0001:0004D45C       ExceptionLog.CallExceptionNotifyEvents
 0003:00005670       ExceptionLog.CallForGetLogText
 0003:0000566C       ExceptionLog.CallFromCOMObject
 0001:0004D4C0       ExceptionLog.CallHandledExceptionNotify
 0001:0004D52C       ExceptionLog.CallHandledExceptionNotifyEvents
 0001:0004D960       ExceptionLog.CallModuleEvent_AttachedFilesRequest
 0001:0004DB04       ExceptionLog.CallModuleEvent_CustomButtonClickNotify
 0001:0004D890       ExceptionLog.CallModuleEvent_CustomDataRequest
 0001:0004DA30       ExceptionLog.CallModuleEvent_CustomWebFieldsRequest
 0001:0004D538       ExceptionLog.CallModuleEvent_ExceptionActionNotify
 0001:0004D6B0       ExceptionLog.CallModuleEvent_ExceptionErrorNotify
 0001:0004D3A0       ExceptionLog.CallModuleEvent_ExceptionNotify
 0001:0004D468       ExceptionLog.CallModuleEvent_HandledExceptionNotify
 0001:0004DBD0       ExceptionLog.CallModuleEvent_PasswordRequest
 0001:0004D824       ExceptionLog.CallPasswordRequest
 0001:0004FE80       ExceptionLog.CallStackByAddresses
 0001:000542D4       ExceptionLog.CallStackDialogProc
 0001:00061AAC       ExceptionLog.CallWriteIntraWebText
 0001:0006816C       ExceptionLog.Call_HookedExceptionObject
 0001:00067ED0       ExceptionLog.Call_HookedRaise
 0001:00068198       ExceptionLog.Call_HookedRtlUnwind
 0001:00058B74       ExceptionLog.CalsCoordinates
 0004:000061CA       ExceptionLog.CanAttachScreenshot
 0004:000061C5       ExceptionLog.CanAttachScreenshot_Show
 0004:000061CB       ExceptionLog.CanCopy
 0004:000061C6       ExceptionLog.CanCopy_Show
 0001:0004E588       ExceptionLog.CanExit
 0004:0000618D       ExceptionLog.CanHookLibraries
 0003:00005B70       ExceptionLog.CannotProcessMessagesExceptions
 0003:00005BBC       ExceptionLog.CannotShowDialog
 0004:00006390       ExceptionLog.CannotUseThread
 0001:00065924       ExceptionLog.CanPauseThisThread
 0004:000061C4       ExceptionLog.CanSendError_Show
 0004:000061C8       ExceptionLog.CanSendMessage
 0001:00069480       ExceptionLog.CanShowHandledExceptionEx
 0004:000061C7       ExceptionLog.CanSupport_Show
 0004:0000643C       ExceptionLog.CaptionFontName
 0004:00006678       ExceptionLog.CAPTION_HEIGHT
 0001:0005224C       ExceptionLog.CenterOnActiveWndMonitor
 0001:00050B74       ExceptionLog.CenterWindow
 0004:00006148       ExceptionLog.CGIHandleException
 0004:000060F4       ExceptionLog.CGIOutputFile
 0001:0006B614       ExceptionLog.ChangeFinalizationOrder
 0001:00057894       ExceptionLog.ChangeLogUserEmail
 0001:0006BF10       ExceptionLog.CheckCrc32
 0001:0006B304       ExceptionLog.CheckForMemoryLeaks
 0001:0004B59C       ExceptionLog.CheckForResult
 0001:000441C8       ExceptionLog.CheckMagicCode
 0001:0004810C       ExceptionLog.ClearInternalError
 0004:000065E1       ExceptionLog.ClickLinkActive
 0001:000465F8       ExceptionLog.CloneObject
 0001:0004C9AC       ExceptionLog.CloseLogFile
 0001:0005AE58       ExceptionLog.CloseSendDialog
 0004:00006150       ExceptionLog.CLXHandleException
 0004:00006154       ExceptionLog.CLXShowException
 0003:00005BE4       ExceptionLog.ColIdx
 0004:00006614       ExceptionLog.ColWidths
 0001:00059C44       ExceptionLog.CommonSaveToStream
 0001:0004EA7C       ExceptionLog.CompareEurekaFunctions
 0001:00049364       ExceptionLog.CompareModulesFunctions
 0001:000496F0       ExceptionLog.CompareProcessesFunctions
 0001:0005FBA4       ExceptionLog.CompleteIP
 0001:00044798       ExceptionLog.CompleteStr
 0001:00060E50       ExceptionLog.CompleteString
 0001:000460B4       ExceptionLog.ComputerName
 0001:0004DEC4       ExceptionLog.CopyStrings
 0001:00055140       ExceptionLog.CPUDialogProc
 0001:00045570       ExceptionLog.CPUToRTF
 0001:00059788       ExceptionLog.Create8bitBitmap
 0001:00050808       ExceptionLog.CreateDialogFonts
 0001:00051A74       ExceptionLog.CreateExceptionReport
 0001:00061AB8       ExceptionLog.CreateGeneralText
 0001:0004A954       ExceptionLog.CreateHTMLByLayout
 0001:0004CFCC       ExceptionLog.CreateHTMLFile
 0001:00051DC0       ExceptionLog.CreateLeakReport
 0001:00062C94       ExceptionLog.CreateLogText
 0001:000593A4       ExceptionLog.CreateOctreeNode
 0001:0004AD2C       ExceptionLog.CreateTemplateFile
 0001:00051F60       ExceptionLog.CreateThreadStr
 0001:0005C038       ExceptionLog.CreateTmpLogFile
 0001:00046C38       ExceptionLog.CreateVirtualFile
 0001:0004D098       ExceptionLog.CreateXMLLogCopy
 0001:0005C618       ExceptionLog.CreateZIPFile
 0001:0006A98C       ExceptionLog.Create_EurekaLogUnitsList
 0003:00005B94       ExceptionLog.CriticalExceptObject
 0004:0000617C       ExceptionLog.CurrentAsmErrorLine
 0004:00006184       ExceptionLog.CurrentAsmErrorText
 0005:00000060       ExceptionLog.CurrentContext
 0004:00006188       ExceptionLog.CurrentCPUErrorText
 0004:00006218       ExceptionLog.CurrentDialog
 0001:00069630       ExceptionLog.CurrentEurekaLogOptions
 0005:0000012C       ExceptionLog.CurrentExceptionRecord
 0004:00006180       ExceptionLog.CurrentGeneralErrorText
 0004:000060F0       ExceptionLog.CurrentOptions
 0004:00006230       ExceptionLog.CurrentProcessWindowsList
 0003:00005B80       ExceptionLog.CurrentStackList
 0005:00000054       ExceptionLog.CurrentStackPointer
 0004:00006094       ExceptionLog.CustomButtonClickNotify
 0004:00006088       ExceptionLog.CustomDataRequest
 0004:000061B4       ExceptionLog.CustomExceptMessage
 0001:0006B398       ExceptionLog.CustomHandler
 0004:00006090       ExceptionLog.CustomWebFieldsRequest
 0004:0000622C       ExceptionLog.DbgSection
 0004:0000636C       ExceptionLog.DebugHook_Assigned
 0001:0005DC34       ExceptionLog.DebugToStr
 0001:0005C784       ExceptionLog.DeleteExtraFiles
 0001:000492E8       ExceptionLog.DeleteFileEx
 0001:000592B0       ExceptionLog.DeleteTree
 0001:00046DA4       ExceptionLog.DeleteVirtualFile
 0001:00050A50       ExceptionLog.DestroyDialogFonts
 0004:00006654       ExceptionLog.DetailsActive
 0001:0005284C       ExceptionLog.DetailsState
 0004:00006660       ExceptionLog.DialogHeight
 0004:0000637C       ExceptionLog.DialogType
 0001:0004AD08       ExceptionLog.DirectoryExists
 0001:000504B0       ExceptionLog.DlgTemplate
 0001:0006C834       ExceptionLog.Done
 0001:0006A660       ExceptionLog.DoneCheckFreeze
 0004:00006144       ExceptionLog.DoneExcept
 0001:0006B5C8       ExceptionLog.DoneExceptAddr
 0001:0005E76C       ExceptionLog.DotNetHostedFileHandle
 0001:0005E720       ExceptionLog.DotNetMainFile
 0003:00005BA4       ExceptionLog.DotNetMetadataFile
 0003:00005BC4       ExceptionLog.Dots
 0001:000577E8       ExceptionLog.DrawButton
 0001:00057674       ExceptionLog.DrawClickHere
 0001:000575EC       ExceptionLog.DrawControl
 0001:000556FC       ExceptionLog.DrawSupportLink
 0004:000061CC       ExceptionLog.DuplicatedException
 0001:000591D4       ExceptionLog.Encode
 0001:0005C19C       ExceptionLog.EncodeURL
 0001:00048624       ExceptionLog.EnumWindowsProc
 0001:000483B4       ExceptionLog.EnumWindowsProc
 0001:00048458       ExceptionLog.EnumWindowsProc
 0001:00048510       ExceptionLog.EnumWindowsProc
 0001:0005A0A8       ExceptionLog.Error
 0004:000061E8       ExceptionLog.EurekaLogList
 0001:0005AA28       ExceptionLog.EurekaLogSendEmail
 0003:00005678       ExceptionLog.EurekaLogUnits
 0004:0000620C       ExceptionLog.EurekaLogUnitsList
 0001:0004E398       ExceptionLog.EurekaLog_AttachedFilesRequestEvent
 0001:00068850       ExceptionLog.EurekaLog_CallCreateThread
 0001:00067FE0       ExceptionLog.EurekaLog_CallExceptObject
 0001:00068988       ExceptionLog.EurekaLog_CallExitThread
 0001:00067E5C       ExceptionLog.EurekaLog_CallGeneralRaise
 0001:000688E4       ExceptionLog.EurekaLog_CallResumeThread
 0001:0004E4E0       ExceptionLog.EurekaLog_CustomButtonClickEvent
 0001:0004E2F4       ExceptionLog.EurekaLog_CustomDataRequestEventEx
 0001:0004E43C       ExceptionLog.EurekaLog_CustomWebFieldsRequestEvent
 0001:0004E1AC       ExceptionLog.EurekaLog_ExceptionActionNotifyEvent
 0001:0004E250       ExceptionLog.EurekaLog_ExceptionErrorNotifyEvent
 0001:0004E05C       ExceptionLog.EurekaLog_ExceptionNotifyEvent
 0001:0004E104       ExceptionLog.EurekaLog_HandledExceptionNotifyEvent
 0001:00068848       ExceptionLog.EurekaLog_LastDelphiException
 0001:0004DF48       ExceptionLog.EurekaLog_PasswordRequestEvent
 0001:0004DF8C       ExceptionLog.EurekaLog_PasswordRequestEventEx
 0004:0000607C       ExceptionLog.ExceptionActionNotify
 0004:000060C4       ExceptionLog.ExceptionCriticalSection
 0004:00006080       ExceptionLog.ExceptionErrorNotify
 0001:000476C0       ExceptionLog.ExceptionLine
 0002:0000035C       ExceptionLog.ExceptionLog
 0001:00069950       ExceptionLog.ExceptionManager
 0004:00006074       ExceptionLog.ExceptionNotify
 0004:000060FC       ExceptionLog.ExceptionNumber
 0004:00006220       ExceptionLog.ExceptionsTime
 0004:00006224       ExceptionLog.ExceptionTime
 0001:0004B2BC       ExceptionLog.ExceptionTypeByAddr
 0001:000674F0       ExceptionLog.ExceptNotify
 0001:0005DA58       ExceptionLog.ExceptNotifyAfter1
 0001:0005DB58       ExceptionLog.ExceptNotifyAfter2
 0001:0005DB6C       ExceptionLog.ExceptNotifyAfter3
 0001:0004EB2C       ExceptionLog.ExportedFunctions
 0001:0004C540       ExceptionLog.ExtractDebugData
 0001:00069E24       ExceptionLog.ExtractGZipStream
 0001:0004C05C       ExceptionLog.ExtractStr
 0001:000518A4       ExceptionLog.ExtractThreadByList
 0004:00006418       ExceptionLog.fActive
 0003:00005BB8       ExceptionLog.fActivePage
 0004:00006434       ExceptionLog.fBigFont
 0004:0000641C       ExceptionLog.fCaptionFont
 0004:00006410       ExceptionLog.fDlgBack
 0001:000611CC       ExceptionLog.FetchStr
 0004:00006424       ExceptionLog.fFixedFont1
 0004:00006428       ExceptionLog.fFixedFont2
 0001:0004D224       ExceptionLog.FillAttachedList
 0001:000497AC       ExceptionLog.FillThreadsCount
 0001:0006CAE0       ExceptionLog.Finalization
 0001:0005BFA8       ExceptionLog.FindEOFLine
 0001:00061A08       ExceptionLog.FindException
 0001:00049A54       ExceptionLog.FindFullPath
 0001:0004C478       ExceptionLog.FindFunction
 0001:000441DC       ExceptionLog.FindHandled
 0001:0006BE4C       ExceptionLog.FindMainInstance
 0001:00048A98       ExceptionLog.FindModuleType
 0001:000496F8       ExceptionLog.FindProcess
 0001:00044194       ExceptionLog.FirstProc
 0004:00006440       ExceptionLog.FixedFontName1
 0004:00006444       ExceptionLog.FixedFontName2
 0004:00006438       ExceptionLog.FixedFontSize
 0004:0000667C       ExceptionLog.FixedTmpOptionsFile
 0004:0000642C       ExceptionLog.fLinkFont
 0004:00006430       ExceptionLog.fLinkFont2
 0004:000065BC       ExceptionLog.fListViewItems
 0004:00006414       ExceptionLog.fMemoBack
 0004:0000659C       ExceptionLog.fMonitor
 0004:000065A4       ExceptionLog.fMonitorInfo
 0001:0006989C       ExceptionLog.ForceApplicationTermination
 0001:0006161C       ExceptionLog.FormatComplete
 0001:0004662C       ExceptionLog.FreeClonedObject
 0001:00047368       ExceptionLog.FreeOutOfMemoryCache
 0001:0005A06C       ExceptionLog.FreeScreenshot
 0004:00006190       ExceptionLog.FreezeThread
 0004:000065A0       ExceptionLog.fSendBmp
 0004:00006420       ExceptionLog.fVariableFont
 0001:00054F38       ExceptionLog.GeneralDialogProc
 0001:00067C3C       ExceptionLog.GeneralRaise
 0001:00044D54       ExceptionLog.GeneralToRTF
 0001:0005D15C       ExceptionLog.GenerateCustomWebFieldsString
 0001:0004ABE4       ExceptionLog.GenerateHTML
 0001:0005EFD8       ExceptionLog.GetActiveControlClass
 0001:0005EFF0       ExceptionLog.GetActiveControlText
 0001:0005EEF8       ExceptionLog.GetActiveFormClass
 0001:0005EF44       ExceptionLog.GetActiveFormText
 0001:00051FC8       ExceptionLog.GetActiveMonitorData
 0001:0005FCEC       ExceptionLog.GetAdapterInfo
 0001:00049778       ExceptionLog.GetAllocatedMemory
 0001:0004C458       ExceptionLog.GetAndSetFunctionSize
 0001:0005F854       ExceptionLog.GetApplicationName
 0001:00048588       ExceptionLog.GetApplicationRect
 0001:0005EED8       ExceptionLog.GetApplicationUpTime
 0001:000502AC       ExceptionLog.GetBaseOfStack
 0001:00057760       ExceptionLog.GetBottonWidth
 0001:00050184       ExceptionLog.GetCallStackByAddresses
 0001:000473A8       ExceptionLog.GetCallStackDump
 0001:00061074       ExceptionLog.GetCompanyName
 0001:0005EE78       ExceptionLog.GetCompilationDate
 0001:00044824       ExceptionLog.GetCompleteTimeStr
 0001:00066F5C       ExceptionLog.GetControlClass
 0001:00066FB8       ExceptionLog.GetControlText
 0001:00061344       ExceptionLog.GetCurrentPrinterHandle
 0001:00069948       ExceptionLog.GetCurrentStackPointer
 0001:000502B4       ExceptionLog.GetCurrentStackPointer
 0001:0004664C       ExceptionLog.GetCurrentTopOfStack
 0001:00060E94       ExceptionLog.GetCurrentUserPrivileges
 0001:0004F9FC       ExceptionLog.GetDebugDetail
 0001:0005DCD4       ExceptionLog.GetDebugInfoEx
 0001:0004C838       ExceptionLog.GetDebugInfosByAddr
 0001:0004C238       ExceptionLog.GetDebugPartialInfo
 0001:00061260       ExceptionLog.GetDefaultPrinter
 0001:00055348       ExceptionLog.GetDialogState
 0001:0005F608       ExceptionLog.GetDiskInfo
 0001:00060DA4       ExceptionLog.GetDisplayDPI
 0001:0005FB04       ExceptionLog.GetDisplayMode
 0001:00062968       ExceptionLog.GetDump
 0001:000626A8       ExceptionLog.GetEAX
 0001:00062700       ExceptionLog.GetEBX
 0001:00062758       ExceptionLog.GetECX
 0001:00062860       ExceptionLog.GetEDI
 0001:0005130C       ExceptionLog.GetEditText
 0001:000627B0       ExceptionLog.GetEDX
 0001:0004E79C       ExceptionLog.GetEF
 0001:00062910       ExceptionLog.GetEIP
 0001:00062BE8       ExceptionLog.GetEmptySection
 0001:00062808       ExceptionLog.GetESI
 0001:000628B8       ExceptionLog.GetESP
 0001:00047398       ExceptionLog.GetESP
 0001:0004F038       ExceptionLog.GetEurekaLogModuleVersion
 0001:0005F1FC       ExceptionLog.GetExceptionAddress
 0001:0005F1E4       ExceptionLog.GetExceptionDate
 0001:0005EC18       ExceptionLog.GetExceptionMessage
 0001:0005F230       ExceptionLog.GetExceptionModuleName
 0001:0005F314       ExceptionLog.GetExceptionModuleVersion
 0001:0005F398       ExceptionLog.GetExceptionType
 0001:000503C0       ExceptionLog.GetExceptMessage
 0001:000492B4       ExceptionLog.GetFileSize
 0001:0006022C       ExceptionLog.GetFileVersionEx
 0001:0005F6FC       ExceptionLog.GetFreeDisk
 0001:0005F588       ExceptionLog.GetFreeMemory
 0001:0005DFA4       ExceptionLog.GetFunctionAsm
 0001:00060428       ExceptionLog.GetIndexKeyName
 0001:00061200       ExceptionLog.GetIniDefPrinter
 0001:00067914       ExceptionLog.GetIntraWebExceptionType
 0001:00054288       ExceptionLog.GetItemText
 0001:0005F198       ExceptionLog.GetLanguageString
 0001:0005F05C       ExceptionLog.GetLocaleDataA
 0001:0005F01C       ExceptionLog.GetLocaleDataW
 0001:000483EC       ExceptionLog.GetMainWindow
 0001:0005F43C       ExceptionLog.GetMemInfo
 0001:00048E7C       ExceptionLog.GetModuleDescriptionAndVersion
 0001:00048C5C       ExceptionLog.GetModulePath
 0001:00048D4C       ExceptionLog.GetModuleSize
 0001:00049660       ExceptionLog.GetModulesList
 0001:000494D0       ExceptionLog.GetModulesWin9X
 0001:0004936C       ExceptionLog.GetModulesWinNT
 0001:00048DDC       ExceptionLog.GetModuleVer
 0001:0004D34C       ExceptionLog.GetModule_ProcedureEvent
 0001:00052228       ExceptionLog.GetMonitorWorkAreaFromActiveWnd
 0001:00052204       ExceptionLog.GetMonitorWorkAreaFromWnd
 0001:0005211C       ExceptionLog.GetMonitorWorkAreaFromWndEx
 0001:000600A8       ExceptionLog.GetNetworkData
 0001:00059718       ExceptionLog.GetOptimizedPalette
 0001:00046080       ExceptionLog.GetOSBuild
 0001:0005F1CC       ExceptionLog.GetOSCharset
 0001:0005F1C0       ExceptionLog.GetOSLanguage
 0001:00045C60       ExceptionLog.GetOSType
 0001:0005F008       ExceptionLog.GetOSUpdate
 0001:0004734C       ExceptionLog.GetOutOfMemoryCache
 0001:000592EC       ExceptionLog.GetPaletteColors
 0001:0005EDD0       ExceptionLog.GetParameters
 0001:0004A130       ExceptionLog.GetParentProcessID
 0001:00051374       ExceptionLog.GetParentWnd
 0001:0004F388       ExceptionLog.GetPassword
 0001:000613C0       ExceptionLog.GetPrinterStr
 0001:00049F64       ExceptionLog.GetProcessesList
 0001:0005F924       ExceptionLog.GetProcessor
 0001:00049228       ExceptionLog.GetProcessThreads
 0001:0004CB1C       ExceptionLog.GetRealFileName
 0001:0004B3B0       ExceptionLog.GetResourceData
 0001:0004B6F4       ExceptionLog.GetSourceInfoByAddr
 0001:00062B48       ExceptionLog.GetStack
 0001:0005F83C       ExceptionLog.GetStartDate
 0001:0004BEE8       ExceptionLog.GetSymbolAddr
 0001:0005FAC8       ExceptionLog.GetSystemUpTime
 0001:00051090       ExceptionLog.GetTextHeight
 0001:00051284       ExceptionLog.GetTextWidth
 0001:0005193C       ExceptionLog.GetThreadData
 0001:0006789C       ExceptionLog.GetThreadParams
 0001:000473A0       ExceptionLog.GetTopOfStack
 0001:0005F79C       ExceptionLog.GetTotalDisk
 0001:0005F508       ExceptionLog.GetTotalMemory
 0001:00061060       ExceptionLog.GetUserEmail
 0001:0006A38C       ExceptionLog.GetValidMainWindow
 0001:00049260       ExceptionLog.GetVersionNumber
 0001:00060604       ExceptionLog.GetVideoCardStr
 0001:00048258       ExceptionLog.GetWindowClassName
 0001:0004840C       ExceptionLog.GetWindowName
 0004:00006A7C       ExceptionLog.GlobalSendValues
 0004:000063F4       ExceptionLog.Global_AttachedFiles
 0004:0000639B       ExceptionLog.Global_CloseDialog
 0004:000063E8       ExceptionLog.Global_CurrentEvent
 0004:000063FC       ExceptionLog.Global_DataFields
 0004:000063C0       ExceptionLog.Global_ExceptionRecord
 0004:00006398       ExceptionLog.Global_Execute
 0004:00006399       ExceptionLog.Global_Handled
 0003:00005BB0       ExceptionLog.Global_IntoHandleException
 0004:00006404       ExceptionLog.Global_IntraWebText
 0004:000063F0       ExceptionLog.Global_LastInitPassword
 0004:00006400       ExceptionLog.Global_Module
 0004:000063EC       ExceptionLog.Global_Password
 0004:0000639A       ExceptionLog.Global_Retry
 0004:000063F8       ExceptionLog.Global_WebFields
 0004:00006408       ExceptionLog.Global_WebTextID
 0001:00067AE4       ExceptionLog.GoNotify
 0001:0006B4C4       ExceptionLog.HandleAnyExceptionAddr
 0004:00006100       ExceptionLog.HandleAnyExceptionAddr_Variable
 0001:0006B568       ExceptionLog.HandleAutoExceptionAddr
 0004:00006108       ExceptionLog.HandleAutoExceptionAddr_Variable
 0004:00006264       ExceptionLog.HandledCache
 0004:00006260       ExceptionLog.HandledCacheCount
 0004:00006354       ExceptionLog.HandledCacheCriticalSection
 0004:00006078       ExceptionLog.HandledExceptionNotify
 0001:0006B510       ExceptionLog.HandleOnExceptionAddr
 0004:00006104       ExceptionLog.HandleOnExceptionAddr_Variable
 0001:0004821C       ExceptionLog.HasWindowASize
 0001:0004E700       ExceptionLog.HookBPLProcedureByAddr
 0001:0004E774       ExceptionLog.HookBPLProcedureBySymbol
 0001:000689A8       ExceptionLog.HookedCreateThread
 0001:00068174       ExceptionLog.HookedExceptionObject
 0001:00068304       ExceptionLog.HookedExceptProc
 0001:00068E20       ExceptionLog.HookedExitThread
 0001:00068F10       ExceptionLog.HookedHttpExtensionProc
 0001:00067FC0       ExceptionLog.HookedRaise
 0001:00068C04       ExceptionLog.HookedResumeThread
 0001:000685E8       ExceptionLog.HookedRTLThreadProc
 0001:0006824C       ExceptionLog.HookedRtlUnwind
 0001:00068490       ExceptionLog.HookedThreadExecute
 0001:00068718       ExceptionLog.HookedThreadProc
 0001:00068EDC       ExceptionLog.HookedWriteClientProc
 0001:00068274       ExceptionLog.HookedWriteFile
 0001:00069AD8       ExceptionLog.Hooked_CGIHandleServerException
 0001:00069BEC       ExceptionLog.Hooked_CLXHandleException
 0001:00069C1C       ExceptionLog.Hooked_CLXShowException
 0001:0006A2C4       ExceptionLog.Hooked_DoneExcept
 0001:0006A294       ExceptionLog.Hooked_IndyThreadHandleException
 0001:00069C70       ExceptionLog.Hooked_IntraWebCreateServer
 0001:00069F70       ExceptionLog.Hooked_IntraWebSendResponse
 0001:00069B08       ExceptionLog.Hooked_ISAPIHandleServerException
 0001:0006A1E0       ExceptionLog.Hooked_NTServiceLogMessage
 0001:00069B38       ExceptionLog.Hooked_VCLHandleException
 0001:00069BAC       ExceptionLog.Hooked_VCLShowException
 0001:0006BE1C       ExceptionLog.HookingModuleName
 0001:0006BE40       ExceptionLog.HookingRTLModuleName
 0001:0006B7C0       ExceptionLog.HookLastFInit
 0001:0006B738       ExceptionLog.HookLastInit
 0001:0004E668       ExceptionLog.HookSymbolProcedure
[...]
 16035 0001:00069439 16037 0001:0006944F 16038 0001:00069459 16040 0001:0006945A
 16033 0001:0006945B 16043 0001:0006946C 16045 0001:0006947C 16048 0001:00069480
 16049 0001:00069496 16053 0001:00069504 16060 0001:00069530 16061 0001:00069534
 16062 0001:0006953D 16061 0001:00069546 16063 0001:00069549 16064 0001:00069550
 16070 0001:00069554 16071 0001:0006955A 16073 0001:00069563 16074 0001:0006956E
 16075 0001:00069577 16078 0001:0006957C 16079 0001:00069587 16080 0001:0006958E
 16081 0001:0006959A 16084 0001:000695A8 16085 0001:000695AE 16086 0001:000695B7
 16095 0001:000695BC 16096 0001:000695BF 16097 0001:000695DD 16099 0001:000695E0
 16101 0001:000695F8 16103 0001:000695FD 16104 0001:000695FE 16105 0001:00069601
 16107 0001:00069604 16108 0001:0006960B 16114 0001:00069628 16115 0001:0006962F
 16126 0001:00069630 16127 0001:0006964C 16128 0001:00069697 16129 0001:0006969C
 16130 0001:000696A3 16131 0001:000696E9 16132 0001:000696EC 16162 0001:00069810
 16163 0001:00069813 16165 0001:00069821 16166 0001:0006982C 16167 0001:00069839
 16169 0001:00069850 16173 0001:00069854 16174 0001:0006985B 16176 0001:0006985D
 16177 0001:0006985E 16178 0001:0006985F 16179 0001:00069861 16180 0001:00069864
 16181 0001:00069869 16182 0001:0006986A 16183 0001:0006986B 16184 0001:00069870
 16185 0001:00069872 16186 0001:00069873 16187 0001:00069874 16188 0001:00069876
 16189 0001:00069878 16190 0001:0006987A 16191 0001:0006987C 16192 0001:0006987E
 16193 0001:00069884 16194 0001:00069886 16195 0001:00069888 16196 0001:0006988A
 16197 0001:0006988F 16198 0001:00069894 16201 0001:00069895 16204 0001:0006989A
 16370 0001:0006989C 16371 0001:000698A1 16372 0001:000698A8 16374 0001:000698AC
 16375 0001:000698B3 16376 0001:000698BC 16378 0001:000698CC 16380 0001:000698DA
 16538 0001:000698E0 16539 0001:000698E7 16540 0001:000698F1 16541 0001:000698FF
 16543 0001:0006991D 16545 0001:0006992F 16566 0001:00069938 16567 0001:0006993D
 16571 0001:00069940 16572 0001:00069947 16600 0001:00069948 16601 0001:0006994A
 16602 0001:0006994D 16604 0001:00069950 16605 0001:0006995E 16607 0001:00069962
 16608 0001:0006996C 16609 0001:0006997A 16611 0001:00069983 16612 0001:00069997
 16614 0001:0006999B 16615 0001:000699AE 16619 0001:000699B8 16626 0001:000699F4
 16628 0001:000699FF 16629 0001:00069A05 16631 0001:00069A0B 16633 0001:00069A2D
 16635 0001:00069A41 16637 0001:00069A4C 16641 0001:00069A83 16643 0001:00069A95
 16669 0001:00069AD8 16670 0001:00069ADE 16671 0001:00069AFB 16672 0001:00069B05
 16677 0001:00069B08 16678 0001:00069B0E 16679 0001:00069B2B 16680 0001:00069B35
 16686 0001:00069B38 16687 0001:00069B41 16690 0001:00069B67 16691 0001:00069B71
 16692 0001:00069B7F 16694 0001:00069B96 16697 0001:00069BA5 16700 0001:00069BAC
 16701 0001:00069BB2 16703 0001:00069BDE 16704 0001:00069BE8 16709 0001:00069BEC
 16710 0001:00069BF2 16711 0001:00069C0F 16712 0001:00069C19 16715 0001:00069C1C
 16716 0001:00069C22 16718 0001:00069C39 16719 0001:00069C53 16721 0001:00069C60
 16722 0001:00069C6A 16731 0001:00069C70 16732 0001:00069C85 16733 0001:00069C8D
 16735 0001:00069C93 16736 0001:00069CAB 16738 0001:00069CAF 16739 0001:00069CC0
 16742 0001:00069CD8 16743 0001:00069CF0 16744 0001:00069CF4 16746 0001:00069D12
 16747 0001:00069D21 16748 0001:00069D36 16749 0001:00069D3B 16760 0001:00069DA4
 16761 0001:00069DB8 16763 0001:00069DED 16777 0001:00069E24 16778 0001:00069E44
 16779 0001:00069E53 16781 0001:00069E59 16782 0001:00069E67 16784 0001:00069E80
 16785 0001:00069E9A 16786 0001:00069EA5 16787 0001:00069EB3 16788 0001:00069EC8
 16789 0001:00069ED0 16791 0001:00069EDC 16792 0001:00069EEE 16793 0001:00069EFC
 16795 0001:00069F17 16798 0001:00069F37 16800 0001:00069F4A 16802 0001:00069F70
 16803 0001:00069F90 16805 0001:00069F9F 16806 0001:00069FAE 16807 0001:00069FBC
 16808 0001:00069FCA 16809 0001:00069FD8 16810 0001:00069FE7 16811 0001:00069FFF
 16812 0001:0006A016 16815 0001:0006A034 16816 0001:0006A05E 16818 0001:0006A06B
 16819 0001:0006A07A 16820 0001:0006A088 16821 0001:0006A0A8 16822 0001:0006A0B4
 16823 0001:0006A0C3 16824 0001:0006A0D1 16825 0001:0006A0DC 16826 0001:0006A0E8
 16827 0001:0006A0F9 16829 0001:0006A121 16832 0001:0006A13E 16835 0001:0006A14E
 16838 0001:0006A168 16841 0001:0006A18E 16844 0001:0006A19E 16845 0001:0006A1A7
 16853 0001:0006A1E0 16854 0001:0006A203 16857 0001:0006A224 16858 0001:0006A228
 16861 0001:0006A23F 16862 0001:0006A258 16864 0001:0006A26D 16869 0001:0006A294
 16870 0001:0006A29A 16871 0001:0006A2B4 16872 0001:0006A2BE 16878 0001:0006A2C4
 16879 0001:0006A2CB 16881 0001:0006A2CD 16882 0001:0006A2D2 16883 0001:0006A2D4
 16885 0001:0006A2D6 16886 0001:0006A2DA 16887 0001:0006A2DF 16888 0001:0006A2E1
 16890 0001:0006A2E3 16891 0001:0006A2E8 16892 0001:0006A2EE 16893 0001:0006A2EF
 16894 0001:0006A2F5 16895 0001:0006A2F7 16896 0001:0006A2F9 16897 0001:0006A2FB
 16898 0001:0006A301 16899 0001:0006A303 16900 0001:0006A305 16901 0001:0006A307
 16902 0001:0006A30C 16903 0001:0006A30E 16904 0001:0006A313 16905 0001:0006A315
 16906 0001:0006A316 16907 0001:0006A31B 16908 0001:0006A31C 16911 0001:0006A321
 16912 0001:0006A327 16917 0001:0006A328 16918 0001:0006A33A 16919 0001:0006A345
 16934 0001:0006A360 16935 0001:0006A36A 16938 0001:0006A36E 16939 0001:0006A374
 16936 0001:0006A375 16941 0001:0006A385 16944 0001:0006A38C 16946 0001:0006A393
 16947 0001:0006A39F 16948 0001:0006A3A9 16949 0001:0006A3B9 16951 0001:0006A3C0
 16953 0001:0006A3E4 16956 0001:0006A3E6 16959 0001:0006A3F4 16961 0001:0006A40D
 16964 0001:0006A416 16965 0001:0006A427 16967 0001:0006A429 16968 0001:0006A442
 16969 0001:0006A461 16971 0001:0006A469 16972 0001:0006A474 16973 0001:0006A480
 16974 0001:0006A48E 16975 0001:0006A4A0 16976 0001:0006A4AA 16979 0001:0006A4D8
 16981 0001:0006A4FF 16984 0001:0006A50D 16986 0001:0006A548 16990 0001:0006A565
 16991 0001:0006A570 16994 0001:0006A584 16995 0001:0006A591 17000 0001:0006A5B8
 17001 0001:0006A5BB 17004 0001:0006A5D6 17005 0001:0006A5DD 17006 0001:0006A5EB
 17007 0001:0006A608 17009 0001:0006A60F 17010 0001:0006A620 17011 0001:0006A629
 17012 0001:0006A635 17014 0001:0006A64C 17016 0001:0006A65B 17020 0001:0006A660
 17022 0001:0006A672 17023 0001:0006A67C 17024 0001:0006A68A 17026 0001:0006A69C
 17027 0001:0006A6AC 17028 0001:0006A6B6 17029 0001:0006A6BD 17036 0001:0006A6C0
 17037 0001:0006A6C6 17039 0001:0006A6CF 17041 0001:0006A6D7 17042 0001:0006A6E0
 17043 0001:0006A6EA 17045 0001:0006A6F1 17049 0001:0006A6F9 17050 0001:0006A702
 17053 0001:0006A708 17054 0001:0006A70E 17056 0001:0006A717 17058 0001:0006A71C
 17059 0001:0006A725 17060 0001:0006A732 17062 0001:0006A739 17066 0001:0006A741
 17067 0001:0006A74A 17071 0001:0006A750 17072 0001:0006A755 17076 0001:0006A758
 17077 0001:0006A75D 17086 0001:0006A760 17087 0001:0006A784 17090 0001:0006A7BF
 17091 0001:0006A7D6 17092 0001:0006A7DD 17096 0001:0006A7EC 17097 0001:0006A803
 17101 0001:0006A812 17102 0001:0006A829 17106 0001:0006A838 17107 0001:0006A84F
 17111 0001:0006A85E 17112 0001:0006A875 17116 0001:0006A884 17117 0001:0006A89B
 17121 0001:0006A8AA 17122 0001:0006A8C1 17123 0001:0006A8DE 17127 0001:0006A8E5
 17128 0001:0006A8FC 17132 0001:0006A908 17133 0001:0006A91F 17137 0001:0006A92B
 17138 0001:0006A942 17141 0001:0006A94C 17244 0001:0006A98C 17245 0001:0006A9A7
 17246 0001:0006A9B5 17247 0001:0006A9BE 17249 0001:0006A9C8 17250 0001:0006A9DC
 17247 0001:0006A9DF 17251 0001:0006A9E2 17264 0001:0006AA08 17265 0001:0006AA20
 17286 0001:0006AA2D 17287 0001:0006AA3B 17288 0001:0006AA42 17289 0001:0006AA49
 17291 0001:0006AA55 17292 0001:0006AA5C 17294 0001:0006AA6D 17295 0001:0006AA86
 17296 0001:0006AA8F 17298 0001:0006AA97 17301 0001:0006AAA8 17302 0001:0006AAB4
 17304 0001:0006AAD2 17306 0001:0006AAE5 17307 0001:0006AAF6 17308 0001:0006AB09
 17309 0001:0006AB1C 17310 0001:0006AB2D 17311 0001:0006AB37 17312 0001:0006AB41
 17313 0001:0006AB4B 17314 0001:0006AB55 17315 0001:0006AB64 17316 0001:0006AB6B
 17318 0001:0006AB8D 17320 0001:0006AB9B 17321 0001:0006ABA4 17322 0001:0006ABAC
 17324 0001:0006ABB4 17325 0001:0006ABC5 17326 0001:0006ABD6 17327 0001:0006ABE7
 17328 0001:0006ABEC 17329 0001:0006ABFD 17330 0001:0006AC0E 17331 0001:0006AC1F
 17333 0001:0006AC33 17335 0001:0006AC42 17343 0001:0006AC88 17344 0001:0006ACAF
 17346 0001:0006ACBC 17347 0001:0006ACC0 17348 0001:0006ACCE 17350 0001:0006ACD6
 17351 0001:0006ACE2 17352 0001:0006ACF5 17355 0001:0006AD10 17357 0001:0006AD16
 17358 0001:0006AD1A 17360 0001:0006AD1E 17361 0001:0006AD2A 17364 0001:0006AD37
 17365 0001:0006AD3B 17366 0001:0006AD5E 17367 0001:0006AD64 17368 0001:0006AD6A
 17370 0001:0006AD76 17348 0001:0006AD7A 17372 0001:0006AD83 17373 0001:0006AD8C
 17374 0001:0006AD95 17376 0001:0006ADB1 17378 0001:0006ADD5 17380 0001:0006ADE4
 17388 0001:0006AE0C 17389 0001:0006AE2E 17391 0001:0006AE3B 17393 0001:0006AE57
 17397 0001:0006AE65 17399 0001:0006AE6C 17402 0001:0006AE8C 17406 0001:0006AF09
 17408 0001:0006AF17 17410 0001:0006AF4E 17413 0001:0006AF6D 17418 0001:0006AF7E
 17419 0001:0006AF88 17422 0001:0006AF8F 17423 0001:0006AF9D 17424 0001:0006AFA4
 17425 0001:0006AFAE 17426 0001:0006AFB5 17427 0001:0006AFBF 17428 0001:0006AFC6
 17429 0001:0006AFD0 17430 0001:0006AFD7 17431 0001:0006AFE1 17432 0001:0006AFEB
 17433 0001:0006AFF5 17434 0001:0006AFFF 17435 0001:0006B009 17436 0001:0006B010
 17437 0001:0006B01A 17438 0001:0006B021 17439 0001:0006B02B 17440 0001:0006B032
 17441 0001:0006B03C 17442 0001:0006B043 17443 0001:0006B04D 17444 0001:0006B054
 17445 0001:0006B05E 17446 0001:0006B065 17447 0001:0006B06F 17448 0001:0006B076
 17449 0001:0006B080 17450 0001:0006B087 17451 0001:0006B091 17452 0001:0006B098
 17453 0001:0006B0A3 17454 0001:0006B0B2 17457 0001:0006B0B7 17458 0001:0006B0C0
 17461 0001:0006B0C9 17462 0001:0006B0D3 17463 0001:0006B0DD 17464 0001:0006B0E7
 17465 0001:0006B0F1 17466 0001:0006B0FB 17467 0001:0006B105 17468 0001:0006B10F
 17469 0001:0006B119 17470 0001:0006B123 17471 0001:0006B12D 17472 0001:0006B137
 17473 0001:0006B141 17474 0001:0006B14B 17475 0001:0006B155 17476 0001:0006B15F
 17477 0001:0006B169 17478 0001:0006B173 17479 0001:0006B17D 17480 0001:0006B187
 17481 0001:0006B191 17482 0001:0006B19B 17483 0001:0006B1A5 17484 0001:0006B1AF
 17485 0001:0006B1B9 17486 0001:0006B1C3 17487 0001:0006B1CD 17488 0001:0006B1D7
 17489 0001:0006B1E1 17490 0001:0006B1EB 17491 0001:0006B1F5 17493 0001:0006B1FA
 17496 0001:0006B213 17519 0001:0006B22E 17523 0001:0006B2C8 17524 0001:0006B2DF
 17528 0001:0006B2E0 17529 0001:0006B2F7 17536 0001:0006B2F8 17537 0001:0006B302
 17540 0001:0006B304 17542 0001:0006B317 17543 0001:0006B322 17544 0001:0006B32D
 17547 0001:0006B338 17548 0001:0006B343 17551 0001:0006B34E 17552 0001:0006B36A
 17553 0001:0006B375 17569 0001:0006B398 17570 0001:0006B3B5 17571 0001:0006B3BC
 17572 0001:0006B3BE 17573 0001:0006B3D2 17574 0001:0006B3D9 17576 0001:0006B3DD
 17578 0001:0006B3F3 17580 0001:0006B3FA 17582 0001:0006B408 17584 0001:0006B40C
 17585 0001:0006B43B 17588 0001:0006B440 17589 0001:0006B464 17590 0001:0006B470
 17591 0001:0006B480 17592 0001:0006B482 17607 0001:0006B4B0 17611 0001:0006B4B4
 17612 0001:0006B4BB 17613 0001:0006B4C0 17618 0001:0006B4C4 17619 0001:0006B4CB
 17621 0001:0006B4E8 17623 0001:0006B4ED 17625 0001:0006B4F2 17626 0001:0006B4F3
 17627 0001:0006B4F6 17629 0001:0006B4F9 17630 0001:0006B509 17635 0001:0006B510
 17636 0001:0006B517 17641 0001:0006B545 17643 0001:0006B54A 17644 0001:0006B54B
 17645 0001:0006B54E 17647 0001:0006B551 17648 0001:0006B561 17653 0001:0006B568
 17654 0001:0006B56E 17655 0001:0006B57D 17656 0001:0006B58B 17658 0001:0006B5B0
 17660 0001:0006B5C0 17665 0001:0006B5C8 17666 0001:0006B5CF 17668 0001:0006B5EC
 17670 0001:0006B5F1 17672 0001:0006B5F6 17673 0001:0006B5F7 17674 0001:0006B5FA
 17676 0001:0006B5FD 17677 0001:0006B60D 17689 0001:0006B614 17690 0001:0006B61D
 17693 0001:0006B624 17694 0001:0006B633 17695 0001:0006B641 17696 0001:0006B64B
 17697 0001:0006B65A 17699 0001:0006B665 17700 0001:0006B66F 17701 0001:0006B67E
 17703 0001:0006B689 17704 0001:0006B693 17705 0001:0006B6A2 17707 0001:0006B6AD
 17710 0001:0006B6B7 17714 0001:0006B6BE 17715 0001:0006B6CD 17716 0001:0006B6D7
 17707 0001:0006B6D8 17718 0001:0006B6DB 17721 0001:0006B6E5 17722 0001:0006B6FF
 17723 0001:0006B710 17718 0001:0006B711 17725 0001:0006B721 17727 0001:0006B731
 17737 0001:0006B738 17739 0001:0006B73B 17740 0001:0006B741 17743 0001:0006B748
 17745 0001:0006B75B 17746 0001:0006B771 17747 0001:0006B77E 17748 0001:0006B799
 17752 0001:0006B7AE 17753 0001:0006B7BB 17757 0001:0006B7C0 17758 0001:0006B7C7
 17759 0001:0006B7CD 17761 0001:0006B7D0 17762 0001:0006B7D6 17764 0001:0006B7DD
 17765 0001:0006B7E2 17766 0001:0006B7F0 17768 0001:0006B7FA 17769 0001:0006B7FF
 17771 0001:0006B818 17772 0001:0006B828 17774 0001:0006B835 17775 0001:0006B83A
 17776 0001:0006B849 17778 0001:0006B854 17779 0001:0006B859 17781 0001:0006B873
 17783 0001:0006B87F 17793 0001:0006B884 17794 0001:0006B89F 17795 0001:0006B8AC
 17796 0001:0006B8C8 17797 0001:0006B8F3 17799 0001:0006B968 17801 0001:0006B986
 17812 0001:0006B9A1 17822 0001:0006B9BC 17832 0001:0006B9C9 17835 0001:0006B9DA
 17842 0001:0006B9EB 17846 0001:0006BA06 17852 0001:0006BA21 17855 0001:0006BA26
 17859 0001:0006BA46 17868 0001:0006BA66 17869 0001:0006BA67 17871 0001:0006BA71
 17876 0001:0006BA91 17885 0001:0006BAAC 17890 0001:0006BAC7 17891 0001:0006BAD0
 17896 0001:0006BAEB 17898 0001:0006BAF9 17901 0001:0006BB14 17905 0001:0006BE00
 17906 0001:0006BE1A 17909 0001:0006BE1C 17910 0001:0006BE1F 17911 0001:0006BE30
 17914 0001:0006BE34 17918 0001:0006BE37 17920 0001:0006BE3E 17949 0001:0006BE40
 17950 0001:0006BE43 17952 0001:0006BE4A 17957 0001:0006BE4C 17958 0001:0006BE54
 17960 0001:0006BE63 17961 0001:0006BE68 17963 0001:0006BE75 17966 0001:0006BE9D
 17967 0001:0006BEB0 17969 0001:0006BEB2 17961 0001:0006BEB3 17970 0001:0006BEB6
 17981 0001:0006BEBC 17982 0001:0006BEC3 17983 0001:0006BED6 17984 0001:0006BEE4
 17986 0001:0006BEFB 17988 0001:0006BF0B 17990 0001:0006BF10 17991 0001:0006BF2D
 17992 0001:0006BF31 17994 0001:0006BF4E 17995 0001:0006BF5D 17996 0001:0006BF6B
 17997 0001:0006BF83 17999 0001:0006BF97 18000 0001:0006BFA9 18001 0001:0006BFAC
 18002 0001:0006BFB1 18003 0001:0006BFC5 18005 0001:0006BFD8 18007 0001:0006BFE8
 18009 0001:0006C014 18010 0001:0006C033 18011 0001:0006C051 18013 0001:0006C05B
 18015 0001:0006C066 18018 0001:0006C090 18029 0001:0006C0AD 18031 0001:0006C0B4
 18033 0001:0006C0BB 18034 0001:0006C0C2 18035 0001:0006C0C9 18036 0001:0006C0D0
 18038 0001:0006C0E5 18042 0001:0006C0EC 18043 0001:0006C0F3 18044 0001:0006C0FA
 18045 0001:0006C101 18046 0001:0006C108 18047 0001:0006C10F 18048 0001:0006C116
 18049 0001:0006C11D 18050 0001:0006C124 18051 0001:0006C13B 18052 0001:0006C152
 18053 0001:0006C159 18054 0001:0006C163 18055 0001:0006C16A 18056 0001:0006C179
 18057 0001:0006C180 18058 0001:0006C191 18059 0001:0006C19B 18061 0001:0006C1A2
 18062 0001:0006C1AC 18063 0001:0006C1B6 18065 0001:0006C1C0 18067 0001:0006C1C5
 18070 0001:0006C1CE 18073 0001:0006C1D3 18075 0001:0006C1E1 18076 0001:0006C1E8
 18080 0001:0006C1ED 18081 0001:0006C1FE 18083 0001:0006C20F 18084 0001:0006C228
 18085 0001:0006C231 18087 0001:0006C239 18125 0001:0006C24C 18127 0001:0006C251
 18128 0001:0006C262 18129 0001:0006C273 18130 0001:0006C284 18131 0001:0006C295
 18137 0001:0006C2A6 18138 0001:0006C2AD 18139 0001:0006C2B9 18140 0001:0006C2C0
 18141 0001:0006C2C7 18142 0001:0006C2D1 18143 0001:0006C2D8 18144 0001:0006C2DF
 18147 0001:0006C301 18148 0001:0006C314 18150 0001:0006C322 18151 0001:0006C32B
 18152 0001:0006C333 18155 0001:0006C33B 18156 0001:0006C340 18157 0001:0006C34A
 18158 0001:0006C354 18160 0001:0006C365 18161 0001:0006C376 18162 0001:0006C37B
 18163 0001:0006C382 18164 0001:0006C38C 18165 0001:0006C393 18166 0001:0006C39A
 18167 0001:0006C3A1 18168 0001:0006C3A8 18169 0001:0006C3AF 18171 0001:0006C3B6
 18172 0001:0006C3BD 18173 0001:0006C3C4 18175 0001:0006C3CB 18177 0001:0006C3D2
 18180 0001:0006C3DA 18182 0001:0006C3E4 18184 0001:0006C3FE 18185 0001:0006C40A
 18186 0001:0006C415 18187 0001:0006C421 18189 0001:0006C42C 18192 0001:0006C431
 18198 0001:0006C47E 18204 0001:0006C4CB 18210 0001:0006C518 18211 0001:0006C52D
 18213 0001:0006C536 18227 0001:0006C54F 18233 0001:0006C59C 18239 0001:0006C5E9
 18245 0001:0006C636 18247 0001:0006C644 18249 0001:0006C652 18251 0001:0006C660
 18252 0001:0006C665 18256 0001:0006C68F 18258 0001:0006C69C 18261 0001:0006C6B0
 18262 0001:0006C6E1 18266 0001:0006C71D 18270 0001:0006C724 18272 0001:0006C72D
 18273 0001:0006C732 18277 0001:0006C737 18284 0001:0006C834 18285 0001:0006C848
 18286 0001:0006C856 18288 0001:0006C869 18289 0001:0006C873 18291 0001:0006C87D
 18292 0001:0006C890 18294 0001:0006C897 18295 0001:0006C8A1 18296 0001:0006C8A8
 18297 0001:0006C8B2 18298 0001:0006C8B9 18299 0001:0006C8C3 18300 0001:0006C8CA
 18301 0001:0006C8D4 18302 0001:0006C8DB 18303 0001:0006C8E5 18305 0001:0006C8EC
 18306 0001:0006C8F1 18308 0001:0006C8FC 18310 0001:0006C90E 18311 0001:0006C91B
 18313 0001:0006C928 18315 0001:0006C931 18316 0001:0006C944 18321 0001:0006C94B
 18322 0001:0006C954 18324 0001:0006C963 18325 0001:0006C96D 18326 0001:0006C974
 18327 0001:0006C97E 18328 0001:0006C985 18329 0001:0006C98F 18331 0001:0006C996
 18332 0001:0006C9A0 18333 0001:0006C9AA 18334 0001:0006C9B4 18335 0001:0006C9BE
 18338 0001:0006C9C5 18340 0001:0006C9CE 18341 0001:0006C9DA 18342 0001:0006C9E4
 18345 0001:0006C9F7 18346 0001:0006CA01 18347 0001:0006CA08 18348 0001:0006CA12
 18349 0001:0006CA19 18350 0001:0006CA23 18352 0001:0006CA2A 18353 0001:0006CA39
 18360 0001:0006CA40 18362 0001:0006CA49 18363 0001:0006CA54 18364 0001:0006CA5E
 18365 0001:0006CA68 18373 0001:0006CA6F 18374 0001:0006CA74 18376 0001:0006CA88
 18377 0001:0006CA92 18378 0001:0006CA99 18380 0001:0006CAAB 18412 0001:0006CACC
 18422 0001:0006CAE0 18423 0001:0006CB0C 18425 0001:0006CB11

Line numbers for ExceptionLog(ExceptionLog.pas) segment .itext

 18416 0002:0000035C 18417 0002:00000380 18418 0002:0000038F 18419 0002:00000394
 18421 0002:0000039E

Line numbers for Portscan(D:\mine\百度网盘\Desktop\cmdConsoleOutput\codefans.net\Cmd\Portscan.dpr) segment .text

    11 0001:0006CC90    12 0001:0006CCBD    13 0001:0006CCBF    14 0001:0006CCCD
    16 0001:0006CCF1    18 0001:0006CCF8    26 0001:0006CD28    27 0001:0006CD2D
    28 0001:0006CD36    29 0001:0006CD41    30 0001:0006CD4B    31 0001:0006CD55
    34 0001:0006CD7A    37 0001:0006CDA2    44 0001:0006CDA8    45 0001:0006CDB2
    46 0001:0006CDBB    47 0001:0006CDC6    49 0001:0006CDCA    51 0001:0006CDCE
    53 0001:0006CDD7    56 0001:0006CDE0    57 0001:0006CDE4    58 0001:0006CDE9
    59 0001:0006CDF2    63 0001:0006CDFC    64 0001:0006CE01    65 0001:0006CE0A
    66 0001:0006CE23    67 0001:0006CE3C    68 0001:0006CE55    69 0001:0006CE6E

Line numbers for Portscan(D:\mine\百度网盘\Desktop\cmdConsoleOutput\codefans.net\Cmd\Portscan.dpr) segment .itext

    81 0002:000003D4    82 0002:00000406    83 0002:0000040B    84 0002:00000424
    86 0002:00000442    87 0002:0000045B    88 0002:00000479    90 0002:00000493
    94 0002:000004A4    95 0002:000004BD    96 0002:000004DB    98 0002:000004F5
   100 0002:00000506   102 0002:00000520   103 0002:00000539   105 0002:0000053E
   106 0002:00000543   107 0002:00000552   108 0002:0000055B   109 0002:00000570
   110 0002:0000057A   111 0002:0000058E   112 0002:000005A2   114 0002:000005B7
   115 0002:000005C3   116 0002:000005DC   117 0002:000005E8   119 0002:00000620
   120 0002:0000062D   121 0002:00000639   122 0002:00000646   124 0002:0000064A
   125 0002:00000657   126 0002:00000664   127 0002:0000069F   128 0002:000006A5
   130 0002:000006AB   112 0002:000006AC   131 0002:000006B3   132 0002:000006C0
   133 0002:000006D9   134 0002:000006F2   135 0002:0000070B   136 0002:00000724
   137 0002:00000729   138 0002:00000738

Bound resource files

C:\Program Files\EurekaLog 6\Delphi10\DIALOG.RES
Portscan.drf


Program entry point at 0002:000003D4
