
 Start         Length     Name                   Class
 0001:00401000 000D39B8H .text                   CODE
 0002:004D5000 00000B64H .itext                  ICODE
 0003:004D6000 00005454H .data                   DATA
 0004:004DC000 00004574H .bss                    BSS
 0005:00000000 00000034H .tls                    TLS


Detailed map of segments

 0001:00000000 00005A3D C=CODE     S=.text    G=(none)   M=System   ACBP=A9
 0001:00005A40 00000105 C=CODE     S=.text    G=(none)   M=SysInit  ACBP=A9
 0001:00005B48 00000111 C=CODE     S=.text    G=(none)   M=Types    ACBP=A9
 0001:00005C5C 00000D68 C=CODE     S=.text    G=(none)   M=Windows  ACBP=A9
 0001:000069C4 00000072 C=CODE     S=.text    G=(none)   M=ActiveX  ACBP=A9
 0001:00006A38 00000310 C=CODE     S=.text    G=(none)   M=SysConst ACBP=A9
 0001:00006D48 0000795C C=CODE     S=.text    G=(none)   M=SysUtils ACBP=A9
 0001:0000E6A4 000007EE C=CODE     S=.text    G=(none)   M=VarUtils ACBP=A9
 0001:0000EE94 000066A4 C=CODE     S=.text    G=(none)   M=Variants ACBP=A9
 0001:00015538 00000118 C=CODE     S=.text    G=(none)   M=RTLConsts ACBP=A9
 0001:00015650 00000EDF C=CODE     S=.text    G=(none)   M=TypInfo  ACBP=A9
 0001:00016530 0000DEDD C=CODE     S=.text    G=(none)   M=Classes  ACBP=A9
 0001:00024410 00000275 C=CODE     S=.text    G=(none)   M=Contnrs  ACBP=A9
 0001:00024688 00001100 C=CODE     S=.text    G=(none)   M=HelpIntfs ACBP=A9
 0001:00025788 00000772 C=CODE     S=.text    G=(none)   M=MultiMon ACBP=A9
 0001:00025EFC 000003BE C=CODE     S=.text    G=(none)   M=CommCtrl ACBP=A9
 0001:000262BC 00000348 C=CODE     S=.text    G=(none)   M=Consts   ACBP=A9
 0001:00026604 00001169 C=CODE     S=.text    G=(none)   M=IniFiles ACBP=A9
 0001:00027770 000005AD C=CODE     S=.text    G=(none)   M=Registry ACBP=A9
 0001:00027D20 000091DA C=CODE     S=.text    G=(none)   M=Graphics ACBP=A9
 0001:00030EFC 0000016A C=CODE     S=.text    G=(none)   M=SyncObjs ACBP=A9
 0001:00031068 0000099D C=CODE     S=.text    G=(none)   M=UxTheme  ACBP=A9
 0001:00031A08 0000001E C=CODE     S=.text    G=(none)   M=ShellAPI ACBP=A9
 0001:00031A28 00000067 C=CODE     S=.text    G=(none)   M=ShlObj   ACBP=A9
 0001:00031A90 000098E9 C=CODE     S=.text    G=(none)   M=StdCtrls ACBP=A9
 0001:0003B37C 0000001E C=CODE     S=.text    G=(none)   M=WinSpool ACBP=A9
 0001:0003B39C 0000100A C=CODE     S=.text    G=(none)   M=Printers ACBP=A9
 0001:0003C3A8 0000000E C=CODE     S=.text    G=(none)   M=CommDlg  ACBP=A9
 0001:0003C3B8 00000D59 C=CODE     S=.text    G=(none)   M=GraphUtil ACBP=A9
 0001:0003D114 0000481E C=CODE     S=.text    G=(none)   M=ExtCtrls ACBP=A9
 0001:00041934 00002AD0 C=CODE     S=.text    G=(none)   M=Dialogs  ACBP=A9
 0001:00044404 0000003A C=CODE     S=.text    G=(none)   M=Clipbrd  ACBP=A9
 0001:00044440 0000012D C=CODE     S=.text    G=(none)   M=StdActns ACBP=A9
 0001:00044570 0000030E C=CODE     S=.text    G=(none)   M=FlatSB   ACBP=A9
 0001:00044880 00000D9E C=CODE     S=.text    G=(none)   M=Themes   ACBP=A9
 0001:00045620 00006A81 C=CODE     S=.text    G=(none)   M=Menus    ACBP=A9
 0001:0004C0A4 00013E1C C=CODE     S=.text    G=(none)   M=Controls ACBP=A9
 0001:0005FEC0 00001B6D C=CODE     S=.text    G=(none)   M=ImgList  ACBP=A9
 0001:00061A30 00001A42 C=CODE     S=.text    G=(none)   M=ActnList ACBP=A9
 0001:00063474 0000DFC0 C=CODE     S=.text    G=(none)   M=Forms    ACBP=A9
 0001:00071434 00000057 C=CODE     S=.text    G=(none)   M=IdSysBase ACBP=A9
 0001:0007148C 00000BA6 C=CODE     S=.text    G=(none)   M=IdSysVCL ACBP=A9
 0001:00072034 00000072 C=CODE     S=.text    G=(none)   M=IdSysNativeVCL ACBP=A9
 0001:000720A8 00000208 C=CODE     S=.text    G=(none)   M=IdResourceStrings ACBP=A9
 0001:000722B0 00000542 C=CODE     S=.text    G=(none)   M=IdException ACBP=A9
 0001:000727F4 00000234 C=CODE     S=.text    G=(none)   M=IdSysWin32 ACBP=A9
 0001:00072A28 00000198 C=CODE     S=.text    G=(none)   M=IdStreamVCL ACBP=A9
 0001:00072BC0 00001573 C=CODE     S=.text    G=(none)   M=IdGlobal ACBP=A9
 0001:00074134 00002556 C=CODE     S=.text    G=(none)   M=IdWinSock2 ACBP=A9
 0001:0007668C 000001CD C=CODE     S=.text    G=(none)   M=IdWship6 ACBP=A9
 0001:0007685C 00000F79 C=CODE     S=.text    G=(none)   M=IdStackBSDBase ACBP=A9
 0001:000777D8 000022BA C=CODE     S=.text    G=(none)   M=IdStackWindows ACBP=A9
 0001:00079A94 0000103A C=CODE     S=.text    G=(none)   M=IdStack  ACBP=A9
 0001:0007AAD0 00000261 C=CODE     S=.text    G=(none)   M=IdBaseComponent ACBP=A9
 0001:0007AD34 00000267 C=CODE     S=.text    G=(none)   M=IdAntiFreezeBase ACBP=A9
 0001:0007AF9C 0000061C C=CODE     S=.text    G=(none)   M=IdComponent ACBP=A9
 0001:0007B5B8 000008CA C=CODE     S=.text    G=(none)   M=IdSocketHandle ACBP=A9
 0001:0007BE84 00000130 C=CODE     S=.text    G=(none)   M=IdResourceStringsCore ACBP=A9
 0001:0007BFB4 00000560 C=CODE     S=.text    G=(none)   M=IdReply  ACBP=A9
 0001:0007C514 00000ADC C=CODE     S=.text    G=(none)   M=IdBuffer ACBP=A9
 0001:0007CFF0 00000448 C=CODE     S=.text    G=(none)   M=IdIntercept ACBP=A9
 0001:0007D438 00000D7E C=CODE     S=.text    G=(none)   M=IdExceptionCore ACBP=A9
 0001:0007E1B8 00001CD7 C=CODE     S=.text    G=(none)   M=IdIOHandler ACBP=A9
 0001:0007FE90 00000640 C=CODE     S=.text    G=(none)   M=IdCustomTransparentProxy ACBP=A9
 0001:000804D0 000005A1 C=CODE     S=.text    G=(none)   M=IdReplyRFC ACBP=A9
 0001:00080A74 00000960 C=CODE     S=.text    G=(none)   M=IdTCPClient ACBP=A9
 0001:000813D4 00000B9C C=CODE     S=.text    G=(none)   M=IdIPAddress ACBP=A9
 0001:00081F70 00003351 C=CODE     S=.text    G=(none)   M=IdSocks  ACBP=A9
 0001:000852C4 000007C2 C=CODE     S=.text    G=(none)   M=IdIOHandlerSocket ACBP=A9
 0001:00085A88 00000AC6 C=CODE     S=.text    G=(none)   M=IdIOHandlerStack ACBP=A9
 0001:00086550 00000919 C=CODE     S=.text    G=(none)   M=IdTCPConnection ACBP=A9
 0001:00086E6C 000003C9 C=CODE     S=.text    G=(none)   M=IdZLibCompressorBase ACBP=A9
 0001:00087238 0000030F C=CODE     S=.text    G=(none)   M=IdThreadSafe ACBP=A9
 0001:00087548 000008BE C=CODE     S=.text    G=(none)   M=IdThread ACBP=A9
 0001:00087E08 00000680 C=CODE     S=.text    G=(none)   M=IdReplyFTP ACBP=A9
 0001:00088488 0000409A C=CODE     S=.text    G=(none)   M=IdCharsets ACBP=A9
 0001:0008C524 000000F0 C=CODE     S=.text    G=(none)   M=IdResourceStringsProtocols ACBP=A9
 0001:0008C614 00001890 C=CODE     S=.text    G=(none)   M=IdGlobalProtocols ACBP=A9
 0001:0008DEA4 000008DA C=CODE     S=.text    G=(none)   M=IdFTPCommon ACBP=A9
 0001:0008E780 00000389 C=CODE     S=.text    G=(none)   M=IdFTPList ACBP=A9
 0001:0008EB0C 00000B38 C=CODE     S=.text    G=(none)   M=IdFTPListTypes ACBP=A9
 0001:0008F644 00000BAB C=CODE     S=.text    G=(none)   M=IdFTPListParseBase ACBP=A9
 0001:000901F0 000003B7 C=CODE     S=.text    G=(none)   M=IdSSL    ACBP=A9
 0001:000905A8 000009A3 C=CODE     S=.text    G=(none)   M=IdExplicitTLSClientServerBase ACBP=A9
 0001:00090F4C 000001FA C=CODE     S=.text    G=(none)   M=IdHash   ACBP=A9
 0001:00091148 00000BCA C=CODE     S=.text    G=(none)   M=IdHashSHA1 ACBP=A9
 0001:00091D14 00000FC0 C=CODE     S=.text    G=(none)   M=IdHashMessageDigest ACBP=A9
 0001:00092CD4 00007FFD C=CODE     S=.text    G=(none)   M=IdOTPCalculator ACBP=A9
 0001:0009ACD4 000005C8 C=CODE     S=.text    G=(none)   M=IdSimpleServer ACBP=A9
 0001:0009B29C 000065D4 C=CODE     S=.text    G=(none)   M=IdFTP    ACBP=A9
 0001:000A1870 00003D01 C=CODE     S=.text    G=(none)   M=Buttons  ACBP=A9
 0001:000A5574 0000007C C=CODE     S=.text    G=(none)   M=ExtDlgs  ACBP=A9
 0001:000A55F0 00000062 C=CODE     S=.text    G=(none)   M=Mapi     ACBP=A9
 0001:000A5654 0000004D C=CODE     S=.text    G=(none)   M=ExtActns ACBP=A9
 0001:000A56A4 00000078 C=CODE     S=.text    G=(none)   M=ComStrs  ACBP=A9
 0001:000A571C 000020A2 C=CODE     S=.text    G=(none)   M=ListActns ACBP=A9
 0001:000A77C0 00018DB8 C=CODE     S=.text    G=(none)   M=ComCtrls ACBP=A9
 0001:000C0578 00000A7E C=CODE     S=.text    G=(none)   M=IdThreadComponent ACBP=A9
 0001:000C0FF8 00000900 C=CODE     S=.text    G=(none)   M=IdURI    ACBP=A9
 0001:000C18F8 00000889 C=CODE     S=.text    G=(none)   M=IdHeaderList ACBP=A9
 0001:000C2184 000001F5 C=CODE     S=.text    G=(none)   M=IdCoder  ACBP=A9
 0001:000C237C 00000B7C C=CODE     S=.text    G=(none)   M=IdCoder3to4 ACBP=A9
 0001:000C2EF8 00000166 C=CODE     S=.text    G=(none)   M=IdCoderMIME ACBP=A9
 0001:000C3060 0000095C C=CODE     S=.text    G=(none)   M=IdAuthentication ACBP=A9
 0001:000C39BC 000001D3 C=CODE     S=.text    G=(none)   M=IdAuthenticationManager ACBP=A9
 0001:000C3B90 000017DE C=CODE     S=.text    G=(none)   M=IdCookie ACBP=A9
 0001:000C5370 00000820 C=CODE     S=.text    G=(none)   M=IdCookieManager ACBP=A9
 0001:000C5B90 00002103 C=CODE     S=.text    G=(none)   M=IdHTTPHeaderInfo ACBP=A9
 0001:000C7C94 00003725 C=CODE     S=.text    G=(none)   M=IdHTTP   ACBP=A9
 0001:000CB3BC 00000020 C=CODE     S=.text    G=(none)   M=ComConst ACBP=A9
 0001:000CB3DC 00000F47 C=CODE     S=.text    G=(none)   M=ComObj   ACBP=A9
 0001:000CC324 00000158 C=CODE     S=.text    G=(none)   M=msxml    ACBP=A9
 0001:000CC47C 00000C76 C=CODE     S=.text    G=(none)   M=UnitStdXmlForm ACBP=A9
 0001:000CD0F4 0000001E C=CODE     S=.text    G=(none)   M=WinSock  ACBP=A9
 0001:000CD114 00000A0C C=CODE     S=.text    G=(none)   M=UFtpClient ACBP=A9
 0001:000CDB20 0000012D C=CODE     S=.text    G=(none)   M=IdAntiFreeze ACBP=A9
 0001:000CDC50 00005870 C=CODE     S=.text    G=(none)   M=FtpClient ACBP=A9
 0001:000D34C0 000004F8 C=CODE     S=.text    G=(none)   M=PFtpClient ACBP=A9
 0002:00000000 00000095 C=ICODE    S=.itext   G=(none)   M=System   ACBP=A9
 0002:00000098 00000011 C=ICODE    S=.itext   G=(none)   M=Windows  ACBP=A9
 0002:000000AC 00000088 C=ICODE    S=.itext   G=(none)   M=SysUtils ACBP=A9
 0002:00000134 0000000F C=ICODE    S=.itext   G=(none)   M=VarUtils ACBP=A9
 0002:00000144 000000AA C=ICODE    S=.itext   G=(none)   M=Variants ACBP=A9
 0002:000001F0 00000008 C=ICODE    S=.itext   G=(none)   M=TypInfo  ACBP=A9
 0002:000001F8 00000092 C=ICODE    S=.itext   G=(none)   M=Classes  ACBP=A9
 0002:0000028C 00000008 C=ICODE    S=.itext   G=(none)   M=HelpIntfs ACBP=A9
 0002:00000294 0000000F C=ICODE    S=.itext   G=(none)   M=MultiMon ACBP=A9
 0002:000002A4 00000008 C=ICODE    S=.itext   G=(none)   M=IniFiles ACBP=A9
 0002:000002AC 00000008 C=ICODE    S=.itext   G=(none)   M=Registry ACBP=A9
 0002:000002B4 000000FB C=ICODE    S=.itext   G=(none)   M=Graphics ACBP=A9
 0002:000003B0 0000001B C=ICODE    S=.itext   G=(none)   M=UxTheme  ACBP=A9
 0002:000003CC 00000008 C=ICODE    S=.itext   G=(none)   M=Printers ACBP=A9
 0002:000003D4 0000007F C=ICODE    S=.itext   G=(none)   M=GraphUtil ACBP=A9
 0002:00000454 00000044 C=ICODE    S=.itext   G=(none)   M=ExtCtrls ACBP=A9
 0002:00000498 0000003D C=ICODE    S=.itext   G=(none)   M=Dialogs  ACBP=A9
 0002:000004D8 00000058 C=ICODE    S=.itext   G=(none)   M=Clipbrd  ACBP=A9
 0002:00000530 0000000F C=ICODE    S=.itext   G=(none)   M=FlatSB   ACBP=A9
 0002:00000540 00000008 C=ICODE    S=.itext   G=(none)   M=Themes   ACBP=A9
 0002:00000548 00000085 C=ICODE    S=.itext   G=(none)   M=Menus    ACBP=A9
 0002:000005D0 0000008F C=ICODE    S=.itext   G=(none)   M=Controls ACBP=A9
 0002:00000660 0000002A C=ICODE    S=.itext   G=(none)   M=ActnList ACBP=A9
 0002:0000068C 0000004C C=ICODE    S=.itext   G=(none)   M=Forms    ACBP=A9
 0002:000006D8 00000008 C=ICODE    S=.itext   G=(none)   M=IdSysVCL ACBP=A9
 0002:000006E0 00000068 C=ICODE    S=.itext   G=(none)   M=IdGlobal ACBP=A9
 0002:00000748 0000000F C=ICODE    S=.itext   G=(none)   M=IdWinSock2 ACBP=A9
 0002:00000758 0000000F C=ICODE    S=.itext   G=(none)   M=IdWship6 ACBP=A9
 0002:00000768 00000031 C=ICODE    S=.itext   G=(none)   M=IdStackWindows ACBP=A9
 0002:0000079C 00000025 C=ICODE    S=.itext   G=(none)   M=IdStack  ACBP=A9
 0002:000007C4 00000014 C=ICODE    S=.itext   G=(none)   M=IdComponent ACBP=A9
 0002:000007D8 00000008 C=ICODE    S=.itext   G=(none)   M=IdIOHandler ACBP=A9
 0002:000007E0 00000014 C=ICODE    S=.itext   G=(none)   M=IdIOHandlerStack ACBP=A9
 0002:000007F4 00000038 C=ICODE    S=.itext   G=(none)   M=IdThread ACBP=A9
 0002:0000082C 00000074 C=ICODE    S=.itext   G=(none)   M=IdCharsets ACBP=A9
 0002:000008A0 000000F0 C=ICODE    S=.itext   G=(none)   M=IdGlobalProtocols ACBP=A9
 0002:00000990 00000008 C=ICODE    S=.itext   G=(none)   M=IdFTPCommon ACBP=A9
 0002:00000998 0000002F C=ICODE    S=.itext   G=(none)   M=IdFTPListParseBase ACBP=A9
 0002:000009C8 0000001B C=ICODE    S=.itext   G=(none)   M=IdSSL    ACBP=A9
 0002:000009E4 00000008 C=ICODE    S=.itext   G=(none)   M=IdOTPCalculator ACBP=A9
 0002:000009EC 00000025 C=ICODE    S=.itext   G=(none)   M=Buttons  ACBP=A9
 0002:00000A14 00000014 C=ICODE    S=.itext   G=(none)   M=ExtDlgs  ACBP=A9
 0002:00000A28 00000008 C=ICODE    S=.itext   G=(none)   M=Mapi     ACBP=A9
 0002:00000A30 00000008 C=ICODE    S=.itext   G=(none)   M=ExtActns ACBP=A9
 0002:00000A38 00000008 C=ICODE    S=.itext   G=(none)   M=ComCtrls ACBP=A9
 0002:00000A40 0000001F C=ICODE    S=.itext   G=(none)   M=IdCoderMIME ACBP=A9
 0002:00000A60 0000002C C=ICODE    S=.itext   G=(none)   M=IdAuthentication ACBP=A9
 0002:00000A8C 00000008 C=ICODE    S=.itext   G=(none)   M=IdCookie ACBP=A9
 0002:00000A94 00000008 C=ICODE    S=.itext   G=(none)   M=IdHTTP   ACBP=A9
 0002:00000A9C 00000055 C=ICODE    S=.itext   G=(none)   M=ComObj   ACBP=A9
 0002:00000AF4 00000070 C=ICODE    S=.itext   G=(none)   M=PFtpClient ACBP=A9
 0003:00000000 00000790 C=DATA     S=.data    G=DGROUP   M=System   ACBP=A9
 0003:00000790 00000020 C=DATA     S=.data    G=DGROUP   M=SysInit  ACBP=A9
 0003:000007B0 00000010 C=DATA     S=.data    G=DGROUP   M=ActiveX  ACBP=A9
 0003:000007C0 00000250 C=DATA     S=.data    G=DGROUP   M=SysUtils ACBP=A9
 0003:00000A10 00000008 C=DATA     S=.data    G=DGROUP   M=VarUtils ACBP=A9
 0003:00000A18 00000136 C=DATA     S=.data    G=DGROUP   M=Variants ACBP=A9
 0003:00000B50 0000000C C=DATA     S=.data    G=DGROUP   M=TypInfo  ACBP=A9
 0003:00000B5C 00000100 C=DATA     S=.data    G=DGROUP   M=Classes  ACBP=A9
 0003:00000C5C 00000008 C=DATA     S=.data    G=DGROUP   M=IniFiles ACBP=A9
 0003:00000C64 00000008 C=DATA     S=.data    G=DGROUP   M=Registry ACBP=A9
 0003:00000C6C 0000030C C=DATA     S=.data    G=DGROUP   M=Graphics ACBP=A9
 0003:00000F78 00000010 C=DATA     S=.data    G=DGROUP   M=ShlObj   ACBP=A9
 0003:00000F88 000000F4 C=DATA     S=.data    G=DGROUP   M=StdCtrls ACBP=A9
 0003:0000107C 00000004 C=DATA     S=.data    G=DGROUP   M=Printers ACBP=A9
 0003:00001080 00000450 C=DATA     S=.data    G=DGROUP   M=GraphUtil ACBP=A9
 0003:000014D0 00000020 C=DATA     S=.data    G=DGROUP   M=ExtCtrls ACBP=A9
 0003:000014F0 00000114 C=DATA     S=.data    G=DGROUP   M=Dialogs  ACBP=A9
 0003:00001604 00000068 C=DATA     S=.data    G=DGROUP   M=Themes   ACBP=A9
 0003:0000166C 000000F4 C=DATA     S=.data    G=DGROUP   M=Menus    ACBP=A9
 0003:00001760 0000013C C=DATA     S=.data    G=DGROUP   M=Controls ACBP=A9
 0003:0000189C 00000020 C=DATA     S=.data    G=DGROUP   M=ImgList  ACBP=A9
 0003:000018BC 00000128 C=DATA     S=.data    G=DGROUP   M=Forms    ACBP=A9
 0003:000019E4 0000004C C=DATA     S=.data    G=DGROUP   M=IdSysVCL ACBP=A9
 0003:00001A30 00000004 C=DATA     S=.data    G=DGROUP   M=IdGlobal ACBP=A9
 0003:00001A34 00000014 C=DATA     S=.data    G=DGROUP   M=IdWinSock2 ACBP=A9
 0003:00001A48 00000014 C=DATA     S=.data    G=DGROUP   M=IdWship6 ACBP=A9
 0003:00001A5C 00000010 C=DATA     S=.data    G=DGROUP   M=IdStackBSDBase ACBP=A9
 0003:00001A6C 00000001 C=DATA     S=.data    G=DGROUP   M=IdStackWindows ACBP=A9
 0003:00001A70 0000000C C=DATA     S=.data    G=DGROUP   M=IdStack  ACBP=A9
 0003:00001A7C 00000004 C=DATA     S=.data    G=DGROUP   M=IdAntiFreezeBase ACBP=A9
 0003:00001A80 00000024 C=DATA     S=.data    G=DGROUP   M=IdComponent ACBP=A9
 0003:00001AA4 00000008 C=DATA     S=.data    G=DGROUP   M=IdIOHandler ACBP=A9
 0003:00001AAC 00000004 C=DATA     S=.data    G=DGROUP   M=IdThread ACBP=A9
 0003:00001AB0 00000C5C C=DATA     S=.data    G=DGROUP   M=IdCharsets ACBP=A9
 0003:0000270C 0000004C C=DATA     S=.data    G=DGROUP   M=IdGlobalProtocols ACBP=A9
 0003:00002758 000000B4 C=DATA     S=.data    G=DGROUP   M=IdFTPCommon ACBP=A9
 0003:0000280C 00000110 C=DATA     S=.data    G=DGROUP   M=IdHashMessageDigest ACBP=A9
 0003:0000291C 00002000 C=DATA     S=.data    G=DGROUP   M=IdOTPCalculator ACBP=A9
 0003:0000491C 0000001E C=DATA     S=.data    G=DGROUP   M=IdFTP    ACBP=A9
 0003:0000493C 0000009E C=DATA     S=.data    G=DGROUP   M=Buttons  ACBP=A9
 0003:000049DC 00000018 C=DATA     S=.data    G=DGROUP   M=ExtDlgs  ACBP=A9
 0003:000049F4 00000008 C=DATA     S=.data    G=DGROUP   M=Mapi     ACBP=A9
 0003:000049FC 000001CC C=DATA     S=.data    G=DGROUP   M=ComCtrls ACBP=A9
 0003:00004BC8 00000004 C=DATA     S=.data    G=DGROUP   M=IdCoderMIME ACBP=A9
 0003:00004BCC 00000004 C=DATA     S=.data    G=DGROUP   M=IdAuthentication ACBP=A9
 0003:00004BD0 0000004C C=DATA     S=.data    G=DGROUP   M=IdCookie ACBP=A9
 0003:00004C1C 00000008 C=DATA     S=.data    G=DGROUP   M=IdHTTP   ACBP=A9
 0003:00004C24 00000030 C=DATA     S=.data    G=DGROUP   M=ComObj   ACBP=A9
 0003:00004C54 00000010 C=DATA     S=.data    G=DGROUP   M=msxml    ACBP=A9
 0004:00000000 000027F4 C=BSS      S=.bss     G=DGROUP   M=System   ACBP=A9
 0004:000027F4 0000000C C=BSS      S=.bss     G=DGROUP   M=SysInit  ACBP=A9
 0004:00002800 00000008 C=BSS      S=.bss     G=DGROUP   M=Windows  ACBP=A9
 0004:00002808 00000A20 C=BSS      S=.bss     G=DGROUP   M=SysUtils ACBP=A9
 0004:00003228 0000005C C=BSS      S=.bss     G=DGROUP   M=VarUtils ACBP=A9
 0004:00003284 00000040 C=BSS      S=.bss     G=DGROUP   M=Variants ACBP=A9
 0004:000032C4 00000004 C=BSS      S=.bss     G=DGROUP   M=TypInfo  ACBP=A9
 0004:000032C8 00000044 C=BSS      S=.bss     G=DGROUP   M=Classes  ACBP=A9
 0004:0000330C 00000008 C=BSS      S=.bss     G=DGROUP   M=HelpIntfs ACBP=A9
 0004:00003314 00000031 C=BSS      S=.bss     G=DGROUP   M=MultiMon ACBP=A9
 0004:00003348 00000008 C=BSS      S=.bss     G=DGROUP   M=CommCtrl ACBP=A9
 0004:00003350 00000004 C=BSS      S=.bss     G=DGROUP   M=IniFiles ACBP=A9
 0004:00003354 00000004 C=BSS      S=.bss     G=DGROUP   M=Registry ACBP=A9
 0004:00003358 00000060 C=BSS      S=.bss     G=DGROUP   M=Graphics ACBP=A9
 0004:000033B8 000000CC C=BSS      S=.bss     G=DGROUP   M=UxTheme  ACBP=A9
 0004:00003484 00000004 C=BSS      S=.bss     G=DGROUP   M=Printers ACBP=A9
 0004:00003488 00000004 C=BSS      S=.bss     G=DGROUP   M=GraphUtil ACBP=A9
 0004:0000348C 00000008 C=BSS      S=.bss     G=DGROUP   M=ExtCtrls ACBP=A9
 0004:00003494 00000038 C=BSS      S=.bss     G=DGROUP   M=Dialogs  ACBP=A9
 0004:000034CC 0000000C C=BSS      S=.bss     G=DGROUP   M=Clipbrd  ACBP=A9
 0004:000034D8 00000034 C=BSS      S=.bss     G=DGROUP   M=FlatSB   ACBP=A9
 0004:0000350C 00000008 C=BSS      S=.bss     G=DGROUP   M=Themes   ACBP=A9
 0004:00003514 00000010 C=BSS      S=.bss     G=DGROUP   M=Menus    ACBP=A9
 0004:00003524 00000088 C=BSS      S=.bss     G=DGROUP   M=Controls ACBP=A9
 0004:000035AC 00000008 C=BSS      S=.bss     G=DGROUP   M=ImgList  ACBP=A9
 0004:000035B4 00000004 C=BSS      S=.bss     G=DGROUP   M=ActnList ACBP=A9
 0004:000035B8 00000024 C=BSS      S=.bss     G=DGROUP   M=Forms    ACBP=A9
 0004:000035DC 00000004 C=BSS      S=.bss     G=DGROUP   M=IdSysVCL ACBP=A9
 0004:000035E0 00000008 C=BSS      S=.bss     G=DGROUP   M=IdGlobal ACBP=A9
 0004:000035E8 000001BC C=BSS      S=.bss     G=DGROUP   M=IdWinSock2 ACBP=A9
 0004:000037A4 00000004 C=BSS      S=.bss     G=DGROUP   M=IdWship6 ACBP=A9
 0004:000037A8 00000008 C=BSS      S=.bss     G=DGROUP   M=IdStackWindows ACBP=A9
 0004:000037B0 0000000C C=BSS      S=.bss     G=DGROUP   M=IdStack  ACBP=A9
 0004:000037BC 00000004 C=BSS      S=.bss     G=DGROUP   M=IdComponent ACBP=A9
 0004:000037C0 00000004 C=BSS      S=.bss     G=DGROUP   M=IdIOHandler ACBP=A9
 0004:000037C4 00000004 C=BSS      S=.bss     G=DGROUP   M=IdIOHandlerStack ACBP=A9
 0004:000037C8 00000004 C=BSS      S=.bss     G=DGROUP   M=IdThread ACBP=A9
 0004:000037CC 00000C60 C=BSS      S=.bss     G=DGROUP   M=IdCharsets ACBP=A9
 0004:0000442C 00000010 C=BSS      S=.bss     G=DGROUP   M=IdGlobalProtocols ACBP=A9
 0004:0000443C 00000004 C=BSS      S=.bss     G=DGROUP   M=IdFTPCommon ACBP=A9
 0004:00004440 00000008 C=BSS      S=.bss     G=DGROUP   M=IdFTPListParseBase ACBP=A9
 0004:00004448 00000008 C=BSS      S=.bss     G=DGROUP   M=IdSSL    ACBP=A9
 0004:00004450 00000004 C=BSS      S=.bss     G=DGROUP   M=IdOTPCalculator ACBP=A9
 0004:00004454 00000030 C=BSS      S=.bss     G=DGROUP   M=Buttons  ACBP=A9
 0004:00004484 00000004 C=BSS      S=.bss     G=DGROUP   M=ExtDlgs  ACBP=A9
 0004:00004488 00000004 C=BSS      S=.bss     G=DGROUP   M=Mapi     ACBP=A9
 0004:0000448C 00000009 C=BSS      S=.bss     G=DGROUP   M=ExtActns ACBP=A9
 0004:00004498 00000015 C=BSS      S=.bss     G=DGROUP   M=ComCtrls ACBP=A9
 0004:000044B0 00000084 C=BSS      S=.bss     G=DGROUP   M=IdCoderMIME ACBP=A9
 0004:00004534 00000004 C=BSS      S=.bss     G=DGROUP   M=IdAuthentication ACBP=A9
 0004:00004538 00000004 C=BSS      S=.bss     G=DGROUP   M=IdCookie ACBP=A9
 0004:0000453C 00000004 C=BSS      S=.bss     G=DGROUP   M=IdHTTP   ACBP=A9
 0004:00004540 00000011 C=BSS      S=.bss     G=DGROUP   M=ComObj   ACBP=A9
 0004:00004554 00000020 C=BSS      S=.bss     G=DGROUP   M=FtpClient ACBP=A9
 0005:00000000 00000008 C=TLS      S=.tls     G=(none)   M=System   ACBP=A9
 0005:00000008 00000008 C=TLS      S=.tls     G=(none)   M=Classes  ACBP=A9
 0005:00000010 00000024 C=TLS      S=.tls     G=(none)   M=GraphUtil ACBP=A9


  Address             Publics by Name

 0001:00006A08       ActiveX.CoCreateInstance
 0001:000069F8       ActiveX.CoInitialize
 0001:00006A18       ActiveX.CoTaskMemAlloc
 0001:00006A20       ActiveX.CoTaskMemFree
 0001:00006A00       ActiveX.CoUninitialize
 0001:00006A30       ActiveX.GetErrorInfo
 0003:000007B0       ActiveX.GUID_NULL
 0001:00006A10       ActiveX.StringFromCLSID
 0001:00006A28       ActiveX.SysFreeString
 0004:000035B4       ActnList..9
 0001:000620BC       ActnList..TAction
 0001:000623C4       ActnList..TActionLink
 0001:00061CCC       ActnList..TActionList
 0001:00061A30       ActnList..TContainedAction
 0001:00061FB4       ActnList..TCustomAction
 0001:00061BEC       ActnList..TCustomActionList
 0001:00061E5C       ActnList..TShortCutList
 0002:00000660       ActnList.ActnList
 0001:00063444       ActnList.Finalization
 0001:000633C4       ActnList.TAction.Create
 0001:00062AB4       ActnList.TActionLink.IsCaptionLinked
 0001:00062AC8       ActnList.TActionLink.IsCheckedLinked
 0001:00062ADC       ActnList.TActionLink.IsEnabledLinked
 0001:00062AF0       ActnList.TActionLink.IsGroupIndexLinked
 0001:00062B04       ActnList.TActionLink.IsHelpContextLinked
 0001:00062B18       ActnList.TActionLink.IsHelpLinked
 0001:00062B2C       ActnList.TActionLink.IsHintLinked
 0001:00062B40       ActnList.TActionLink.IsImageIndexLinked
 0001:00062B54       ActnList.TActionLink.IsShortCutLinked
 0001:00062B68       ActnList.TActionLink.IsVisibleLinked
 0001:00062B7C       ActnList.TActionLink.SetAutoCheck
 0001:00062B80       ActnList.TActionLink.SetCaption
 0001:00062B84       ActnList.TActionLink.SetChecked
 0001:00062B88       ActnList.TActionLink.SetEnabled
 0001:00062B8C       ActnList.TActionLink.SetGroupIndex
 0001:00062B90       ActnList.TActionLink.SetHelpContext
 0001:00062B94       ActnList.TActionLink.SetHelpKeyword
 0001:00062B98       ActnList.TActionLink.SetHelpType
 0001:00062B9C       ActnList.TActionLink.SetHint
 0001:00062BA0       ActnList.TActionLink.SetImageIndex
 0001:00062BA4       ActnList.TActionLink.SetShortCut
 0001:00062BA8       ActnList.TActionLink.SetVisible
 0001:00062494       ActnList.TContainedAction.Destroy
 0001:00062600       ActnList.TContainedAction.Execute
 0001:000624C8       ActnList.TContainedAction.GetIndex
 0001:000624E4       ActnList.TContainedAction.GetParentComponent
 0001:000624F4       ActnList.TContainedAction.HasParent
 0001:000624E0       ActnList.TContainedAction.IsCategoryStored
 0001:00062504       ActnList.TContainedAction.ReadState
 0001:000625AC       ActnList.TContainedAction.SetActionList
 0001:00062580       ActnList.TContainedAction.SetCategory
 0001:00062538       ActnList.TContainedAction.SetIndex
 0001:000625D4       ActnList.TContainedAction.SetParentComponent
 0001:00062658       ActnList.TContainedAction.Update
 0001:00062C50       ActnList.TCustomAction.AssignTo
 0001:00062BAC       ActnList.TCustomAction.Create
 0001:00062C00       ActnList.TCustomAction.Destroy
 0001:00063280       ActnList.TCustomAction.DoHint
 0001:000632A8       ActnList.TCustomAction.Execute
 0001:0006330C       ActnList.TCustomAction.GetSecondaryShortCuts
 0001:0006338C       ActnList.TCustomAction.HandleShortCut
 0001:00063368       ActnList.TCustomAction.IsSecondaryShortCutsStored
 0001:00062D00       ActnList.TCustomAction.SetAutoCheck
 0001:00062D60       ActnList.TCustomAction.SetCaption
 0001:00062DC0       ActnList.TCustomAction.SetChecked
 0001:00062EC8       ActnList.TCustomAction.SetEnabled
 0001:00062F44       ActnList.TCustomAction.SetGroupIndex
 0001:0006305C       ActnList.TCustomAction.SetHelpContext
 0001:00062FF4       ActnList.TCustomAction.SetHelpKeyword
 0001:00062F9C       ActnList.TCustomAction.SetHelpType
 0001:000630B4       ActnList.TCustomAction.SetHint
 0001:00063114       ActnList.TCustomAction.SetImageIndex
 0001:00063234       ActnList.TCustomAction.SetName
 0001:00063334       ActnList.TCustomAction.SetSecondaryShortCuts
 0001:00063170       ActnList.TCustomAction.SetShortCut
 0001:000631D4       ActnList.TCustomAction.SetVisible
 0001:00062888       ActnList.TCustomActionList.AddAction
 0001:000628C4       ActnList.TCustomActionList.Change
 0001:000626B0       ActnList.TCustomActionList.Create
 0001:0006271C       ActnList.TCustomActionList.Destroy
 0001:000629D0       ActnList.TCustomActionList.ExecuteAction
 0001:000627E4       ActnList.TCustomActionList.GetAction
 0001:000627F8       ActnList.TCustomActionList.GetActionCount
 0001:0006276C       ActnList.TCustomActionList.GetChildren
 0001:00062834       ActnList.TCustomActionList.ImageListChange
 0001:0006292C       ActnList.TCustomActionList.IsShortCut
 0001:00062840       ActnList.TCustomActionList.Notification
 0001:000628A8       ActnList.TCustomActionList.RemoveAction
 0001:000627B4       ActnList.TCustomActionList.SetChildOrder
 0001:00062800       ActnList.TCustomActionList.SetImages
 0001:00062A10       ActnList.TCustomActionList.SetState
 0001:000629F0       ActnList.TCustomActionList.UpdateAction
 0001:00063398       ActnList.TShortCutList.Add
 0001:00063400       ActnList.TShortCutList.IndexOfShortCut
 0004:00004454       Buttons..5
 0001:000A217C       Buttons..TBitBtn
 0001:000A2010       Buttons..TBitBtnActionLink
 0001:000A2874       Buttons..TButtonGlyph
 0001:000A281C       Buttons..TGlyphCache
 0001:000A275C       Buttons..TGlyphList
 0001:000A1A24       Buttons..TSpeedButton
 0001:000A192C       Buttons..TSpeedButtonActionLink
 0003:00004968       Buttons.BitBtnCaptions
 0004:00004458       Buttons.BitBtnGlyphs
 0003:00004994       Buttons.BitBtnModalResults
 0003:0000493C       Buttons.BitBtnResNames
 0003:000049C4       Buttons.ButtonCount
 0002:000009EC       Buttons.Buttons
 0001:000A5328       Buttons.DestroyLocals
 0003:000049C8       Buttons.DownStyles
 0003:000049D0       Buttons.FillStyles
 0001:000A553C       Buttons.Finalization
 0001:000A26D0       Buttons.GetBitBtnGlyph
 0003:000049C0       Buttons.GlyphCache
 0003:000049D8       Buttons.NewState
 0001:000A526C       Buttons.TBitBtn.ActionChange
 0001:000A49A8       Buttons.TBitBtn.Click
 0001:000A4E7C       Buttons.TBitBtn.CMEnabledChanged
 0001:000A4E64       Buttons.TBitBtn.CMFontChanged
 0001:000A5344       Buttons.TBitBtn.CMMouseEnter
 0001:000A5380       Buttons.TBitBtn.CMMouseLeave
 0001:000A4A28       Buttons.TBitBtn.CNDrawItem
 0001:000A4A18       Buttons.TBitBtn.CNMeasureItem
 0001:000A51E8       Buttons.TBitBtn.CopyImage
 0001:000A4868       Buttons.TBitBtn.Create
 0001:000A4958       Buttons.TBitBtn.CreateHandle
 0001:000A4984       Buttons.TBitBtn.CreateParams
 0001:000A491C       Buttons.TBitBtn.Destroy
 0001:000A4A34       Buttons.TBitBtn.DrawItem
 0001:000A53B4       Buttons.TBitBtn.GetActionLinkClass
 0001:000A4EE0       Buttons.TBitBtn.GetGlyph
 0001:000A50F0       Buttons.TBitBtn.GetKind
 0001:000A5178       Buttons.TBitBtn.GetNumGlyphs
 0001:000A4EA8       Buttons.TBitBtn.GetPalette
 0001:000A4EEC       Buttons.TBitBtn.GlyphChanged
 0001:000A4EF8       Buttons.TBitBtn.IsCustom
 0001:000A5030       Buttons.TBitBtn.IsCustomCaption
 0001:000A4994       Buttons.TBitBtn.SetButtonStyle
 0001:000A4EBC       Buttons.TBitBtn.SetGlyph
 0001:000A4F24       Buttons.TBitBtn.SetKind
 0001:000A5160       Buttons.TBitBtn.SetLayout
 0001:000A51CC       Buttons.TBitBtn.SetMargin
 0001:000A5184       Buttons.TBitBtn.SetNumGlyphs
 0001:000A51B4       Buttons.TBitBtn.SetSpacing
 0001:000A4F0C       Buttons.TBitBtn.SetStyle
 0001:000A4E94       Buttons.TBitBtn.WMLButtonDblClk
 0001:000A53BC       Buttons.TBitBtnActionLink.AssignClient
 0001:000A53E0       Buttons.TBitBtnActionLink.Create
 0001:000A541C       Buttons.TBitBtnActionLink.IsImageIndexLinked
 0001:000A544C       Buttons.TBitBtnActionLink.SetImageIndex
 0001:000A3520       Buttons.TButtonGlyph.CalcButtonLayout
 0001:000A2B00       Buttons.TButtonGlyph.Create
 0001:000A2D00       Buttons.TButtonGlyph.CreateButtonGlyph
 0001:000A2B90       Buttons.TButtonGlyph.Destroy
 0001:000A3864       Buttons.TButtonGlyph.Draw
 0001:000A32D4       Buttons.TButtonGlyph.DrawButtonGlyph
 0001:000A3430       Buttons.TButtonGlyph.DrawButtonText
 0001:000A2C30       Buttons.TButtonGlyph.GlyphChanged
 0001:000A2BEC       Buttons.TButtonGlyph.Invalidate
 0001:000A2C60       Buttons.TButtonGlyph.SetGlyph
 0001:000A2CD8       Buttons.TButtonGlyph.SetNumGlyphs
 0001:000A29FC       Buttons.TGlyphCache.Create
 0001:000A2A40       Buttons.TGlyphCache.Destroy
 0001:000A2AF4       Buttons.TGlyphCache.Empty
 0001:000A2A70       Buttons.TGlyphCache.GetList
 0001:000A2AD0       Buttons.TGlyphCache.ReturnList
 0001:000A29A0       Buttons.TGlyphList.AddMasked
 0001:000A2954       Buttons.TGlyphList.AllocateIndex
 0001:000A28D0       Buttons.TGlyphList.CreateSize
 0001:000A29CC       Buttons.TGlyphList.Delete
 0001:000A2924       Buttons.TGlyphList.Destroy
 0001:000A4794       Buttons.TSpeedButton.ActionChange
 0001:000A4260       Buttons.TSpeedButton.Click
 0001:000A44E4       Buttons.TSpeedButton.CMButtonPressed
 0001:000A4558       Buttons.TSpeedButton.CMDialogChar
 0001:000A44B0       Buttons.TSpeedButton.CMEnabledChanged
 0001:000A45F0       Buttons.TSpeedButton.CMFontChanged
 0001:000A4634       Buttons.TSpeedButton.CMMouseEnter
 0001:000A46A8       Buttons.TSpeedButton.CMMouseLeave
 0001:000A4610       Buttons.TSpeedButton.CMSysColorChange
 0001:000A4600       Buttons.TSpeedButton.CMTextChanged
 0001:000A4710       Buttons.TSpeedButton.CopyImage
 0001:000A3A90       Buttons.TSpeedButton.Create
 0001:000A3B50       Buttons.TSpeedButton.Destroy
 0001:000A427C       Buttons.TSpeedButton.GetActionLinkClass
 0001:000A4284       Buttons.TSpeedButton.GetGlyph
 0001:000A42AC       Buttons.TSpeedButton.GetNumGlyphs
 0001:000A4268       Buttons.TSpeedButton.GetPalette
 0001:000A42E8       Buttons.TSpeedButton.GlyphChanged
 0001:000A4030       Buttons.TSpeedButton.Loaded
 0001:000A405C       Buttons.TSpeedButton.MouseDown
 0001:000A40B8       Buttons.TSpeedButton.MouseMove
 0001:000A4160       Buttons.TSpeedButton.MouseUp
 0001:000A3B88       Buttons.TSpeedButton.Paint
 0001:000A4478       Buttons.TSpeedButton.SetAllowAllUp
 0001:000A4330       Buttons.TSpeedButton.SetDown
 0001:000A43A0       Buttons.TSpeedButton.SetFlat
 0001:000A4290       Buttons.TSpeedButton.SetGlyph
 0001:000A43C0       Buttons.TSpeedButton.SetGroupIndex
 0001:000A43D4       Buttons.TSpeedButton.SetLayout
 0001:000A43F4       Buttons.TSpeedButton.SetMargin
 0001:000A42B8       Buttons.TSpeedButton.SetNumGlyphs
 0001:000A4418       Buttons.TSpeedButton.SetSpacing
 0001:000A4438       Buttons.TSpeedButton.SetTransparent
 0001:000A42F8       Buttons.TSpeedButton.UpdateExclusive
 0001:000A3FCC       Buttons.TSpeedButton.UpdateTracking
 0001:000A448C       Buttons.TSpeedButton.WMLButtonDblClk
 0001:000A38D8       Buttons.TSpeedButtonActionLink.AssignClient
 0001:000A38FC       Buttons.TSpeedButtonActionLink.Create
 0001:000A3938       Buttons.TSpeedButtonActionLink.IsCheckedLinked
 0001:000A3984       Buttons.TSpeedButtonActionLink.IsGroupIndexLinked
 0001:000A39B4       Buttons.TSpeedButtonActionLink.IsImageIndexLinked
 0001:000A39E4       Buttons.TSpeedButtonActionLink.SetChecked
 0001:000A3A04       Buttons.TSpeedButtonActionLink.SetGroupIndex
 0001:000A3A24       Buttons.TSpeedButtonActionLink.SetImageIndex
 0004:000032D4       Classes..95
 0001:00016AF8       Classes..EBitsError
 0001:000169E8       Classes..EClassNotFound
 0001:00016BB0       Classes..EComponentError
 0001:0001682C       Classes..EFCreateError
 0001:000168E0       Classes..EFilerError
 0001:000167CC       Classes..EFileStreamError
 0001:00016888       Classes..EFOpenError
 0001:00016C68       Classes..EInvalidOperation
 0001:00016AA0       Classes..EListError
 0001:00016C0C       Classes..EOutOfResources
 0001:00016938       Classes..EReadError
 0001:00016A44       Classes..EResNotFound
 0001:00016770       Classes..EStreamError
 0001:00016B50       Classes..EStringListError
 0001:00017B48       Classes..EThread
 0001:00016990       Classes..EWriteError
 0001:00017F3C       Classes..TBasicAction
 0001:00017EBC       Classes..TBasicActionLink
 0001:00016D84       Classes..TBits
 0001:00017974       Classes..TClassFinder
 0001:00017034       Classes..TCollection
 0001:00016F7C       Classes..TCollectionItem
 0001:00017D5C       Classes..TComponent
 0001:000175E0       Classes..TCustomMemoryStream
 0001:000179D0       Classes..TFiler
 0001:00017558       Classes..TFileStream
 0001:000174E0       Classes..THandleStream
 0001:00018E00       Classes..TIntConst
 0001:00016EC8       Classes..TInterfacedPersistent
 0001:00016CC8       Classes..TList
 0001:0001765C       Classes..TMemoryStream
 0001:00017108       Classes..TOwnedCollection
 0001:00016DD8       Classes..TPersistent
 0001:0001D12C       Classes..TPropFixup
 0001:0001D1A4       Classes..TPropIntfFixup
 0001:00017A34       Classes..TReader
 0001:000180DC       Classes..TRegGroup
 0001:00018134       Classes..TRegGroups
 0001:00017760       Classes..TResourceStream
 0001:0001744C       Classes..TStream
 0001:000178EC       Classes..TStreamAdapter
 0001:00017334       Classes..TStringList
 0001:000171FC       Classes..TStrings
 0001:000176D8       Classes..TStringStream
 0001:00017C0C       Classes..TThread
 0001:00016D2C       Classes..TThreadList
 0001:00017AC8       Classes..TWriter
 0001:00018DA4       Classes.ActivateClassGroup
 0003:00000B5C       Classes.AddDataModule
 0001:0001D404       Classes.AddFinished
 0001:0001D43C       Classes.AddNotFinished
 0001:0001DFB0       Classes.AddSubComponentsToLoaded
 0001:00022820       Classes.AddThread
 0001:00024284       Classes.AllocateHWnd
 0001:00020E90       Classes.AncestorIsValid
 0003:00000B6C       Classes.ApplicationHandleException
 0003:00000B74       Classes.ApplicationShowException
 0001:00019178       Classes.BeginGlobalLoading
 0001:0002270C       Classes.BinToHex
 0003:00000C30       Classes.BlockCode
 0001:00018084       Classes.Bounds
 0001:000241C0       Classes.CalcJmpOffset
 0001:0001DFEC       Classes.CheckSubComponents
 0001:00022838       Classes.CheckSynchronize
 0002:000001F8       Classes.Classes
 0001:00018B68       Classes.ClassNotFound
 0001:00019438       Classes.CollectionsEqual
 0001:0001E0CC       Classes.ComponentCreated
 0003:00000BA0       Classes.Convert
 0003:00000B90       Classes.Convert
 0001:0001E14C       Classes.CreateComponent
 0001:00024338       Classes.DeallocateHWnd
 0001:000227D4       Classes.DoneThreadSynchronization
 0001:0001AC9C       Classes.DoWrite
 0001:00019200       Classes.EndGlobalLoading
 0001:00018708       Classes.Error
 0001:0001CF64       Classes.Error
 0003:00000B84       Classes.FilerSignature
 0001:00024360       Classes.Finalization
 0001:0002057C       Classes.FindAncestor
 0001:00018C28       Classes.FindClass
 0001:0001E2FC       Classes.FindExistingComponent
 0001:00019090       Classes.FindGlobalComponent
 0004:000032E0       Classes.FindGlobalComponentProcs
 0001:00018F38       Classes.FindIdentToInt
 0001:00018EBC       Classes.FindIntToIdent
 0001:0002131C       Classes.FindMethodName
 0001:0001D338       Classes.FindNestedComponent
 0001:0001F24C       Classes.FindUniqueName
 0001:0002412C       Classes.FreeIntConstList
 0001:00024260       Classes.FreeObjectInstance
 0001:00018BD4       Classes.GetClass
 0001:00021A0C       Classes.GetComponentValue
 0001:0001A21C       Classes.GetDesigner
 0001:00018B5C       Classes.GetFieldClassTable
 0004:000032E4       Classes.GlobalFixupList
 0001:0001D484       Classes.GlobalFixupReferences
 0005:0000000C       Classes.GlobalLists
 0005:00000008       Classes.GlobalLoaded
 0004:000032C8       Classes.GlobalNameSpace
 0001:00018D50       Classes.GroupDescendentsWith
 0001:0001EA70       Classes.HandleException
 0001:00022748       Classes.HexToBin
 0001:00018FB4       Classes.IdentToInt
 0001:0001925C       Classes.InitComponent
 0001:00019304       Classes.InitInheritedComponent
 0001:000227A0       Classes.InitThreadSynchronization
 0004:00003304       Classes.InstBlockList
 0004:00003308       Classes.InstFreeList
 0004:000032D8       Classes.IntConstList
 0001:000190F4       Classes.InternalReadComponentRes
 0001:00018FF4       Classes.IntToIdent
 0001:000180C0       Classes.InvalidPoint
 0001:000180AC       Classes.InvalidPoint
 0001:0002109C       Classes.IsDefault
 0001:00020F18       Classes.IsDefaultFloatProp
 0001:00020F74       Classes.IsDefaultInt64Prop
 0001:00021240       Classes.IsDefaultInterfaceProp
 0001:00021388       Classes.IsDefaultMethodProp
 0001:000210F4       Classes.IsDefaultObjectProp
 0001:00020EC0       Classes.IsDefaultOrdProp
 0001:000214C0       Classes.IsDefaultPropertyValue
 0001:00020FCC       Classes.IsDefaultStrProp
 0001:00021174       Classes.IsDefaultValue
 0001:00021428       Classes.IsDefaultVariantProp
 0001:000190D0       Classes.IsUniqueGlobalComponentName
 0004:000032CC       Classes.IsUniqueGlobalComponentNameProc
 0001:000241C8       Classes.MakeObjectInstance
 0001:00019E28       Classes.Min
 0001:00024198       Classes.ModuleUnload
 0003:00000B88       Classes.NilMethod
 0001:0001A2BC       Classes.NotifyDesigner
 0001:000191D0       Classes.NotifyGlobalLoading
 0001:0002105C       Classes.ObjectAncestorMatch
 0001:000219F4       Classes.OwnedBy
 0001:00018034       Classes.Point
 0001:00018494       Classes.PointerInModule
 0003:00000C14       Classes.Priorities
 0001:0001D7A4       Classes.PropertyNotFound
 0001:0001EB70       Classes.PropPathError
 0001:0001D798       Classes.PropValueError
 0001:0001C548       Classes.RaiseException
 0001:0001FE00       Classes.ReadCustomVariant
 0001:0001D780       Classes.ReadError
 0001:0001E0EC       Classes.Recover
 0001:0001805C       Classes.Rect
 0004:000032DC       Classes.RegGroups
 0001:00018C48       Classes.RegisterClass
 0001:00019038       Classes.RegisterFindGlobalComponentProc
 0001:00018E90       Classes.RegisterIntegerConsts
 0003:00000B64       Classes.RemoveDataModule
 0001:0001D650       Classes.RemoveFixupReferences
 0001:0001D6FC       Classes.RemoveFixups
 0001:0001DA94       Classes.RemoveGlobalFixup
 0001:0002282C       Classes.RemoveThread
 0001:000227EC       Classes.ResetSyncEvent
 0001:0001ADFC       Classes.ReturnAddr
 0001:0001962C       Classes.ReturnAddr
 0001:0001E25C       Classes.SetCompName
 0001:0001D7D0       Classes.SetElementValue
 0001:0001EE74       Classes.SetInterfaceReference
 0001:0001ED90       Classes.SetIntIdent
 0001:0001EDD8       Classes.SetObjectIdent
 0001:0001E064       Classes.SetSubComponentState
 0001:0001EE18       Classes.SetVariantReference
 0001:00022814       Classes.SignalSyncEvent
 0001:0001F920       Classes.SkipBinary
 0001:0001F950       Classes.SkipCollection
 0001:0001F8F8       Classes.SkipList
 0001:0001804C       Classes.SmallPoint
 0001:00018D04       Classes.StartClassGroup
 0001:000241A0       Classes.StdWndProc
 0001:0001C370       Classes.StringListCompareStrings
 0004:000032D0       Classes.SyncEvent
 0003:00000C10       Classes.SyncList
 0001:00023B98       Classes.TBasicAction.Change
 0001:00023A2C       Classes.TBasicAction.Create
 0001:00023A70       Classes.TBasicAction.Destroy
 0001:00023B04       Classes.TBasicAction.Execute
 0001:00023AD4       Classes.TBasicAction.ExecuteTarget
 0001:00023AD0       Classes.TBasicAction.HandlesTarget
 0001:00023AD8       Classes.TBasicAction.Notification
 0001:00023BAC       Classes.TBasicAction.RegisterChanges
 0001:00023BF8       Classes.TBasicAction.SetActionComponent
 0001:00023B3C       Classes.TBasicAction.SetOnExecute
 0001:00023BB8       Classes.TBasicAction.UnRegisterChanges
 0001:00023B20       Classes.TBasicAction.Update
 0001:00023B00       Classes.TBasicAction.UpdateTarget
 0001:0002397C       Classes.TBasicActionLink.AssignClient
 0001:000239B4       Classes.TBasicActionLink.Change
 0001:00023938       Classes.TBasicActionLink.Create
 0001:00023980       Classes.TBasicActionLink.Destroy
 0001:000239CC       Classes.TBasicActionLink.Execute
 0001:00023A14       Classes.TBasicActionLink.IsOnExecuteLinked
 0001:000239E8       Classes.TBasicActionLink.SetAction
 0001:00023A18       Classes.TBasicActionLink.SetOnExecute
 0001:00023A20       Classes.TBasicActionLink.Update
 0001:00019DE0       Classes.TBits.Destroy
 0001:00019E10       Classes.TBits.Error
 0001:00019F04       Classes.TBits.GetBit
 0001:00019F1C       Classes.TBits.OpenBit
 0001:00019ED8       Classes.TBits.SetBit
 0001:00019E34       Classes.TBits.SetSize
 0001:00018978       Classes.TClassFinder.Create
 0001:00018AA4       Classes.TClassFinder.Destroy
 0001:00018AD4       Classes.TClassFinder.GetClass
 0001:0001A59C       Classes.TCollection.Add
 0001:0001AA28       Classes.TCollection.Added
 0001:0001A5BC       Classes.TCollection.Assign
 0001:0001A654       Classes.TCollection.BeginUpdate
 0001:0001A658       Classes.TCollection.Changed
 0001:0001A668       Classes.TCollection.Clear
 0001:0001A504       Classes.TCollection.Create
 0001:0001A9EC       Classes.TCollection.Delete
 0001:0001AA2C       Classes.TCollection.Deleting
 0001:0001A550       Classes.TCollection.Destroy
 0001:0001A6D0       Classes.TCollection.EndUpdate
 0001:0001A6E0       Classes.TCollection.GetAttr
 0001:0001A6DC       Classes.TCollection.GetAttrCount
 0001:0001A70C       Classes.TCollection.GetCount
 0001:0001A714       Classes.TCollection.GetItem
 0001:0001A6EC       Classes.TCollection.GetItemAttr
 0001:0001A728       Classes.TCollection.GetNamePath
 0001:0001A7F0       Classes.TCollection.GetPropName
 0001:0001A90C       Classes.TCollection.Insert
 0001:0001A928       Classes.TCollection.InsertItem
 0001:0001AA30       Classes.TCollection.Notify
 0001:0001AA1C       Classes.TCollection.Owner
 0001:0001A990       Classes.TCollection.RemoveItem
 0001:0001A9E4       Classes.TCollection.SetItemName
 0001:0001A9E8       Classes.TCollection.Update
 0001:0001A388       Classes.TCollectionItem.Changed
 0001:0001A320       Classes.TCollectionItem.Create
 0001:0001A358       Classes.TCollectionItem.Destroy
 0001:0001A3C4       Classes.TCollectionItem.GetDisplayName
 0001:0001A3AC       Classes.TCollectionItem.GetIndex
 0001:0001A3EC       Classes.TCollectionItem.GetNamePath
 0001:0001A4A0       Classes.TCollectionItem.GetOwner
 0001:0001A4A4       Classes.TCollectionItem.SetCollection
 0001:0001A4CC       Classes.TCollectionItem.SetDisplayName
 0001:0001A4D4       Classes.TCollectionItem.SetIndex
 0001:000231BC       Classes.TComponent.BeforeDestruction
 0001:000236F4       Classes.TComponent.ChangeName
 0001:000230F4       Classes.TComponent.Create
 0001:00023484       Classes.TComponent.DefineProperties
 0001:00023140       Classes.TComponent.Destroy
 0001:0002334C       Classes.TComponent.DestroyComponents
 0001:000233A8       Classes.TComponent.Destroying
 0001:00023830       Classes.TComponent.ExecuteAction
 0001:00023614       Classes.TComponent.FindComponent
 0001:000231C8       Classes.TComponent.FreeNotification
 0001:00023518       Classes.TComponent.GetChildOwner
 0001:0002351C       Classes.TComponent.GetChildParent
 0001:00023510       Classes.TComponent.GetChildren
 0001:00023708       Classes.TComponent.GetComponent
 0001:00023734       Classes.TComponent.GetComponentCount
 0001:00023520       Classes.TComponent.GetNamePath
 0001:00023534       Classes.TComponent.GetOwner
 0001:0002353C       Classes.TComponent.GetParentComponent
 0001:0002350C       Classes.TComponent.HasParent
 0001:0002325C       Classes.TComponent.Insert
 0001:000232B0       Classes.TComponent.InsertComponent
 0001:00023934       Classes.TComponent.IntfGetComponent
 0001:0002355C       Classes.TComponent.Loaded
 0001:00023424       Classes.TComponent.Notification
 0001:00023568       Classes.TComponent.PaletteCreated
 0001:000238B4       Classes.TComponent.QueryInterface
 0001:0002321C       Classes.TComponent.ReadLeft
 0001:0002356C       Classes.TComponent.ReadState
 0001:00023230       Classes.TComponent.ReadTop
 0001:00023288       Classes.TComponent.Remove
 0001:00023314       Classes.TComponent.RemoveComponent
 0001:00023408       Classes.TComponent.RemoveFreeNotification
 0001:000233E4       Classes.TComponent.RemoveNotification
 0001:00023894       Classes.TComponent.SafeCallException
 0001:00023538       Classes.TComponent.SetChildOrder
 0001:00023744       Classes.TComponent.SetComponentIndex
 0001:00023798       Classes.TComponent.SetDesigning
 0001:00023664       Classes.TComponent.SetName
 0001:00023540       Classes.TComponent.SetParentComponent
 0001:000237E8       Classes.TComponent.SetReference
 0001:00023880       Classes.TComponent.SetSubComponent
 0001:00023858       Classes.TComponent.UpdateAction
 0001:00023550       Classes.TComponent.Updated
 0001:000238AC       Classes.TComponent.UpdateRegistry
 0001:00023544       Classes.TComponent.Updating
 0001:000235FC       Classes.TComponent.ValidateContainer
 0001:00023610       Classes.TComponent.ValidateInsert
 0001:0002357C       Classes.TComponent.ValidateRename
 0001:00023244       Classes.TComponent.WriteLeft
 0001:00023574       Classes.TComponent.WriteState
 0001:00023250       Classes.TComponent.WriteTop
 0001:000238F4       Classes.TComponent._AddRef
 0001:00023914       Classes.TComponent._Release
 0001:0001CB68       Classes.TCustomMemoryStream.Read
 0001:0001CBDC       Classes.TCustomMemoryStream.SaveToFile
 0001:0001CBC4       Classes.TCustomMemoryStream.SaveToStream
 0001:0001CBA0       Classes.TCustomMemoryStream.Seek
 0001:0001CB60       Classes.TCustomMemoryStream.SetPointer
 0001:0001D0B8       Classes.TFiler.Create
 0001:0001D100       Classes.TFiler.Destroy
 0001:0001D128       Classes.TFiler.SetRoot
 0001:0001C9B8       Classes.TFileStream.Create
 0001:0001C974       Classes.TFileStream.Create
 0001:0001CB2C       Classes.TFileStream.Destroy
 0001:0001C8B0       Classes.THandleStream.Create
 0001:0001C8EC       Classes.THandleStream.Read
 0001:0001C90C       Classes.THandleStream.Seek
 0001:0001C94C       Classes.THandleStream.SetSize
 0001:0001C938       Classes.THandleStream.SetSize
 0001:0001C8FC       Classes.THandleStream.Write
 0004:00003300       Classes.ThreadCount
 0004:000032E8       Classes.ThreadLock
 0001:00022A10       Classes.ThreadProc
 0001:00018E58       Classes.TIntConst.Create
 0001:0001A164       Classes.TInterfacedPersistent.AfterConstruction
 0001:0001A1F4       Classes.TInterfacedPersistent.QueryInterface
 0001:0001A1B4       Classes.TInterfacedPersistent._AddRef
 0001:0001A1D4       Classes.TInterfacedPersistent._Release
 0001:0001957C       Classes.TList.Add
 0001:0001994C       Classes.TList.Assign
 0001:000195B0       Classes.TList.Clear
 0001:000195C8       Classes.TList.Delete
 0001:0001955C       Classes.TList.Destroy
 0001:00019630       Classes.TList.Error
 0001:00019668       Classes.TList.Error
 0001:000196BC       Classes.TList.Expand
 0001:000196D4       Classes.TList.First
 0001:000196DC       Classes.TList.Get
 0001:00019704       Classes.TList.Grow
 0001:00019738       Classes.TList.IndexOf
 0001:00019758       Classes.TList.Insert
 0001:000197C4       Classes.TList.Last
 0001:000197D0       Classes.TList.Move
 0001:00019948       Classes.TList.Notify
 0001:00019828       Classes.TList.Put
 0001:00019878       Classes.TList.Remove
 0001:00019898       Classes.TList.SetCapacity
 0001:000198D4       Classes.TList.SetCount
 0001:0001CC60       Classes.TMemoryStream.Clear
 0001:0001CC34       Classes.TMemoryStream.Destroy
 0001:0001CC78       Classes.TMemoryStream.LoadFromStream
 0001:0001CD04       Classes.TMemoryStream.Realloc
 0001:0001CCB0       Classes.TMemoryStream.SetCapacity
 0001:0001CCD8       Classes.TMemoryStream.SetSize
 0001:0001CD84       Classes.TMemoryStream.Write
 0001:0001AA54       Classes.TOwnedCollection.Create
 0001:0001AA98       Classes.TOwnedCollection.GetOwner
 0001:00019FC0       Classes.TPersistent.Assign
 0001:00019FD4       Classes.TPersistent.AssignError
 0001:0001A0A4       Classes.TPersistent.AssignTo
 0001:0001A0AC       Classes.TPersistent.DefineProperties
 0001:00019F94       Classes.TPersistent.Destroy
 0001:0001A0B0       Classes.TPersistent.GetNamePath
 0001:0001A160       Classes.TPersistent.GetOwner
 0001:0001D204       Classes.TPropFixup.Create
 0001:0001D25C       Classes.TPropFixup.MakeGlobalReference
 0001:0001D2A4       Classes.TPropFixup.ResolveReference
 0001:0001D2B4       Classes.TPropIntfFixup.ResolveReference
 0001:0001D824       Classes.TReader.CheckValue
 0001:0001D884       Classes.TReader.DefineBinaryProperty
 0001:0001D848       Classes.TReader.DefineProperty
 0001:0001D7E8       Classes.TReader.Destroy
 0001:0001DB10       Classes.TReader.DoFixupReferences
 0001:0001D96C       Classes.TReader.EndOfList
 0001:0001D980       Classes.TReader.Error
 0001:0001FC4C       Classes.TReader.FindAncestorComponent
 0001:0001FD44       Classes.TReader.FindComponentClass
 0001:0001DA2C       Classes.TReader.FindMethod
 0001:0001D9A4       Classes.TReader.FindMethodInstance
 0001:0001DC54       Classes.TReader.FlushBuffer
 0001:0001DC78       Classes.TReader.FreeFixups
 0001:0001DCB4       Classes.TReader.GetFieldClass
 0001:0001DD4C       Classes.TReader.GetPosition
 0001:0001DD64       Classes.TReader.NextValue
 0001:0001DD74       Classes.TReader.PropertyError
 0001:0001DD88       Classes.TReader.Read
 0001:0001DE10       Classes.TReader.ReadBoolean
 0001:0001DDD4       Classes.TReader.ReadBuffer
 0001:0001DE24       Classes.TReader.ReadChar
 0001:0001DEE0       Classes.TReader.ReadCollection
 0001:0001E3A0       Classes.TReader.ReadComponent
 0001:0001E7E0       Classes.TReader.ReadCurrency
 0001:0001E5E0       Classes.TReader.ReadData
 0001:0001E650       Classes.TReader.ReadDataInner
 0001:0001E830       Classes.TReader.ReadDate
 0001:0001E758       Classes.TReader.ReadDouble
 0001:0001E720       Classes.TReader.ReadFloat
 0001:0001E874       Classes.TReader.ReadIdent
 0001:0001E9DC       Classes.TReader.ReadInt64
 0001:0001E970       Classes.TReader.ReadInteger
 0001:0001EA20       Classes.TReader.ReadListBegin
 0001:0001EA28       Classes.TReader.ReadListEnd
 0001:0001EA30       Classes.TReader.ReadPrefix
 0001:0001EB8C       Classes.TReader.ReadProperty
 0001:0001EF34       Classes.TReader.ReadPropValue
 0001:0001F2AC       Classes.TReader.ReadRootComponent
 0001:0001F5E0       Classes.TReader.ReadSet
 0001:0001F69C       Classes.TReader.ReadSignature
 0001:0001E79C       Classes.TReader.ReadSingle
 0001:0001F6C0       Classes.TReader.ReadStr
 0001:0001F6FC       Classes.TReader.ReadString
 0001:0001F89C       Classes.TReader.ReadValue
 0001:0001FFC8       Classes.TReader.ReadVariant
 0001:0001DE84       Classes.TReader.ReadWideChar
 0001:0001F7B8       Classes.TReader.ReadWideString
 0001:0001FD04       Classes.TReader.ReferenceName
 0001:0001FD1C       Classes.TReader.SetName
 0001:0001FDB8       Classes.TReader.SkipBytes
 0001:0001FBA4       Classes.TReader.SkipComponent
 0001:0001FB5C       Classes.TReader.SkipProperty
 0001:0001F8B0       Classes.TReader.SkipSetBody
 0001:0001F9AC       Classes.TReader.SkipValue
 0001:0001818C       Classes.TRegGroup.AddClass
 0001:00018198       Classes.TRegGroup.BestClass
 0001:000181F8       Classes.TRegGroup.BestGroup
 0001:00018268       Classes.TRegGroup.Create
 0001:000182C4       Classes.TRegGroup.Destroy
 0001:00018304       Classes.TRegGroup.GetClass
 0001:0001836C       Classes.TRegGroup.InGroup
 0001:000183B0       Classes.TRegGroup.RegisterClass
 0001:00018470       Classes.TRegGroup.Registered
 0001:000184B4       Classes.TRegGroup.UnregisterModuleClasses
 0001:00018560       Classes.TRegGroups.Activate
 0001:000185AC       Classes.TRegGroups.Create
 0001:00018620       Classes.TRegGroups.Destroy
 0001:00018680       Classes.TRegGroups.FindGroup
 0001:000186C4       Classes.TRegGroups.GetClass
 0001:00018798       Classes.TRegGroups.GroupWith
 0001:00018864       Classes.TRegGroups.Lock
 0001:00018870       Classes.TRegGroups.RegisterClass
 0001:00018888       Classes.TRegGroups.Registered
 0001:000188CC       Classes.TRegGroups.StartGroup
 0001:0001891C       Classes.TRegGroups.Unlock
 0001:00018928       Classes.TRegGroups.UnregisterModuleClasses
 0001:0001CF0C       Classes.TResourceStream.Create
 0001:0001D070       Classes.TResourceStream.Destroy
 0001:0001D004       Classes.TResourceStream.Initialize
 0001:0001D0A0       Classes.TResourceStream.Write
 0001:0001C6F8       Classes.TStream.CopyFrom
 0001:0001C45C       Classes.TStream.GetPosition
 0001:0001C490       Classes.TStream.GetSize
 0001:0001C688       Classes.TStream.ReadBuffer
 0001:0001C7EC       Classes.TStream.ReadComponent
 0001:0001C594       Classes.TStream.Seek
 0001:0001C618       Classes.TStream.Seek
 0001:0001C47C       Classes.TStream.SetPosition
 0001:0001C4F4       Classes.TStream.SetSize
 0001:0001C4DC       Classes.TStream.SetSize
 0001:0001C4E0       Classes.TStream.SetSize64
 0001:0001C6C0       Classes.TStream.WriteBuffer
 0001:0001C84C       Classes.TStream.WriteComponent
 0001:0001C854       Classes.TStream.WriteDescendent
 0001:00024114       Classes.TStreamAdapter.Clone
 0001:00024068       Classes.TStreamAdapter.Commit
 0001:00023E60       Classes.TStreamAdapter.CopyTo
 0001:00023C24       Classes.TStreamAdapter.Create
 0001:00023C70       Classes.TStreamAdapter.Destroy
 0001:00024080       Classes.TStreamAdapter.LockRegion
 0001:00023CA8       Classes.TStreamAdapter.Read
 0001:00024074       Classes.TStreamAdapter.Revert
 0001:00023D78       Classes.TStreamAdapter.Seek
 0001:00023DFC       Classes.TStreamAdapter.SetSize
 0001:00024098       Classes.TStreamAdapter.Stat
 0001:0002408C       Classes.TStreamAdapter.UnlockRegion
 0001:00023D10       Classes.TStreamAdapter.Write
 0001:0001BDDC       Classes.TStringList.Add
 0001:0001BDEC       Classes.TStringList.AddObject
 0001:0001BE50       Classes.TStringList.Changed
 0001:0001BE6C       Classes.TStringList.Changing
 0001:0001BE88       Classes.TStringList.Clear
 0001:0001C3D8       Classes.TStringList.CompareStrings
 0001:0001C3A0       Classes.TStringList.CustomSort
 0001:0001BEC8       Classes.TStringList.Delete
 0001:0001BD80       Classes.TStringList.Destroy
 0001:0001BF34       Classes.TStringList.Exchange
 0001:0001BF90       Classes.TStringList.ExchangeItems
 0001:0001BFB4       Classes.TStringList.Find
 0001:0001C038       Classes.TStringList.Get
 0001:0001C06C       Classes.TStringList.GetCapacity
 0001:0001C070       Classes.TStringList.GetCount
 0001:0001C074       Classes.TStringList.GetObject
 0001:0001C09C       Classes.TStringList.Grow
 0001:0001C0D0       Classes.TStringList.IndexOf
 0001:0001C10C       Classes.TStringList.Insert
 0001:0001C170       Classes.TStringList.InsertItem
 0001:0001C11C       Classes.TStringList.InsertObject
 0001:0001C1EC       Classes.TStringList.Put
 0001:0001C248       Classes.TStringList.PutObject
 0001:0001C288       Classes.TStringList.QuickSort
 0001:0001C31C       Classes.TStringList.SetCapacity
 0001:0001C338       Classes.TStringList.SetSorted
 0001:0001C358       Classes.TStringList.SetUpdateState
 0001:0001C390       Classes.TStringList.Sort
 0001:0001AACC       Classes.TStrings.Add
 0001:0001AAF0       Classes.TStrings.AddObject
 0001:0001AB14       Classes.TStrings.AddStrings
 0001:0001ABCC       Classes.TStrings.Assign
 0001:0001AC84       Classes.TStrings.BeginUpdate
 0001:0001BD08       Classes.TStrings.CompareStrings
 0001:0001ACF4       Classes.TStrings.DefineProperties
 0001:0001AA9C       Classes.TStrings.Destroy
 0001:0001AD40       Classes.TStrings.EndUpdate
 0001:0001AD54       Classes.TStrings.Equals
 0001:0001AE00       Classes.TStrings.Error
 0001:0001AE38       Classes.TStrings.Error
 0001:0001AE90       Classes.TStrings.Exchange
 0001:0001AF7C       Classes.TStrings.ExtractName
 0001:0001AFF8       Classes.TStrings.GetCapacity
 0001:0001BC0C       Classes.TStrings.GetDelimiter
 0001:0001BC24       Classes.TStrings.GetLineBreak
 0001:0001B000       Classes.TStrings.GetName
 0001:0001BD4C       Classes.TStrings.GetNameValueSeparator
 0001:0001B060       Classes.TStrings.GetObject
 0001:0001BC58       Classes.TStrings.GetQuoteChar
 0001:0001BC70       Classes.TStrings.GetStrictDelimiter
 0001:0001B064       Classes.TStrings.GetText
 0001:0001B0B8       Classes.TStrings.GetTextStr
 0001:0001B1F0       Classes.TStrings.GetValue
 0001:0001B288       Classes.TStrings.IndexOf
 0001:0001B314       Classes.TStrings.IndexOfName
 0001:0001B3E8       Classes.TStrings.IndexOfObject
 0001:0001B41C       Classes.TStrings.InsertObject
 0001:0001B44C       Classes.TStrings.LoadFromFile
 0001:0001B4A0       Classes.TStrings.LoadFromStream
 0001:0001B54C       Classes.TStrings.Move
 0001:0001B5FC       Classes.TStrings.Put
 0001:0001B62C       Classes.TStrings.PutObject
 0001:0001B630       Classes.TStrings.ReadData
 0001:0001B6E0       Classes.TStrings.SaveToFile
 0001:0001B738       Classes.TStrings.SaveToStream
 0001:0001B798       Classes.TStrings.SetCapacity
 0001:0001B79C       Classes.TStrings.SetCommaText
 0001:0001BA70       Classes.TStrings.SetDelimitedText
 0001:0001BC88       Classes.TStrings.SetDelimiter
 0001:0001BCA4       Classes.TStrings.SetLineBreak
 0001:0001BD64       Classes.TStrings.SetNameValueSeparator
 0001:0001BCD0       Classes.TStrings.SetQuoteChar
 0001:0001BCEC       Classes.TStrings.SetStrictDelimiter
 0001:0001B7C0       Classes.TStrings.SetStringsAdapter
 0001:0001B7F4       Classes.TStrings.SetText
 0001:0001B844       Classes.TStrings.SetTextStr
 0001:0001B9E8       Classes.TStrings.SetUpdateState
 0001:0001B9EC       Classes.TStrings.WriteData
 0001:0001CDD4       Classes.TStringStream.Create
 0001:0001CE18       Classes.TStringStream.Read
 0001:0001CE90       Classes.TStringStream.Seek
 0001:0001CEF0       Classes.TStringStream.SetSize
 0001:0001CE58       Classes.TStringStream.Write
 0001:00022BFC       Classes.TThread.AfterConstruction
 0001:00022C9C       Classes.TThread.CallOnTerminate
 0001:00022C84       Classes.TThread.CheckThreadError
 0001:00022C08       Classes.TThread.CheckThreadError
 0001:00022AB8       Classes.TThread.Create
 0001:00022B88       Classes.TThread.Destroy
 0001:00022CB0       Classes.TThread.DoTerminate
 0001:00022CC4       Classes.TThread.GetPriority
 0001:00022D2C       Classes.TThread.RemoveQueuedEvents
 0001:00023020       Classes.TThread.Resume
 0001:00022D00       Classes.TThread.SetPriority
 0001:00022FB0       Classes.TThread.Suspend
 0001:00022F88       Classes.TThread.Synchronize
 0001:00022DEC       Classes.TThread.Synchronize
 0001:00023048       Classes.TThread.Terminate
 0001:00023050       Classes.TThread.WaitFor
 0001:00019CE8       Classes.TThreadList.Add
 0001:00019C18       Classes.TThreadList.Create
 0001:00019C6C       Classes.TThreadList.Destroy
 0001:00019D70       Classes.TThreadList.LockList
 0001:00019D84       Classes.TThreadList.Remove
 0001:00019DD4       Classes.TThreadList.UnlockList
 0001:00020214       Classes.TWriter.AddAncestor
 0001:00020248       Classes.TWriter.DefineBinaryProperty
 0001:00020220       Classes.TWriter.DefineProperty
 0001:000201E8       Classes.TWriter.Destroy
 0001:00020284       Classes.TWriter.FindMethodName
 0001:000202E0       Classes.TWriter.FlushBuffer
 0001:000226E8       Classes.TWriter.GetLookupInfo
 0001:00020274       Classes.TWriter.GetPosition
 0001:000202E8       Classes.TWriter.SetPosition
 0001:00020324       Classes.TWriter.SetRoot
 0001:0002033C       Classes.TWriter.Write
 0001:00020388       Classes.TWriter.WriteBinary
 0001:00020428       Classes.TWriter.WriteBoolean
 0001:00020410       Classes.TWriter.WriteBuffer
 0001:0002043C       Classes.TWriter.WriteChar
 0001:000204DC       Classes.TWriter.WriteCollection
 0001:000205CC       Classes.TWriter.WriteComponent
 0001:00020B98       Classes.TWriter.WriteCurrency
 0001:00020720       Classes.TWriter.WriteData
 0001:00020BBC       Classes.TWriter.WriteDate
 0001:00020B28       Classes.TWriter.WriteDescendent
 0001:00020B50       Classes.TWriter.WriteFloat
 0001:00020BE0       Classes.TWriter.WriteIdent
 0001:00020CA4       Classes.TWriter.WriteInteger
 0001:00020D18       Classes.TWriter.WriteInteger
 0001:00020D70       Classes.TWriter.WriteListBegin
 0001:00020D78       Classes.TWriter.WriteListEnd
 0001:0002251C       Classes.TWriter.WriteMinStr
 0001:00020D80       Classes.TWriter.WritePrefix
 0001:00020DC8       Classes.TWriter.WriteProperties
 0001:00021F18       Classes.TWriter.WriteProperty
 0001:0002246C       Classes.TWriter.WritePropName
 0001:000224C0       Classes.TWriter.WriteSignature
 0001:00020B74       Classes.TWriter.WriteSingle
 0001:000224D0       Classes.TWriter.WriteStr
 0001:000225C8       Classes.TWriter.WriteString
 0001:000226D4       Classes.TWriter.WriteValue
 0001:00022070       Classes.TWriter.WriteVariant
 0001:0002048C       Classes.TWriter.WriteWideChar
 0001:0002261C       Classes.TWriter.WriteWideString
 0001:00019078       Classes.UnregisterFindGlobalComponentProc
 0001:00018CB8       Classes.UnRegisterModuleClasses
 0003:00000C34       Classes.UtilWindowClass
 0001:000227F8       Classes.WaitForSyncEvent
 0003:00000B7C       Classes.WakeMainThread
 0001:000193CC       Classes.WriteCollection
 0001:0002177C       Classes.WriteCollectionProp
 0001:00021918       Classes.WriteFloatProp
 0001:00021958       Classes.WriteInt64Prop
 0001:00021D48       Classes.WriteInterfaceProp
 0001:00021710       Classes.WriteIntProp
 0001:00021E24       Classes.WriteMethodProp
 0001:00021B34       Classes.WriteObjectProp
 0001:00021820       Classes.WriteOrdProp
 0001:00021628       Classes.WritePropPath
 0001:0002167C       Classes.WriteSet
 0001:00021994       Classes.WriteStrProp
 0001:00021EB4       Classes.WriteVariantProp
 0004:000034D0       Clipbrd..2
 0004:000034CE       Clipbrd.CF_COMPONENT
 0004:000034CC       Clipbrd.CF_PICTURE
 0002:000004D8       Clipbrd.Clipbrd
 0004:000034D4       Clipbrd.FClipboard
 0001:00044404       Clipbrd.Finalization
 0004:00004498       ComCtrls..76
 0001:000A8E48       ComCtrls..ETreeViewError
 0001:000AE644       ComCtrls..TComboBoxExActionLink
 0001:000BF1F4       ComCtrls..TComboBoxExEnumerator
 0001:000AE338       ComCtrls..TComboBoxExStrings
 0001:000AE150       ComCtrls..TComboExItem
 0001:000AE284       ComCtrls..TComboExItems
 0001:000AAD0C       ComCtrls..TConversion
 0001:000AE450       ComCtrls..TCustomComboBoxEx
 0001:000ACD98       ComCtrls..TCustomListView
 0001:000AAD94       ComCtrls..TCustomRichEdit
 0001:000A7960       ComCtrls..TCustomTabControl
 0001:000A93FC       ComCtrls..TCustomTreeView
 0001:000AC01C       ComCtrls..TIconOptions
 0001:000ABAF0       ComCtrls..TListColumn
 0001:000ABCB4       ComCtrls..TListColumns
 0001:000ABD68       ComCtrls..TListItem
 0001:000ABE00       ComCtrls..TListItems
 0001:000AD00C       ComCtrls..TListView
 0001:000AE040       ComCtrls..TListViewActionLink
 0001:000A817C       ComCtrls..TPageControl
 0001:000AAB40       ComCtrls..TParaAttributes
 0001:000AA448       ComCtrls..TProgressBar
 0001:000AAF64       ComCtrls..TRichEdit
 0001:000B7124       ComCtrls..TRichEditStrings
 0001:000B9334       ComCtrls..TSubItems
 0001:000A7B1C       ComCtrls..TTabSheet
 0001:000AE844       ComCtrls..TTabStrings
 0001:000AAAAC       ComCtrls..TTextAttributes
 0001:000A8BF4       ComCtrls..TTreeNode
 0001:000A8CF4       ComCtrls..TTreeNodes
 0001:000A8C90       ComCtrls..TTreeNodesEnumerator
 0001:000A9640       ComCtrls..TTreeView
 0001:000ABE8C       ComCtrls..TWorkArea
 0001:000ABF38       ComCtrls..TWorkAreas
 0001:000B7754       ComCtrls.AdjustLineBreaks
 0003:00004A30       ComCtrls.AlignStyles
 0003:00004B1C       ComCtrls.Arrangements
 0003:00004B24       ComCtrls.AutoArrange
 0003:00004AB8       ComCtrls.AutoExpandStyles
 0003:00004AFC       ComCtrls.BorderStyles
 0003:00004A70       ComCtrls.BorderStyles
 0003:00004A88       ComCtrls.ButtonStyles
 0003:00004A64       ComCtrls.cAddMode
 0001:000AE79C       ComCtrls.CheckCommonControl
 0003:00004AE8       ComCtrls.Codes
 0003:00004B78       ComCtrls.Codes
 0004:000044AC       ComCtrls.CoInitExProcLoaded
 0004:000044A8       ComCtrls.CoInitializeExProc
 0003:00004B4C       ComCtrls.ColumnClicks
 0003:00004BA8       ComCtrls.ComboBoxExStyles
 0003:00004BB4       ComCtrls.ComboExStyles
 0004:000044A4       ComCtrls.ComCtlVersion
 0002:00000A38       ComCtrls.ComCtrls
 0003:00004A14       ComCtrls.ConversionFormatList
 0001:000BC2FC       ComCtrls.ConvertFlags
 0001:000BC164       ComCtrls.ConvertMask
 0001:000BC320       ComCtrls.ConvertStates
 0001:000BAAB0       ComCtrls.DefaultListViewSort
 0001:000B1030       ComCtrls.DefaultTreeViewSort
 0003:00004B64       ComCtrls.Directions
 0003:00004AA0       ComCtrls.DragStyles
 0003:00004B04       ComCtrls.EditStyles
 0003:00004A90       ComCtrls.EditStyles
 0003:00004AD0       ComCtrls.Empty
 0001:000C0500       ComCtrls.Finalization
 0004:000044A0       ComCtrls.FRichEditModule
 0001:000BA6F0       ComCtrls.GetByteLength
 0001:000AE7C4       ComCtrls.GetComCtlVersion
 0003:00004AD4       ComCtrls.HideScrollBars
 0003:00004A98       ComCtrls.HideSelections
 0003:00004B14       ComCtrls.HideSelections
 0003:00004ADC       ComCtrls.HideSelections
 0003:00004AC0       ComCtrls.HotTrackStyles
 0003:00004B90       ComCtrls.IAlignment
 0001:000AE770       ComCtrls.InitCommonControl
 0003:00004A78       ComCtrls.LineStyles
 0003:00004AF8       ComCtrls.ListItemStreamVersion
 0003:00004B0C       ComCtrls.MultiSelections
 0001:000B6110       ComCtrls.NodeInList
 0003:00004AE4       ComCtrls.Painting
 0001:000B6278       ComCtrls.ProgressLimitError
 0001:000BAF38       ComCtrls.ReadCols
 0003:00004A80       ComCtrls.RootStyles
 0003:00004AC8       ComCtrls.RowSelectStyles
 0003:00004A5C       ComCtrls.RRStyles
 0003:000049FC       ComCtrls.RTFConversionFormat
 0003:00004A28       ComCtrls.RTL
 0003:00004A18       ComCtrls.RTL
 0003:00004A20       ComCtrls.RTL
 0003:00004AA8       ComCtrls.RTLStyles
 0001:000AE7FC       ComCtrls.SetComCtlStyle
 0004:0000449C       ComCtrls.ShellModule
 0003:00004B44       ComCtrls.ShowColumns
 0001:000B6140       ComCtrls.SiblingNotInList
 0001:000B77E8       ComCtrls.StreamLoad
 0001:000B7788       ComCtrls.StreamSave
 0001:000AE944       ComCtrls.TabControlError
 0003:00004A50       ComCtrls.TabStyles
 0001:000C0294       ComCtrls.TComboBoxExActionLink.AddItem
 0001:000C0304       ComCtrls.TComboBoxExActionLink.AddItem
 0001:000C0338       ComCtrls.TComboBoxExEnumerator.Clone
 0001:000C037C       ComCtrls.TComboBoxExEnumerator.Create
 0001:000C03B8       ComCtrls.TComboBoxExEnumerator.GetCount
 0001:000C03C4       ComCtrls.TComboBoxExEnumerator.GetString
 0001:000C03E8       ComCtrls.TComboBoxExEnumerator.Next
 0001:000C04C0       ComCtrls.TComboBoxExEnumerator.Reset
 0001:000C04D4       ComCtrls.TComboBoxExEnumerator.Skip
 0001:000BFD6C       ComCtrls.TComboBoxExStrings.Add
 0001:000BFD90       ComCtrls.TComboBoxExStrings.AddObject
 0001:000BFDC0       ComCtrls.TComboBoxExStrings.Clear
 0001:000BFE28       ComCtrls.TComboBoxExStrings.Create
 0001:000BFEB4       ComCtrls.TComboBoxExStrings.Delete
 0001:000BFE84       ComCtrls.TComboBoxExStrings.Destroy
 0001:000BFEC0       ComCtrls.TComboBoxExStrings.Exchange
 0001:000C000C       ComCtrls.TComboBoxExStrings.Get
 0001:000C0030       ComCtrls.TComboBoxExStrings.GetCapacity
 0001:000C003C       ComCtrls.TComboBoxExStrings.GetCount
 0001:000C01A8       ComCtrls.TComboBoxExStrings.GetItemClass
 0001:000C01A0       ComCtrls.TComboBoxExStrings.GetItemsClass
 0001:000C0048       ComCtrls.TComboBoxExStrings.GetObject
 0001:000C0060       ComCtrls.TComboBoxExStrings.IndexOf
 0001:000C0104       ComCtrls.TComboBoxExStrings.IndexOfName
 0001:000C010C       ComCtrls.TComboBoxExStrings.Insert
 0001:000C0120       ComCtrls.TComboBoxExStrings.Move
 0001:000C0140       ComCtrls.TComboBoxExStrings.PutObject
 0001:000C0160       ComCtrls.TComboBoxExStrings.SetUpdateState
 0001:000BEDF8       ComCtrls.TComboExItem.Assign
 0001:000BEE4C       ComCtrls.TComboExItem.SetCaption
 0001:000BEE80       ComCtrls.TComboExItem.SetData
 0001:000BEEB4       ComCtrls.TComboExItem.SetDisplayName
 0001:000BEED4       ComCtrls.TComboExItem.SetImageIndex
 0001:000BEF04       ComCtrls.TComboExItem.SetIndex
 0001:000BEF20       ComCtrls.TComboExItem.SetOverlayImageIndex
 0001:000BEF3C       ComCtrls.TComboExItem.SetSelectedImageIndex
 0001:000BEF58       ComCtrls.TComboExItems.Add
 0001:000BEF64       ComCtrls.TComboExItems.AddItem
 0001:000BEFCC       ComCtrls.TComboExItems.GetComboItem
 0001:000BEFE0       ComCtrls.TComboExItems.Insert
 0001:000BF018       ComCtrls.TComboExItems.Notify
 0001:000BF088       ComCtrls.TComboExItems.SetItem
 0001:000B70FC       ComCtrls.TConversion.ConvertReadStream
 0001:000B7110       ComCtrls.TConversion.ConvertWriteStream
 0001:000BFAE0       ComCtrls.TCustomComboBoxEx.ActionChange
 0001:000BF624       ComCtrls.TCustomComboBoxEx.CMColorChanged
 0001:000BF5F8       ComCtrls.TCustomComboBoxEx.CMParentColorChanged
 0001:000BF3F8       ComCtrls.TCustomComboBoxEx.CNNotify
 0001:000BF6FC       ComCtrls.TCustomComboBoxEx.ComboExWndProc
 0001:000BF258       ComCtrls.TCustomComboBoxEx.Create
 0001:000BF448       ComCtrls.TCustomComboBoxEx.CreateParams
 0001:000BF71C       ComCtrls.TCustomComboBoxEx.CreateWnd
 0001:000BF380       ComCtrls.TCustomComboBoxEx.Destroy
 0001:000BFB8C       ComCtrls.TCustomComboBoxEx.DestroyWnd
 0001:000BFBF0       ComCtrls.TCustomComboBoxEx.Focused
 0001:000BFA78       ComCtrls.TCustomComboBoxEx.GetActionLinkClass
 0001:000BFA64       ComCtrls.TCustomComboBoxEx.GetItemCount
 0001:000BFB84       ComCtrls.TCustomComboBoxEx.GetItemHt
 0001:000BFA70       ComCtrls.TCustomComboBoxEx.GetItemsClass
 0001:000BF554       ComCtrls.TCustomComboBoxEx.ImageListChange
 0001:000BF5C8       ComCtrls.TCustomComboBoxEx.Notification
 0001:000BFB44       ComCtrls.TCustomComboBoxEx.SetDropDownCount
 0001:000BF4C0       ComCtrls.TCustomComboBoxEx.SetImages
 0001:000BFA80       ComCtrls.TCustomComboBoxEx.SetStyleEx
 0001:000BFC2C       ComCtrls.TCustomComboBoxEx.UpdateAutoComplete
 0001:000BFD4C       ComCtrls.TCustomComboBoxEx.WMHelp
 0001:000BF684       ComCtrls.TCustomComboBoxEx.WMLButtonDown
 0001:000BF580       ComCtrls.TCustomComboBoxEx.WndProc
 0001:000BED30       ComCtrls.TCustomListView.ActionChange
 0001:000BD274       ComCtrls.TCustomListView.AddItem
 0001:000BD7C8       ComCtrls.TCustomListView.AlphaSort
 0001:000BE9C8       ComCtrls.TCustomListView.AreItemsStored
 0001:000BDD08       ComCtrls.TCustomListView.Arrange
 0001:000BD2DC       ComCtrls.TCustomListView.CanChange
 0001:000BD394       ComCtrls.TCustomListView.CanEdit
 0001:000BE358       ComCtrls.TCustomListView.CanvasChanged
 0001:000BD324       ComCtrls.TCustomListView.Change
 0001:000BD190       ComCtrls.TCustomListView.ChangeScale
 0001:000BECD0       ComCtrls.TCustomListView.Clear
 0001:000BEB30       ComCtrls.TCustomListView.ClearSelection
 0001:000BBC0C       ComCtrls.TCustomListView.CMColorChanged
 0001:000BBC30       ComCtrls.TCustomListView.CMCtl3DChanged
 0001:000BD5E8       ComCtrls.TCustomListView.CMDrag
 0001:000BBEB0       ComCtrls.TCustomListView.CMFontChanged
 0001:000BE814       ComCtrls.TCustomListView.CMHintShow
 0001:000BE228       ComCtrls.TCustomListView.CNDrawItem
 0001:000BC36C       ComCtrls.TCustomListView.CNNotify
 0001:000BD204       ComCtrls.TCustomListView.ColClick
 0001:000BD224       ComCtrls.TCustomListView.ColRightClick
 0001:000BBE98       ComCtrls.TCustomListView.ColumnsShowing
 0001:000BEB6C       ComCtrls.TCustomListView.CopySelection
 0001:000BAB1C       ComCtrls.TCustomListView.Create
 0001:000BC118       ComCtrls.TCustomListView.CreateListItem
 0001:000BC154       ComCtrls.TCustomListView.CreateListItems
 0001:000BAE18       ComCtrls.TCustomListView.CreateParams
 0001:000BAFEC       ComCtrls.TCustomListView.CreateWnd
 0001:000BE474       ComCtrls.TCustomListView.CustomDraw
 0001:000BE4CC       ComCtrls.TCustomListView.CustomDrawItem
 0001:000BE540       ComCtrls.TCustomListView.CustomDrawSubItem
 0001:000BD35C       ComCtrls.TCustomListView.Delete
 0001:000BEBE0       ComCtrls.TCustomListView.DeleteSelected
 0001:000BAD18       ComCtrls.TCustomListView.Destroy
 0001:000BB21C       ComCtrls.TCustomListView.DestroyWnd
 0001:000BE060       ComCtrls.TCustomListView.DoAutoSize
 0001:000BD720       ComCtrls.TCustomListView.DoDragOver
 0001:000BD5BC       ComCtrls.TCustomListView.DoEndDrag
 0001:000BE93C       ComCtrls.TCustomListView.DoInfoTip
 0001:000BD4DC       ComCtrls.TCustomListView.DoStartDrag
 0001:000BE5B8       ComCtrls.TCustomListView.DrawItem
 0001:000BE674       ComCtrls.TCustomListView.DrawWorkAreas
 0001:000BD3C0       ComCtrls.TCustomListView.Edit
 0001:000BB620       ComCtrls.TCustomListView.EditWndProc
 0001:000BED28       ComCtrls.TCustomListView.GetActionLinkClass
 0001:000BDA44       ComCtrls.TCustomListView.GetColumnFromIndex
 0001:000BEA48       ComCtrls.TCustomListView.GetColumnFromTag
 0001:000BEC88       ComCtrls.TCustomListView.GetCount
 0001:000BD440       ComCtrls.TCustomListView.GetDragImages
 0001:000BDAD0       ComCtrls.TCustomListView.GetDropTarget
 0001:000BE998       ComCtrls.TCustomListView.GetHoverTime
 0001:000BDB3C       ComCtrls.TCustomListView.GetImageIndex
 0001:000BC1B0       ComCtrls.TCustomListView.GetItem
 0001:000BDC9C       ComCtrls.TCustomListView.GetItemAt
 0001:000BC01C       ComCtrls.TCustomListView.GetItemIndex
 0001:000BDC30       ComCtrls.TCustomListView.GetNearestItem
 0001:000BDB5C       ComCtrls.TCustomListView.GetNextItem
 0001:000BC2E4       ComCtrls.TCustomListView.GetSelCount
 0001:000BDA50       ComCtrls.TCustomListView.GetSelected
 0001:000BE630       ComCtrls.TCustomListView.GetSubItemImage
 0001:000BD858       ComCtrls.TCustomListView.GetTopItem
 0001:000BD83C       ComCtrls.TCustomListView.GetViewOrigin
 0001:000BB528       ComCtrls.TCustomListView.HeaderWndProc
 0001:000BB2F8       ComCtrls.TCustomListView.ImageListChange
 0001:000BD254       ComCtrls.TCustomListView.InsertItem
 0001:000BE360       ComCtrls.TCustomListView.IsCustomDrawn
 0001:000BEA00       ComCtrls.TCustomListView.MouseUp
 0001:000BB36C       ComCtrls.TCustomListView.Notification
 0001:000BC044       ComCtrls.TCustomListView.OwnerDataFetch
 0001:000BC06C       ComCtrls.TCustomListView.OwnerDataFind
 0001:000BC0B8       ComCtrls.TCustomListView.OwnerDataHint
 0001:000BC0E0       ComCtrls.TCustomListView.OwnerDataStateChange
 0001:000BB740       ComCtrls.TCustomListView.ResetExStyles
 0001:000BB848       ComCtrls.TCustomListView.RestoreChecks
 0001:000BB8D4       ComCtrls.TCustomListView.SaveChecks
 0001:000BEC94       ComCtrls.TCustomListView.SelectAll
 0001:000BBBD4       ComCtrls.TCustomListView.SetAllocBy
 0001:000BBAC4       ComCtrls.TCustomListView.SetBorderStyle
 0001:000BB958       ComCtrls.TCustomListView.SetCheckboxes
 0001:000BBAD8       ComCtrls.TCustomListView.SetColumnClick
 0001:000BBB48       ComCtrls.TCustomListView.SetColumnHeaders
 0001:000BDAF8       ComCtrls.TCustomListView.SetDropTarget
 0001:000BBA9C       ComCtrls.TCustomListView.SetFlatScrollBars
 0001:000BBAB0       ComCtrls.TCustomListView.SetFullDrag
 0001:000BB9F8       ComCtrls.TCustomListView.SetGridLines
 0001:000BBEF0       ComCtrls.TCustomListView.SetHideSelection
 0001:000BBA0C       ComCtrls.TCustomListView.SetHotTrack
 0001:000BBA20       ComCtrls.TCustomListView.SetHotTrackStyles
 0001:000BE95C       ComCtrls.TCustomListView.SetHoverTime
 0001:000BBF18       ComCtrls.TCustomListView.SetIconOptions
 0001:000BB2C8       ComCtrls.TCustomListView.SetImageList
 0001:000BBAEC       ComCtrls.TCustomListView.SetItemIndex
 0001:000BD7AC       ComCtrls.TCustomListView.SetItems
 0001:000BD898       ComCtrls.TCustomListView.SetLargeImages
 0001:000BD7B8       ComCtrls.TCustomListView.SetListColumns
 0001:000BBB34       ComCtrls.TCustomListView.SetMultiSelect
 0001:000BBA48       ComCtrls.TCustomListView.SetOwnerData
 0001:000BBA74       ComCtrls.TCustomListView.SetOwnerDraw
 0001:000BBF04       ComCtrls.TCustomListView.SetReadOnly
 0001:000BBA88       ComCtrls.TCustomListView.SetRowSelect
 0001:000BDA68       ComCtrls.TCustomListView.SetSelected
 0001:000BE804       ComCtrls.TCustomListView.SetShowWorkAreas
 0001:000BD90C       ComCtrls.TCustomListView.SetSmallImages
 0001:000BD800       ComCtrls.TCustomListView.SetSortType
 0001:000BD988       ComCtrls.TCustomListView.SetStateImages
 0001:000BBB88       ComCtrls.TCustomListView.SetTextBkColor
 0001:000BBB5C       ComCtrls.TCustomListView.SetTextColor
 0001:000BBF48       ComCtrls.TCustomListView.SetViewStyle
 0001:000BDD70       ComCtrls.TCustomListView.UpdateColumn
 0001:000BDD30       ComCtrls.TCustomListView.UpdateColumns
 0001:000BB720       ComCtrls.TCustomListView.UpdateItems
 0001:000BBEA4       ComCtrls.TCustomListView.ValidHeaderHandle
 0001:000BEA84       ComCtrls.TCustomListView.WMContextMenu
 0001:000BEB0C       ComCtrls.TCustomListView.WMCtlColorEdit
 0001:000BDEDC       ComCtrls.TCustomListView.WMLButtonDown
 0001:000BBC54       ComCtrls.TCustomListView.WMNotify
 0001:000BE7DC       ComCtrls.TCustomListView.WMPaint
 0001:000BBFCC       ComCtrls.TCustomListView.WMParentNotify
 0001:000BED94       ComCtrls.TCustomListView.WMVScroll
 0001:000BE1F4       ComCtrls.TCustomListView.WMWindowPosChanged
 0001:000BD45C       ComCtrls.TCustomListView.WndProc
 0001:000B7EE4       ComCtrls.TCustomRichEdit.Clear
 0001:000B8468       ComCtrls.TCustomRichEdit.CMBiDiModeChanged
 0001:000B8574       ComCtrls.TCustomRichEdit.CMColorChanged
 0001:000B8278       ComCtrls.TCustomRichEdit.CMFontChanged
 0001:000B8920       ComCtrls.TCustomRichEdit.CNNotify
 0001:000B7D58       ComCtrls.TCustomRichEdit.Create
 0001:000B7EFC       ComCtrls.TCustomRichEdit.CreateParams
 0001:000B7F88       ComCtrls.TCustomRichEdit.CreateWnd
 0001:000B7E88       ComCtrls.TCustomRichEdit.Destroy
 0001:000B80E0       ComCtrls.TCustomRichEdit.DestroyWnd
 0001:000B8288       ComCtrls.TCustomRichEdit.DoSetMaxLength
 0001:000B82A8       ComCtrls.TCustomRichEdit.GetCaretPos
 0001:000B855C       ComCtrls.TCustomRichEdit.GetPlainText
[...]
 0005:0000001C       GraphUtil.CachedShadowLum
 0005:00000020       GraphUtil.CachedShadowColor
 0005:00000024       GraphUtil.CachedShadow
 0005:00000028       GraphUtil.CachedColorValue
 0005:0000002C       GraphUtil.CachedLumValue
 0005:00000030       GraphUtil.CachedColorAdjustLuma
 0005:00000034       SysInit.TlsLast


Line numbers for UnitStdXmlForm(UnitStdXmlForm.pas) segment .text

    54 0001:000CC6C8    55 0001:000CC6CE    56 0001:000CC6D4    59 0001:000CC6D8
    60 0001:000CC704    62 0001:000CC714    63 0001:000CC74E    65 0001:000CC797
    66 0001:000CC7C6    68 0001:000CC7F8    74 0001:000CC8DC    75 0001:000CC900
    76 0001:000CC90D    77 0001:000CC94C    78 0001:000CC99D    79 0001:000CC9EE
    80 0001:000CC9F8    81 0001:000CCA05    82 0001:000CCA2C    83 0001:000CCA39
    84 0001:000CCA41    85 0001:000CCA4D    88 0001:000CCB1C    89 0001:000CCB1F
    90 0001:000CCB2B    93 0001:000CCB44    94 0001:000CCB47    95 0001:000CCB53
    98 0001:000CCB68    99 0001:000CCB6B   100 0001:000CCB72   103 0001:000CCB74
   104 0001:000CCB97   105 0001:000CCBA4   106 0001:000CCBBF   107 0001:000CCBED
   108 0001:000CCC26   109 0001:000CCCC0   110 0001:000CCCEB   111 0001:000CCCF9
   112 0001:000CCD0F   113 0001:000CCD16   116 0001:000CCDC4   117 0001:000CCDDF
   118 0001:000CCE14   119 0001:000CCE67   122 0001:000CCEA4   123 0001:000CCEBF
   124 0001:000CCEEE   125 0001:000CCF3B   128 0001:000CCF78   129 0001:000CCF95
   131 0001:000CCF97   133 0001:000CCFA0   134 0001:000CCFFB   136 0001:000CCFFD
   140 0001:000CD048   141 0001:000CD04F   144 0001:000CD050   145 0001:000CD06A
   146 0001:000CD07A   147 0001:000CD0A8   148 0001:000CD0B2   149 0001:000CD0B9
   152 0001:000CD0DC   153 0001:000CD0E2   154 0001:000CD0EF   156 0001:000CD120

Line numbers for UFtpClient(UFtpClient.pas) segment .text

    79 0001:000CD1A0    80 0001:000CD1CE    81 0001:000CD1DF    82 0001:000CD1ED
    83 0001:000CD1FE    84 0001:000CD20C    85 0001:000CD218    86 0001:000CD220
    87 0001:000CD227    88 0001:000CD229    90 0001:000CD22D    94 0001:000CD299
    97 0001:000CD29F   100 0001:000CD2A5   102 0001:000CD2AB   105 0001:000CD2BC
   107 0001:000CD2C9   119 0001:000CD310   120 0001:000CD351   121 0001:000CD355
   122 0001:000CD367   123 0001:000CD36B   124 0001:000CD36D   125 0001:000CD388
   126 0001:000CD39C   127 0001:000CD3AA   129 0001:000CD3B8   130 0001:000CD3CF
   131 0001:000CD3DC   137 0001:000CD3EC   140 0001:000CD3F4   141 0001:000CD404
   142 0001:000CD413   145 0001:000CD423   146 0001:000CD42B   147 0001:000CD460
   149 0001:000CD473   143 0001:000CD475   151 0001:000CD499   153 0001:000CD49D
   154 0001:000CD4AB   157 0001:000CD4EB   158 0001:000CD4F5   160 0001:000CD545
   161 0001:000CD54F   162 0001:000CD58D   163 0001:000CD595   168 0001:000CD5A3
   169 0001:000CD5B4   170 0001:000CD5C2   171 0001:000CD5D5   172 0001:000CD5DF
   174 0001:000CD62C   175 0001:000CD636   176 0001:000CD674   180 0001:000CD68A
   182 0001:000CD69A   215 0001:000CD784   216 0001:000CD78D   217 0001:000CD78F
   219 0001:000CD797   221 0001:000CD79D   223 0001:000CD7AD   224 0001:000CD7BB
   225 0001:000CD7CB   226 0001:000CD7DB   227 0001:000CD7E9   228 0001:000CD7F7
   229 0001:000CD801   230 0001:000CD80D   231 0001:000CD818   233 0001:000CD829
   235 0001:000CD82B   239 0001:000CD83D   242 0001:000CD83F   247 0001:000CD848
   249 0001:000CD852   250 0001:000CD860   251 0001:000CD86C   253 0001:000CD87C
   256 0001:000CD883   262 0001:000CD8AB   265 0001:000CD8C3   270 0001:000CD8EC
   271 0001:000CD8EF   272 0001:000CD8F3   277 0001:000CD8F8   278 0001:000CD8FC
   282 0001:000CD900   283 0001:000CD917   284 0001:000CD92A   286 0001:000CD92C
   287 0001:000CD936   288 0001:000CD940   290 0001:000CD94A   292 0001:000CD958
   296 0001:000CD978   297 0001:000CD991   298 0001:000CD993   300 0001:000CD9A4
   303 0001:000CD9C4   305 0001:000CDA03   310 0001:000CDA07   312 0001:000CDA46
   316 0001:000CDA4A   319 0001:000CDA4C   322 0001:000CDAC8   323 0001:000CDAD3
   324 0001:000CDAEB   325 0001:000CDAF3   326 0001:000CDAFB   327 0001:000CDB06
   328 0001:000CDB12   330 0001:000CDB4E

Line numbers for FtpClient(FtpClient.pas) segment .text

   245 0001:000CE5F0   246 0001:000CE624   248 0001:000CE63F   251 0001:000CE683
   252 0001:000CE6A1   253 0001:000CE6AF   254 0001:000CE6BB   255 0001:000CE6D3
   256 0001:000CE6DA   258 0001:000CE6E1   259 0001:000CE6F2   260 0001:000CE6FB
   261 0001:000CE70C   263 0001:000CE715   264 0001:000CE71C   266 0001:000CE721
   267 0001:000CE736   268 0001:000CE74C   270 0001:000CE758   276 0001:000CE7F8
   277 0001:000CE81C   278 0001:000CE820   279 0001:000CE82A   280 0001:000CE839
   282 0001:000CE847   284 0001:000CE867   285 0001:000CE87D   286 0001:000CE885
   288 0001:000CE891   289 0001:000CE89E   290 0001:000CE8A6   291 0001:000CE8AA
   296 0001:000CE924   297 0001:000CE947   298 0001:000CE949   302 0001:000CE951
   304 0001:000CE95D   305 0001:000CE96B   307 0001:000CE976   309 0001:000CE986
   310 0001:000CE994   311 0001:000CE9B2   312 0001:000CE9D0   313 0001:000CE9EC
   314 0001:000CEA0F   315 0001:000CEA19   316 0001:000CEA24   317 0001:000CEA26
   320 0001:000CEA4B   321 0001:000CEA56   322 0001:000CEA6C   326 0001:000CEA75
   329 0001:000CEA8B   335 0001:000CEB10   336 0001:000CEB13   338 0001:000CEB25
   339 0001:000CEB35   340 0001:000CEB45   344 0001:000CEB57   345 0001:000CEB67
   346 0001:000CEB77   348 0001:000CEB87   351 0001:000CEBD4   352 0001:000CEBEC
   353 0001:000CEC1A   360 0001:000CEC44   361 0001:000CEC70   362 0001:000CEC79
   363 0001:000CEC7B   364 0001:000CEC7D   365 0001:000CEC87   366 0001:000CECB8
   367 0001:000CECBD   368 0001:000CECCC   370 0001:000CECCE   371 0001:000CECEC
   372 0001:000CED06   373 0001:000CED0F   363 0001:000CED10   374 0001:000CED19
   375 0001:000CED24   381 0001:000CED6C   382 0001:000CED9F   383 0001:000CEDAE
   384 0001:000CEDBA   386 0001:000CEDD0   387 0001:000CEDE7   389 0001:000CEDF5
   390 0001:000CEE27   391 0001:000CEE3B   393 0001:000CEE41   394 0001:000CEE52
   395 0001:000CEE65   396 0001:000CEE72   398 0001:000CEE87   400 0001:000CEEA7
   402 0001:000CEEB7   408 0001:000CEEEC   409 0001:000CEF06   411 0001:000CEF19
   412 0001:000CEF26   413 0001:000CEF33   414 0001:000CEF44   416 0001:000CEF58
   417 0001:000CEF6C   419 0001:000CEF73   423 0001:000CF01C   424 0001:000CF032
   425 0001:000CF059   426 0001:000CF060   431 0001:000CF0B8   432 0001:000CF0D2
   433 0001:000CF0E7   434 0001:000CF0FA   436 0001:000CF11A   437 0001:000CF131
   439 0001:000CF137   440 0001:000CF169   441 0001:000CF179   444 0001:000CF182
   452 0001:000CF1DC   454 0001:000CF1F8   456 0001:000CF20B   457 0001:000CF218
   458 0001:000CF225   459 0001:000CF248   460 0001:000CF26B   462 0001:000CF272
   467 0001:000CF31C   468 0001:000CF31F   469 0001:000CF326   471 0001:000CF337
   472 0001:000CF34F   476 0001:000CF35E   485 0001:000CF37C   486 0001:000CF39F
   487 0001:000CF3A8   489 0001:000CF3CA   490 0001:000CF3F8   491 0001:000CF427
   493 0001:000CF455   494 0001:000CF45B   495 0001:000CF477   496 0001:000CF480
   497 0001:000CF48C   498 0001:000CF498   500 0001:000CF4A5   501 0001:000CF4AE
   504 0001:000CF4B5   510 0001:000CF564   511 0001:000CF58B   513 0001:000CF592
   515 0001:000CF59A   516 0001:000CF5A2   518 0001:000CF5A6   519 0001:000CF5A9
   521 0001:000CF5B6   527 0001:000CF5E4   533 0001:000CF610   516 0001:000CF619
   537 0001:000CF61D   538 0001:000CF62D   540 0001:000CF638   541 0001:000CF652
   543 0001:000CF684   548 0001:000CF714   551 0001:000CF71D   552 0001:000CF72A
   562 0001:000CF72C   564 0001:000CF74F   565 0001:000CF764   566 0001:000CF77B
   571 0001:000CF785   572 0001:000CF78E   574 0001:000CF7B0   581 0001:000CF7DE
   582 0001:000CF80A   583 0001:000CF836   584 0001:000CF862   585 0001:000CF88E
   586 0001:000CF8BA   587 0001:000CF8E6   592 0001:000CF91B   594 0001:000CF939
   596 0001:000CF946   597 0001:000CF95D   598 0001:000CF966   599 0001:000CF972
   600 0001:000CF97E   601 0001:000CF98B   604 0001:000CF999   605 0001:000CF9A2
   606 0001:000CF9A9   614 0001:000CFA98   616 0001:000CFAA7   619 0001:000CFAD2
   620 0001:000CFAD9   621 0001:000CFADF   622 0001:000CFAE6   623 0001:000CFAFC
   616 0001:000CFB19   624 0001:000CFB32   625 0001:000CFB4A   633 0001:000CFB54
   634 0001:000CFB60   636 0001:000CFB6B   637 0001:000CFB74   639 0001:000CFB78
   640 0001:000CFB80   641 0001:000CFB87   642 0001:000CFB8F   643 0001:000CFBA7
   644 0001:000CFBC4   637 0001:000CFBCD   647 0001:000CFBD1   654 0001:000CFBDC
   655 0001:000CFBE9   658 0001:000CFBEC   660 0001:000CFBEF   661 0001:000CFBF6
   663 0001:000CFC03   668 0001:000CFC08   669 0001:000CFC15   679 0001:000CFC18
   682 0001:000CFC1B   684 0001:000CFC2F   685 0001:000CFC38   687 0001:000CFC4E
   696 0001:000CFC50   697 0001:000CFC67   698 0001:000CFC70   699 0001:000CFC7A
   700 0001:000CFCAC   701 0001:000CFCB7   710 0001:000CFCEC   711 0001:000CFD21
   712 0001:000CFD29   713 0001:000CFD48   715 0001:000CFD6E   716 0001:000CFD99
   717 0001:000CFDDF   718 0001:000CFE08   719 0001:000CFE11   720 0001:000CFE1D
   721 0001:000CFE29   722 0001:000CFE36   713 0001:000CFE39   724 0001:000CFE40
   725 0001:000CFE5F   727 0001:000CFE85   728 0001:000CFEB0   729 0001:000CFED9
   730 0001:000CFEF3   732 0001:000CFF0C   734 0001:000CFF62   735 0001:000CFFAE
   736 0001:000CFFDD   737 0001:000CFFE6   738 0001:000CFFF2   739 0001:000CFFFE
   725 0001:000D0001   742 0001:000D0008   757 0001:000D0158   770 0001:000D015C
   771 0001:000D0180   773 0001:000D01CA   774 0001:000D01E0   778 0001:000D01E5
   780 0001:000D01F0   781 0001:000D0206   784 0001:000D020B   785 0001:000D021A
   786 0001:000D0228   788 0001:000D025C   790 0001:000D027C   792 0001:000D02A6
   795 0001:000D02F8   788 0001:000D02FB   796 0001:000D0304   799 0001:000D030F
   800 0001:000D0323   801 0001:000D033A   802 0001:000D034E   805 0001:000D0365
   808 0001:000D0375   809 0001:000D0391   808 0001:000D03C7   813 0001:000D03CC
   817 0001:000D03FD   819 0001:000D0416   821 0001:000D044C   822 0001:000D045C
   823 0001:000D046C   824 0001:000D047D   825 0001:000D0487   826 0001:000D04CA
   828 0001:000D04EA   829 0001:000D04F8   830 0001:000D0517   833 0001:000D0561
   835 0001:000D056E   826 0001:000D0571   839 0001:000D057F   841 0001:000D059F
   845 0001:000D05CD   846 0001:000D05DB   848 0001:000D05F8   849 0001:000D0606
   853 0001:000D0628   854 0001:000D0655   855 0001:000D0658   857 0001:000D06BC
   859 0001:000D071E   863 0001:000D0793   866 0001:000D07A0   839 0001:000D07A3
   869 0001:000D07AC   875 0001:000D0A28   876 0001:000D0A50   877 0001:000D0A54
   879 0001:000D0A69   881 0001:000D0ACA   885 0001:000D0B14   886 0001:000D0B39
   888 0001:000D0B3F   889 0001:000D0B48   892 0001:000D0B4D   893 0001:000D0B56
   895 0001:000D0B5A   896 0001:000D0B68   898 0001:000D0B92   903 0001:000D0BA3
   904 0001:000D0BAE   906 0001:000D0BB3   907 0001:000D0BEE   908 0001:000D0C29
   909 0001:000D0C64   910 0001:000D0C9F   911 0001:000D0CDA   912 0001:000D0D15
   913 0001:000D0D55   914 0001:000D0D62   918 0001:000D0E74   920 0001:000D0E98
   922 0001:000D0EA0   923 0001:000D0EAA   924 0001:000D0EE8   925 0001:000D0F26
   926 0001:000D0F64   927 0001:000D0FA2   928 0001:000D0FDF   929 0001:000D101D
   931 0001:000D1067   933 0001:000D1085   940 0001:000D1198   941 0001:000D119E
   942 0001:000D11A9   945 0001:000D11BD   950 0001:000D11C0   951 0001:000D11C7
   952 0001:000D11E5   957 0001:000D11EC   958 0001:000D11F2   959 0001:000D11F6
   961 0001:000D1205   962 0001:000D120D   963 0001:000D1214   964 0001:000D1238
   966 0001:000D1244   969 0001:000D1250   971 0001:000D1256   973 0001:000D125A
   974 0001:000D1267   975 0001:000D1274   976 0001:000D1281   977 0001:000D128E
   978 0001:000D129B   979 0001:000D12A8   981 0001:000D12B8   983 0001:000D12C5
   984 0001:000D12DA   985 0001:000D12EF   986 0001:000D1304   987 0001:000D1319
   988 0001:000D132E   989 0001:000D1343   996 0001:000D1358  1000 0001:000D136F
  1001 0001:000D137C  1002 0001:000D1389  1003 0001:000D1396  1004 0001:000D13A3
  1005 0001:000D13B0  1006 0001:000D13BD  1014 0001:000D13CA  1018 0001:000D13D7
  1020 0001:000D13E4  1028 0001:000D13E8  1029 0001:000D13EF  1031 0001:000D140D
  1034 0001:000D1416  1035 0001:000D141C  1036 0001:000D143C  1037 0001:000D1450
  1039 0001:000D1454  1040 0001:000D145F  1041 0001:000D146A  1043 0001:000D1479
  1044 0001:000D1488  1045 0001:000D1493  1046 0001:000D149E  1048 0001:000D14A9
  1049 0001:000D14B2  1053 0001:000D14D3  1055 0001:000D14DC  1066 0001:000D14E4
  1067 0001:000D150C  1068 0001:000D1520  1070 0001:000D152A  1071 0001:000D1537
  1073 0001:000D1541  1075 0001:000D154F  1076 0001:000D1562  1078 0001:000D156C
  1079 0001:000D157B  1081 0001:000D1591  1082 0001:000D15AA  1079 0001:000D15AB
  1083 0001:000D15B0  1085 0001:000D15C7  1086 0001:000D15DD  1087 0001:000D160F
  1088 0001:000D162A  1089 0001:000D163E  1083 0001:000D163F  1090 0001:000D1644
  1091 0001:000D164C  1094 0001:000D1655  1103 0001:000D169C  1104 0001:000D16A4
  1105 0001:000D16AA  1106 0001:000D16BD  1112 0001:000D16E4  1113 0001:000D16EA
  1115 0001:000D16FF  1117 0001:000D1715  1118 0001:000D171B  1120 0001:000D171D
  1113 0001:000D171E  1121 0001:000D1721  1127 0001:000D1728  1128 0001:000D1751
  1129 0001:000D1765  1131 0001:000D1771  1132 0001:000D178D  1134 0001:000D17B9
  1135 0001:000D17C2  1140 0001:000D1828  1141 0001:000D182B  1142 0001:000D1835
  1149 0001:000D183C  1150 0001:000D185A  1152 0001:000D186D  1153 0001:000D1880
  1155 0001:000D1899  1156 0001:000D18C4  1158 0001:000D18CE  1159 0001:000D18E1
  1161 0001:000D18F4  1162 0001:000D190E  1163 0001:000D192D  1164 0001:000D194C
  1165 0001:000D1969  1168 0001:000D196B  1173 0001:000D1988  1176 0001:000D19F4
  1177 0001:000D1A0A  1178 0001:000D1A26  1212 0001:000D1A48  1217 0001:000D1A4C
  1218 0001:000D1A55  1219 0001:000D1A5C  1220 0001:000D1A67  1228 0001:000D1A70
  1229 0001:000D1A9D  1230 0001:000D1AB0  1231 0001:000D1AC4  1232 0001:000D1ACE
  1233 0001:000D1ADC  1234 0001:000D1AF0  1235 0001:000D1B01  1236 0001:000D1B11
  1237 0001:000D1B29  1239 0001:000D1B3D  1240 0001:000D1B54  1241 0001:000D1B7C
  1237 0001:000D1B7D  1243 0001:000D1B8D  1245 0001:000D1BA9  1251 0001:000D1BDC
  1252 0001:000D1BF7  1253 0001:000D1C06  1255 0001:000D1C1B  1256 0001:000D1C46
  1258 0001:000D1C4C  1259 0001:000D1C5A  1262 0001:000D1C74  1264 0001:000D1C82
  1266 0001:000D1CB4  1267 0001:000D1CB7  1268 0001:000D1CCB  1269 0001:000D1CD4
  1277 0001:000D1CD8  1278 0001:000D1CF6  1279 0001:000D1D09  1280 0001:000D1D37
  1281 0001:000D1D4A  1282 0001:000D1D56  1284 0001:000D1D69  1285 0001:000D1D77
  1286 0001:000D1D83  1288 0001:000D1D99  1289 0001:000D1DB0  1290 0001:000D1DBE
  1292 0001:000D1DC8  1293 0001:000D1DFC  1294 0001:000D1E10  1295 0001:000D1E21
  1298 0001:000D1E4F  1300 0001:000D1E63  1304 0001:000D1E73  1313 0001:000D1EB0
  1314 0001:000D1EBD  1319 0001:000D1EC0  1320 0001:000D1EC3  1321 0001:000D1ED2
  1322 0001:000D1EEB  1323 0001:000D1EF7  1325 0001:000D1F01  1335 0001:000D1F44
  1336 0001:000D1F64  1338 0001:000D1F71  1339 0001:000D1F83  1340 0001:000D1FAD
  1341 0001:000D1FD7  1342 0001:000D2006  1343 0001:000D2030  1344 0001:000D2077
  1348 0001:000D2090  1356 0001:000D2118  1358 0001:000D2124  1359 0001:000D2132
  1361 0001:000D2163  1362 0001:000D216D  1363 0001:000D2174  1364 0001:000D217A
  1365 0001:000D219D  1366 0001:000D21A8  1367 0001:000D21AE  1368 0001:000D21BD
  1359 0001:000D21CD  1369 0001:000D21E6  1370 0001:000D21FE  1371 0001:000D220A
  1378 0001:000D2214  1379 0001:000D2220  1381 0001:000D2251  1382 0001:000D2258
  1383 0001:000D225E  1384 0001:000D2281  1385 0001:000D2290  1379 0001:000D2298
  1386 0001:000D22B1  1387 0001:000D22C9  1391 0001:000D22D0  1392 0001:000D22D7
  1394 0001:000D22F7  1399 0001:000D2300  1400 0001:000D2303  1401 0001:000D230A
  1407 0001:000D2310  1408 0001:000D2317  1412 0001:000D2318  1413 0001:000D234D
  1414 0001:000D235E  1415 0001:000D239C  1417 0001:000D23AD  1421 0001:000D23E4
  1422 0001:000D23FD  1424 0001:000D2408  1428 0001:000D2412  1432 0001:000D2448
  1433 0001:000D244E  1434 0001:000D246E  1436 0001:000D2473  1437 0001:000D2486
  1438 0001:000D249A  1439 0001:000D24AD  1441 0001:000D24C0  1445 0001:000D24C7
  1451 0001:000D24FC  1452 0001:000D251B  1453 0001:000D2554  1455 0001:000D2564
  1456 0001:000D2575  1457 0001:000D2583  1458 0001:000D258D  1459 0001:000D259E
  1460 0001:000D25A9  1461 0001:000D25B4  1462 0001:000D25BC  1464 0001:000D25DA
  1468 0001:000D25EA  1469 0001:000D25FE  1475 0001:000D2660  1476 0001:000D2663
  1477 0001:000D267B  1478 0001:000D2688  1479 0001:000D2699  1480 0001:000D26AA
  1481 0001:000D26BB  1482 0001:000D26CD  1483 0001:000D26DC  1484 0001:000D26F5
  1485 0001:000D2702  1486 0001:000D270F  1487 0001:000D2718  1488 0001:000D2721
  1489 0001:000D2728  1490 0001:000D2735  1491 0001:000D2742  1496 0001:000D2754
  1497 0001:000D275C  1498 0001:000D276A  1499 0001:000D2781  1500 0001:000D2795
  1504 0001:000D27BC  1507 0001:000D27CB  1529 0001:000D27E8  1531 0001:000D2816
  1532 0001:000D282F  1533 0001:000D2843  1535 0001:000D2851  1536 0001:000D286B
  1537 0001:000D2878  1538 0001:000D288C  1542 0001:000D2896  1543 0001:000D28A6
  1544 0001:000D28B5  1547 0001:000D28C5  1548 0001:000D28CD  1549 0001:000D2902
  1550 0001:000D2915  1545 0001:000D292F  1553 0001:000D2968  1558 0001:000D2978
  1559 0001:000D298C  1562 0001:000D29AC  1565 0001:000D29BC  1569 0001:000D29F8
  1573 0001:000D2A1D  1574 0001:000D2A2F  1575 0001:000D2A3D  1576 0001:000D2A59
  1577 0001:000D2A75  1578 0001:000D2A91  1579 0001:000D2AB3  1580 0001:000D2ABC
  1581 0001:000D2AC8  1582 0001:000D2AD2  1583 0001:000D2AD4  1585 0001:000D2ADA
  1586 0001:000D2AF0  1589 0001:000D2B06  1590 0001:000D2B0C  1591 0001:000D2B22
  1594 0001:000D2B29  1599 0001:000D2B9C  1600 0001:000D2B9F  1603 0001:000D2BA8
  1604 0001:000D2BB4  1605 0001:000D2BBA  1606 0001:000D2BC7  1607 0001:000D2BDC
  1608 0001:000D2BE3  1609 0001:000D2BEA  1610 0001:000D2BF9  1611 0001:000D2C00
  1612 0001:000D2C08  1613 0001:000D2C14  1615 0001:000D2C20  1621 0001:000D2CA4
  1622 0001:000D2CC9  1623 0001:000D2CD7  1624 0001:000D2CEE  1625 0001:000D2D15
  1626 0001:000D2D1E  1631 0001:000D2D44  1632 0001:000D2D49  1635 0001:000D2D52
  1636 0001:000D2D5E  1637 0001:000D2D64  1638 0001:000D2D71  1639 0001:000D2D86
  1640 0001:000D2D8D  1641 0001:000D2D94  1642 0001:000D2DA3  1643 0001:000D2DAA
  1644 0001:000D2DB2  1645 0001:000D2DBE  1650 0001:000D2DCC  1652 0001:000D2DE7
  1656 0001:000D2E6C  1658 0001:000D2EA3  1659 0001:000D2EAE  1660 0001:000D2EB9
  1661 0001:000D2EC4  1662 0001:000D2ECD  1667 0001:000D2F10  1672 0001:000D2F37
  1673 0001:000D2F3D  1675 0001:000D2F4A  1677 0001:000D2F57  1678 0001:000D2F61
  1680 0001:000D2FA4  1681 0001:000D2FC0  1683 0001:000D2FD2  1684 0001:000D2FE0
  1689 0001:000D3050  1690 0001:000D3054  1692 0001:000D305F  1703 0001:000D3060
  1706 0001:000D3081  1707 0001:000D3090  1708 0001:000D309E  1709 0001:000D30B1
  1710 0001:000D30E6  1711 0001:000D30F6  1712 0001:000D3123  1713 0001:000D3150
  1714 0001:000D317D  1715 0001:000D31C5  1716 0001:000D31F8  1717 0001:000D3206
  1718 0001:000D3238  1720 0001:000D3240  1721 0001:000D3250  1724 0001:000D32CD
  1728 0001:000D3355  1730 0001:000D3365  1736 0001:000D34EE

Line numbers for PFtpClient(D:\mine\百度网盘\我的文档\work\program\521g\tcgp\trunk\ZhanJiangII\tools\FtpClient\PFtpClient.dpr) segment .itext

    11 0002:00000AF4    12 0002:00000B04    13 0002:00000B10    14 0002:00000B21
    15 0002:00000B39    16 0002:00000B45

Bound resource files

c:\program files\borland\bds\4.0\lib\Controls.res
c:\program files\borland\bds\4.0\lib\WindowsXP.res
c:\program files\borland\bds\4.0\lib\Buttons.res
c:\program files\borland\bds\4.0\lib\ExtDlgs.res
FtpClient.dfm
PFtpClient.res
PFtpClient.drf


Program entry point at 0002:00000AF4
